Component: ARM Compiler 5.06 update 3 (build 300) Tool: armlink [4d35c9]

==============================================================================

Section Cross References

    stm32f10x.o(RESET) refers to stm32f10x.o(STACK) for __initial_sp
    stm32f10x.o(RESET) refers to stm32f10x.o(.text) for Reset_Handler
    stm32f10x.o(RESET) refers to port.o(.emb_text) for vPortSVCHandler
    stm32f10x.o(RESET) refers to port.o(.text) for xPortSysTickHandler
    stm32f10x.o(.text) refers to entry.o(.ARM.Collect$$$$00000000) for __main
    system_stm32f10x_cl.o(.text) refers to dflti.o(.text) for __aeabi_i2d
    system_stm32f10x_cl.o(.text) refers to dmul.o(.text) for __aeabi_dmul
    system_stm32f10x_cl.o(.text) refers to dfixui.o(.text) for __aeabi_d2uiz
    system_stm32f10x_cl.o(.text) refers to system_stm32f10x_cl.o(.data) for .data
    stm32f10x_gpio.o(.text) refers to stm32f10x_rcc.o(.text) for RCC_APB2PeriphResetCmd
    stm32f10x_rcc.o(.text) refers to stm32f10x_rcc.o(.data) for .data
    stm3210c_eval_ioe.o(.text) refers to stm32f10x_i2c.o(.text) for I2C_Init
    stm3210c_eval_ioe.o(.text) refers to stm3210c_eval_ioe.o(.data) for .data
    stm3210c_eval_ioe.o(.text) refers to stm32f10x_rcc.o(.text) for RCC_APB1PeriphClockCmd
    stm3210c_eval_ioe.o(.text) refers to stm32f10x_gpio.o(.text) for GPIO_Init
    stm3210c_eval_ioe.o(.text) refers to stm32f10x_exti.o(.text) for EXTI_Init
    stm3210c_eval_ioe.o(.text) refers to misc.o(.text) for NVIC_Init
    stm32f10x_i2c.o(.text) refers to stm32f10x_rcc.o(.text) for RCC_APB1PeriphResetCmd
    glcd.o(.text) refers to glcd.o(.data) for .data
    stm32f10x_tim.o(.text) refers to stm32f10x_rcc.o(.text) for RCC_APB2PeriphResetCmd
    setup.o(.text) refers to system_stm32f10x_cl.o(.text) for SystemInit
    setup.o(.text) refers to printf3.o(i.__0printf$3) for __2printf
    setup.o(.text) refers to system_stm32f10x_cl.o(.data) for SystemFrequency
    main.o(.text) refers to glcd.o(.text) for GLCD_bitmap
    main.o(.text) refers to queue.o(.text) for xQueueCreateMutex
    main.o(.text) refers to tasks.o(.text) for vTaskDelay
    main.o(.text) refers to memcpya.o(.text) for __aeabi_memcpy4
    main.o(.text) refers to stm32f10x_gpio.o(.text) for GPIO_Init
    main.o(.text) refers to stm32f10x_rcc.o(.text) for RCC_APB1PeriphClockCmd
    main.o(.text) refers to stm32f10x_tim.o(.text) for TIM_DeInit
    main.o(.text) refers to printf3.o(i.__0printf$3) for __2printf
    main.o(.text) refers to stm3210c_eval_ioe.o(.text) for IOE_TS_GetState
    main.o(.text) refers to setup.o(.text) for prvSetupHardware
    main.o(.text) refers to main.o(.constdata) for .constdata
    main.o(.text) refers to main.o(.data) for .data
    main.o(.text) refers to main.o(.bss) for .bss
    heap_2.o(.text) refers to tasks.o(.text) for vTaskSuspendAll
    heap_2.o(.text) refers to heap_2.o(.data) for .data
    heap_2.o(.text) refers to heap_2.o(.bss) for .bss
    port.o(.emb_text) refers to tasks.o(.text) for vTaskSwitchContext
    port.o(.emb_text) refers to tasks.o(.data) for pxCurrentTCB
    port.o(.text) refers to port.o(.emb_text) for vPortStartFirstTask
    port.o(.text) refers to tasks.o(.text) for vTaskIncrementTick
    port.o(.text) refers to port.o(.data) for .data
    queue.o(.text) refers to heap_2.o(.text) for pvPortMalloc
    queue.o(.text) refers to list.o(.text) for vListInitialise
    queue.o(.text) refers to port.o(.text) for vPortEnterCritical
    queue.o(.text) refers to tasks.o(.text) for xTaskRemoveFromEventList
    queue.o(.text) refers to memcpya.o(.text) for __aeabi_memcpy
    queue.o(.text) refers to port.o(.emb_text) for vPortSetInterruptMask
    tasks.o(.text) refers to list.o(.text) for vListInitialise
    tasks.o(.text) refers to strncpy.o(.text) for strncpy
    tasks.o(.text) refers to heap_2.o(.text) for pvPortMalloc
    tasks.o(.text) refers to memseta.o(.text) for __aeabi_memset
    tasks.o(.text) refers to port.o(.text) for pxPortInitialiseStack
    tasks.o(.text) refers to tasks.o(.bss) for .bss
    tasks.o(.text) refers to tasks.o(.data) for .data
    tasks.o(.text) refers to port.o(.emb_text) for vPortSetInterruptMask
    entry.o(.ARM.Collect$$$$00000000) refers (Special) to entry10a.o(.ARM.Collect$$$$0000000D) for __rt_final_cpp
    entry.o(.ARM.Collect$$$$00000000) refers (Special) to entry11a.o(.ARM.Collect$$$$0000000F) for __rt_final_exit
    entry.o(.ARM.Collect$$$$00000000) refers (Special) to entry7b.o(.ARM.Collect$$$$00000008) for _main_clock
    entry.o(.ARM.Collect$$$$00000000) refers (Special) to entry8b.o(.ARM.Collect$$$$0000000A) for _main_cpp_init
    entry.o(.ARM.Collect$$$$00000000) refers (Special) to entry9a.o(.ARM.Collect$$$$0000000B) for _main_init
    entry.o(.ARM.Collect$$$$00000000) refers (Special) to entry5.o(.ARM.Collect$$$$00000004) for _main_scatterload
    entry.o(.ARM.Collect$$$$00000000) refers (Special) to entry2.o(.ARM.Collect$$$$00000001) for _main_stk
[...]
    printfb.o(i.__0vprintf$bare) refers to printfb.o(i._printf_core) for _printf_core
    printfb.o(i.__0vprintf$bare) refers to main.o(.text) for fputc
    printfb.o(i.__0vprintf$bare) refers to stdout.o(.data) for __stdout
    printfb.o(i.__0vsnprintf$bare) refers to printfb.o(i._printf_core) for _printf_core
    printfb.o(i.__0vsnprintf$bare) refers to printfb.o(i._snputc) for _snputc
    printfb.o(i.__0vsprintf$bare) refers to printfb.o(i._printf_core) for _printf_core
    printfb.o(i.__0vsprintf$bare) refers to printfb.o(i._sputc) for _sputc
    printf0.o(i.__0fprintf$0) refers to printf0.o(i._printf_core) for _printf_core
    printf0.o(i.__0fprintf$0) refers to main.o(.text) for fputc
    printf0.o(i.__0printf$0) refers to printf0.o(i._printf_core) for _printf_core
    printf0.o(i.__0printf$0) refers to main.o(.text) for fputc
    printf0.o(i.__0printf$0) refers to stdout.o(.data) for __stdout
    printf0.o(i.__0snprintf$0) refers to printf0.o(i._printf_core) for _printf_core
    printf0.o(i.__0snprintf$0) refers to printf0.o(i._snputc) for _snputc
    printf0.o(i.__0sprintf$0) refers to printf0.o(i._printf_core) for _printf_core
    printf0.o(i.__0sprintf$0) refers to printf0.o(i._sputc) for _sputc
    printf0.o(i.__0vfprintf$0) refers to printf0.o(i._printf_core) for _printf_core
    printf0.o(i.__0vfprintf$0) refers to main.o(.text) for fputc
    printf0.o(i.__0vprintf$0) refers to printf0.o(i._printf_core) for _printf_core
    printf0.o(i.__0vprintf$0) refers to main.o(.text) for fputc
    printf0.o(i.__0vprintf$0) refers to stdout.o(.data) for __stdout
    printf0.o(i.__0vsnprintf$0) refers to printf0.o(i._printf_core) for _printf_core
    printf0.o(i.__0vsnprintf$0) refers to printf0.o(i._snputc) for _snputc
    printf0.o(i.__0vsprintf$0) refers to printf0.o(i._printf_core) for _printf_core
    printf0.o(i.__0vsprintf$0) refers to printf0.o(i._sputc) for _sputc
    printf1.o(i.__0fprintf$1) refers to printf1.o(i._printf_core) for _printf_core
    printf1.o(i.__0fprintf$1) refers to main.o(.text) for fputc
    printf1.o(i.__0printf$1) refers to printf1.o(i._printf_core) for _printf_core
    printf1.o(i.__0printf$1) refers to main.o(.text) for fputc
    printf1.o(i.__0printf$1) refers to stdout.o(.data) for __stdout
    printf1.o(i.__0snprintf$1) refers to printf1.o(i._printf_core) for _printf_core
    printf1.o(i.__0snprintf$1) refers to printf1.o(i._snputc) for _snputc
    printf1.o(i.__0sprintf$1) refers to printf1.o(i._printf_core) for _printf_core
    printf1.o(i.__0sprintf$1) refers to printf1.o(i._sputc) for _sputc
    printf1.o(i.__0vfprintf$1) refers to printf1.o(i._printf_core) for _printf_core
    printf1.o(i.__0vfprintf$1) refers to main.o(.text) for fputc
    printf1.o(i.__0vprintf$1) refers to printf1.o(i._printf_core) for _printf_core
    printf1.o(i.__0vprintf$1) refers to main.o(.text) for fputc
    printf1.o(i.__0vprintf$1) refers to stdout.o(.data) for __stdout
    printf1.o(i.__0vsnprintf$1) refers to printf1.o(i._printf_core) for _printf_core
    printf1.o(i.__0vsnprintf$1) refers to printf1.o(i._snputc) for _snputc
    printf1.o(i.__0vsprintf$1) refers to printf1.o(i._printf_core) for _printf_core
    printf1.o(i.__0vsprintf$1) refers to printf1.o(i._sputc) for _sputc
    printf1.o(i._printf_core) refers to uidiv.o(.text) for __aeabi_uidivmod
    printf2.o(i.__0fprintf$2) refers to printf2.o(i._printf_core) for _printf_core
    printf2.o(i.__0fprintf$2) refers to main.o(.text) for fputc
    printf2.o(i.__0printf$2) refers to printf2.o(i._printf_core) for _printf_core
    printf2.o(i.__0printf$2) refers to main.o(.text) for fputc
    printf2.o(i.__0printf$2) refers to stdout.o(.data) for __stdout
    printf2.o(i.__0snprintf$2) refers to printf2.o(i._printf_core) for _printf_core
    printf2.o(i.__0snprintf$2) refers to printf2.o(i._snputc) for _snputc
    printf2.o(i.__0sprintf$2) refers to printf2.o(i._printf_core) for _printf_core
    printf2.o(i.__0sprintf$2) refers to printf2.o(i._sputc) for _sputc
    printf2.o(i.__0vfprintf$2) refers to printf2.o(i._printf_core) for _printf_core
    printf2.o(i.__0vfprintf$2) refers to main.o(.text) for fputc
    printf2.o(i.__0vprintf$2) refers to printf2.o(i._printf_core) for _printf_core
    printf2.o(i.__0vprintf$2) refers to main.o(.text) for fputc
    printf2.o(i.__0vprintf$2) refers to stdout.o(.data) for __stdout
    printf2.o(i.__0vsnprintf$2) refers to printf2.o(i._printf_core) for _printf_core
    printf2.o(i.__0vsnprintf$2) refers to printf2.o(i._snputc) for _snputc
    printf2.o(i.__0vsprintf$2) refers to printf2.o(i._printf_core) for _printf_core
    printf2.o(i.__0vsprintf$2) refers to printf2.o(i._sputc) for _sputc
    printf3.o(i.__0fprintf$3) refers to printf3.o(i._printf_core) for _printf_core
    printf3.o(i.__0fprintf$3) refers to main.o(.text) for fputc
    printf3.o(i.__0printf$3) refers to printf3.o(i._printf_core) for _printf_core
    printf3.o(i.__0printf$3) refers to main.o(.text) for fputc
    printf3.o(i.__0printf$3) refers to stdout.o(.data) for __stdout
    printf3.o(i.__0snprintf$3) refers to printf3.o(i._printf_core) for _printf_core
    printf3.o(i.__0snprintf$3) refers to printf3.o(i._snputc) for _snputc
    printf3.o(i.__0sprintf$3) refers to printf3.o(i._printf_core) for _printf_core
    printf3.o(i.__0sprintf$3) refers to printf3.o(i._sputc) for _sputc
    printf3.o(i.__0vfprintf$3) refers to printf3.o(i._printf_core) for _printf_core
    printf3.o(i.__0vfprintf$3) refers to main.o(.text) for fputc
    printf3.o(i.__0vprintf$3) refers to printf3.o(i._printf_core) for _printf_core
    printf3.o(i.__0vprintf$3) refers to main.o(.text) for fputc
    printf3.o(i.__0vprintf$3) refers to stdout.o(.data) for __stdout
    printf3.o(i.__0vsnprintf$3) refers to printf3.o(i._printf_core) for _printf_core
    printf3.o(i.__0vsnprintf$3) refers to printf3.o(i._snputc) for _snputc
    printf3.o(i.__0vsprintf$3) refers to printf3.o(i._printf_core) for _printf_core
    printf3.o(i.__0vsprintf$3) refers to printf3.o(i._sputc) for _sputc
    printf3.o(i._printf_core) refers to uidiv.o(.text) for __aeabi_uidivmod
    printf4.o(i.__0fprintf$4) refers to printf4.o(i._printf_core) for _printf_core
    printf4.o(i.__0fprintf$4) refers to main.o(.text) for fputc
    printf4.o(i.__0printf$4) refers to printf4.o(i._printf_core) for _printf_core
    printf4.o(i.__0printf$4) refers to main.o(.text) for fputc
    printf4.o(i.__0printf$4) refers to stdout.o(.data) for __stdout
    printf4.o(i.__0snprintf$4) refers to printf4.o(i._printf_core) for _printf_core
    printf4.o(i.__0snprintf$4) refers to printf4.o(i._snputc) for _snputc
    printf4.o(i.__0sprintf$4) refers to printf4.o(i._printf_core) for _printf_core
    printf4.o(i.__0sprintf$4) refers to printf4.o(i._sputc) for _sputc
    printf4.o(i.__0vfprintf$4) refers to printf4.o(i._printf_core) for _printf_core
    printf4.o(i.__0vfprintf$4) refers to main.o(.text) for fputc
    printf4.o(i.__0vprintf$4) refers to printf4.o(i._printf_core) for _printf_core
    printf4.o(i.__0vprintf$4) refers to main.o(.text) for fputc
    printf4.o(i.__0vprintf$4) refers to stdout.o(.data) for __stdout
    printf4.o(i.__0vsnprintf$4) refers to printf4.o(i._printf_core) for _printf_core
    printf4.o(i.__0vsnprintf$4) refers to printf4.o(i._snputc) for _snputc
    printf4.o(i.__0vsprintf$4) refers to printf4.o(i._printf_core) for _printf_core
    printf4.o(i.__0vsprintf$4) refers to printf4.o(i._sputc) for _sputc
    printf4.o(i._printf_core) refers to uldiv.o(.text) for __aeabi_uldivmod
    printf5.o(i.__0fprintf$5) refers to printf5.o(i._printf_core) for _printf_core
    printf5.o(i.__0fprintf$5) refers to main.o(.text) for fputc
    printf5.o(i.__0printf$5) refers to printf5.o(i._printf_core) for _printf_core
    printf5.o(i.__0printf$5) refers to main.o(.text) for fputc
    printf5.o(i.__0printf$5) refers to stdout.o(.data) for __stdout
    printf5.o(i.__0snprintf$5) refers to printf5.o(i._printf_core) for _printf_core
    printf5.o(i.__0snprintf$5) refers to printf5.o(i._snputc) for _snputc
    printf5.o(i.__0sprintf$5) refers to printf5.o(i._printf_core) for _printf_core
    printf5.o(i.__0sprintf$5) refers to printf5.o(i._sputc) for _sputc
    printf5.o(i.__0vfprintf$5) refers to printf5.o(i._printf_core) for _printf_core
    printf5.o(i.__0vfprintf$5) refers to main.o(.text) for fputc
    printf5.o(i.__0vprintf$5) refers to printf5.o(i._printf_core) for _printf_core
    printf5.o(i.__0vprintf$5) refers to main.o(.text) for fputc
    printf5.o(i.__0vprintf$5) refers to stdout.o(.data) for __stdout
    printf5.o(i.__0vsnprintf$5) refers to printf5.o(i._printf_core) for _printf_core
    printf5.o(i.__0vsnprintf$5) refers to printf5.o(i._snputc) for _snputc
    printf5.o(i.__0vsprintf$5) refers to printf5.o(i._printf_core) for _printf_core
    printf5.o(i.__0vsprintf$5) refers to printf5.o(i._sputc) for _sputc
    printf5.o(i._printf_core) refers to uldiv.o(.text) for __aeabi_uldivmod
    printf6.o(i.__0fprintf$6) refers to printf6.o(i._printf_core) for _printf_core
    printf6.o(i.__0fprintf$6) refers to main.o(.text) for fputc
    printf6.o(i.__0printf$6) refers to printf6.o(i._printf_core) for _printf_core
    printf6.o(i.__0printf$6) refers to main.o(.text) for fputc
    printf6.o(i.__0printf$6) refers to stdout.o(.data) for __stdout
    printf6.o(i.__0snprintf$6) refers to printf6.o(i._printf_core) for _printf_core
    printf6.o(i.__0snprintf$6) refers to printf6.o(i._snputc) for _snputc
    printf6.o(i.__0sprintf$6) refers to printf6.o(i._printf_core) for _printf_core
    printf6.o(i.__0sprintf$6) refers to printf6.o(i._sputc) for _sputc
    printf6.o(i.__0vfprintf$6) refers to printf6.o(i._printf_core) for _printf_core
    printf6.o(i.__0vfprintf$6) refers to main.o(.text) for fputc
    printf6.o(i.__0vprintf$6) refers to printf6.o(i._printf_core) for _printf_core
    printf6.o(i.__0vprintf$6) refers to main.o(.text) for fputc
    printf6.o(i.__0vprintf$6) refers to stdout.o(.data) for __stdout
    printf6.o(i.__0vsnprintf$6) refers to printf6.o(i._printf_core) for _printf_core
    printf6.o(i.__0vsnprintf$6) refers to printf6.o(i._snputc) for _snputc
    printf6.o(i.__0vsprintf$6) refers to printf6.o(i._printf_core) for _printf_core
    printf6.o(i.__0vsprintf$6) refers to printf6.o(i._sputc) for _sputc
    printf6.o(i._printf_core) refers to printf6.o(i._printf_pre_padding) for _printf_pre_padding
    printf6.o(i._printf_core) refers to uidiv.o(.text) for __aeabi_uidivmod
    printf6.o(i._printf_core) refers to printf6.o(i._printf_post_padding) for _printf_post_padding
    printf7.o(i.__0fprintf$7) refers to printf7.o(i._printf_core) for _printf_core
    printf7.o(i.__0fprintf$7) refers to main.o(.text) for fputc
    printf7.o(i.__0printf$7) refers to printf7.o(i._printf_core) for _printf_core
    printf7.o(i.__0printf$7) refers to main.o(.text) for fputc
    printf7.o(i.__0printf$7) refers to stdout.o(.data) for __stdout
    printf7.o(i.__0snprintf$7) refers to printf7.o(i._printf_core) for _printf_core
    printf7.o(i.__0snprintf$7) refers to printf7.o(i._snputc) for _snputc
    printf7.o(i.__0sprintf$7) refers to printf7.o(i._printf_core) for _printf_core
    printf7.o(i.__0sprintf$7) refers to printf7.o(i._sputc) for _sputc
    printf7.o(i.__0vfprintf$7) refers to printf7.o(i._printf_core) for _printf_core
    printf7.o(i.__0vfprintf$7) refers to main.o(.text) for fputc
    printf7.o(i.__0vprintf$7) refers to printf7.o(i._printf_core) for _printf_core
    printf7.o(i.__0vprintf$7) refers to main.o(.text) for fputc
    printf7.o(i.__0vprintf$7) refers to stdout.o(.data) for __stdout
    printf7.o(i.__0vsnprintf$7) refers to printf7.o(i._printf_core) for _printf_core
    printf7.o(i.__0vsnprintf$7) refers to printf7.o(i._snputc) for _snputc
    printf7.o(i.__0vsprintf$7) refers to printf7.o(i._printf_core) for _printf_core
    printf7.o(i.__0vsprintf$7) refers to printf7.o(i._sputc) for _sputc
    printf7.o(i._printf_core) refers to printf7.o(i._printf_pre_padding) for _printf_pre_padding
    printf7.o(i._printf_core) refers to uldiv.o(.text) for __aeabi_uldivmod
    printf7.o(i._printf_core) refers to printf7.o(i._printf_post_padding) for _printf_post_padding
    printf8.o(i.__0fprintf$8) refers to printf8.o(i._printf_core) for _printf_core
    printf8.o(i.__0fprintf$8) refers to main.o(.text) for fputc
    printf8.o(i.__0printf$8) refers to printf8.o(i._printf_core) for _printf_core
    printf8.o(i.__0printf$8) refers to main.o(.text) for fputc
    printf8.o(i.__0printf$8) refers to stdout.o(.data) for __stdout
    printf8.o(i.__0snprintf$8) refers to printf8.o(i._printf_core) for _printf_core
    printf8.o(i.__0snprintf$8) refers to printf8.o(i._snputc) for _snputc
    printf8.o(i.__0sprintf$8) refers to printf8.o(i._printf_core) for _printf_core
    printf8.o(i.__0sprintf$8) refers to printf8.o(i._sputc) for _sputc
    printf8.o(i.__0vfprintf$8) refers to printf8.o(i._printf_core) for _printf_core
    printf8.o(i.__0vfprintf$8) refers to main.o(.text) for fputc
    printf8.o(i.__0vprintf$8) refers to printf8.o(i._printf_core) for _printf_core
    printf8.o(i.__0vprintf$8) refers to main.o(.text) for fputc
    printf8.o(i.__0vprintf$8) refers to stdout.o(.data) for __stdout
    printf8.o(i.__0vsnprintf$8) refers to printf8.o(i._printf_core) for _printf_core
    printf8.o(i.__0vsnprintf$8) refers to printf8.o(i._snputc) for _snputc
    printf8.o(i.__0vsprintf$8) refers to printf8.o(i._printf_core) for _printf_core
    printf8.o(i.__0vsprintf$8) refers to printf8.o(i._sputc) for _sputc
    printf8.o(i._printf_core) refers to printf8.o(i._printf_pre_padding) for _printf_pre_padding
    printf8.o(i._printf_core) refers to uldiv.o(.text) for __aeabi_uldivmod
    printf8.o(i._printf_core) refers to printf8.o(i._printf_post_padding) for _printf_post_padding
    printfa.o(i.__0fprintf) refers (Special) to iusefp.o(.text) for __I$use$fp
    printfa.o(i.__0fprintf) refers to printfa.o(i._printf_core) for _printf_core
    printfa.o(i.__0fprintf) refers to main.o(.text) for fputc
    printfa.o(i.__0printf) refers (Special) to iusefp.o(.text) for __I$use$fp
    printfa.o(i.__0printf) refers to printfa.o(i._printf_core) for _printf_core
    printfa.o(i.__0printf) refers to main.o(.text) for fputc
    printfa.o(i.__0printf) refers to stdout.o(.data) for __stdout
    printfa.o(i.__0snprintf) refers (Special) to iusefp.o(.text) for __I$use$fp
    printfa.o(i.__0snprintf) refers to printfa.o(i._printf_core) for _printf_core
    printfa.o(i.__0snprintf) refers to printfa.o(i._snputc) for _snputc
    printfa.o(i.__0sprintf) refers (Special) to iusefp.o(.text) for __I$use$fp
    printfa.o(i.__0sprintf) refers to printfa.o(i._printf_core) for _printf_core
    printfa.o(i.__0sprintf) refers to printfa.o(i._sputc) for _sputc
    printfa.o(i.__0vfprintf) refers (Special) to iusefp.o(.text) for __I$use$fp
    printfa.o(i.__0vfprintf) refers to printfa.o(i._printf_core) for _printf_core
    printfa.o(i.__0vfprintf) refers to main.o(.text) for fputc
    printfa.o(i.__0vprintf) refers (Special) to iusefp.o(.text) for __I$use$fp
    printfa.o(i.__0vprintf) refers to printfa.o(i._printf_core) for _printf_core
    printfa.o(i.__0vprintf) refers to main.o(.text) for fputc
    printfa.o(i.__0vprintf) refers to stdout.o(.data) for __stdout
    printfa.o(i.__0vsnprintf) refers (Special) to iusefp.o(.text) for __I$use$fp
    printfa.o(i.__0vsnprintf) refers to printfa.o(i._printf_core) for _printf_core
    printfa.o(i.__0vsnprintf) refers to printfa.o(i._snputc) for _snputc
    printfa.o(i.__0vsprintf) refers (Special) to iusefp.o(.text) for __I$use$fp
    printfa.o(i.__0vsprintf) refers to printfa.o(i._printf_core) for _printf_core
    printfa.o(i.__0vsprintf) refers to printfa.o(i._sputc) for _sputc
    printfa.o(i._fp_digits) refers (Special) to iusefp.o(.text) for __I$use$fp
    printfa.o(i._fp_digits) refers to dmul.o(.text) for __aeabi_dmul
    printfa.o(i._fp_digits) refers to ddiv.o(.text) for __aeabi_ddiv
    printfa.o(i._fp_digits) refers to cdrcmple.o(.text) for __aeabi_cdrcmple
    printfa.o(i._fp_digits) refers to dadd.o(.text) for __aeabi_dadd
    printfa.o(i._fp_digits) refers to dfixul.o(.text) for __aeabi_d2ulz
    printfa.o(i._fp_digits) refers to uldiv.o(.text) for __aeabi_uldivmod
    printfa.o(i._printf_core) refers (Special) to iusefp.o(.text) for __I$use$fp
    printfa.o(i._printf_core) refers to printfa.o(i._printf_pre_padding) for _printf_pre_padding
    printfa.o(i._printf_core) refers to uldiv.o(.text) for __aeabi_uldivmod
    printfa.o(i._printf_core) refers to printfa.o(i._printf_post_padding) for _printf_post_padding
    printfa.o(i._printf_core) refers to printfa.o(i._fp_digits) for _fp_digits
    printfa.o(i._printf_core) refers to uidiv.o(.text) for __aeabi_uidivmod
    printfa.o(i._printf_post_padding) refers (Special) to iusefp.o(.text) for __I$use$fp
    printfa.o(i._printf_pre_padding) refers (Special) to iusefp.o(.text) for __I$use$fp
    printfa.o(i._snputc) refers (Special) to iusefp.o(.text) for __I$use$fp
    printfa.o(i._sputc) refers (Special) to iusefp.o(.text) for __I$use$fp
    dmul.o(.text) refers (Special) to iusefp.o(.text) for __I$use$fp
    dmul.o(.text) refers to depilogue.o(.text) for _double_epilogue
    dflti.o(.text) refers (Special) to iusefp.o(.text) for __I$use$fp
    dflti.o(.text) refers to depilogue.o(.text) for _double_epilogue
    dfixui.o(.text) refers (Special) to iusefp.o(.text) for __I$use$fp
    dfixui.o(.text) refers to llushr.o(.text) for __aeabi_llsr
    entry2.o(.ARM.Collect$$$$00000001) refers to entry2.o(.ARM.Collect$$$$00002712) for __lit__00000000
    entry2.o(.ARM.Collect$$$$00002712) refers to stm32f10x.o(STACK) for __initial_sp
    entry2.o(__vectab_stack_and_reset_area) refers to stm32f10x.o(STACK) for __initial_sp
    entry2.o(__vectab_stack_and_reset_area) refers to entry.o(.ARM.Collect$$$$00000000) for __main
    entry5.o(.ARM.Collect$$$$00000004) refers to init.o(.text) for __scatterload
    entry9a.o(.ARM.Collect$$$$0000000B) refers to main.o(.text) for main
    entry9b.o(.ARM.Collect$$$$0000000C) refers to main.o(.text) for main
    uldiv.o(.text) refers to llushr.o(.text) for __aeabi_llsr
    uldiv.o(.text) refers to llshl.o(.text) for __aeabi_llsl
    depilogue.o(.text) refers to llshl.o(.text) for __aeabi_llsl
    depilogue.o(.text) refers to llushr.o(.text) for __aeabi_llsr
    dadd.o(.text) refers to llshl.o(.text) for __aeabi_llsl
    dadd.o(.text) refers to llsshr.o(.text) for __aeabi_lasr
    dadd.o(.text) refers to depilogue.o(.text) for _double_epilogue
    ddiv.o(.text) refers to depilogue.o(.text) for _double_round
    dfixul.o(.text) refers to llushr.o(.text) for __aeabi_llsr
    dfixul.o(.text) refers to llshl.o(.text) for __aeabi_llsl
    init.o(.text) refers to entry5.o(.ARM.Collect$$$$00000004) for __main_after_scatterload


==============================================================================

Removing Unused input sections from the image.

    Removing stm32f10x.o(HEAP), (0 bytes).
    Removing main.o(.bss), (1200 bytes).
    Removing dadd.o(.text), (334 bytes).
    Removing ddiv.o(.text), (222 bytes).
    Removing dfixul.o(.text), (48 bytes).
    Removing cdrcmple.o(.text), (48 bytes).

6 unused section(s) (total 1852 bytes) removed from the image.

==============================================================================

Image Symbol Table

    Local Symbols

    Symbol Name                              Value     Ov Type        Size  Object(Section)

    ../clib/../cmprslib/lz77c.c              0x00000000   Number         0  __dclz77c.o ABSOLUTE
    ../clib/microlib/division.c              0x00000000   Number         0  uldiv.o ABSOLUTE
    ../clib/microlib/division.c              0x00000000   Number         0  uidiv.o ABSOLUTE
    ../clib/microlib/init/entry.s            0x00000000   Number         0  entry10a.o ABSOLUTE
    ../clib/microlib/init/entry.s            0x00000000   Number         0  entry.o ABSOLUTE
    ../clib/microlib/init/entry.s            0x00000000   Number         0  entry2.o ABSOLUTE
    ../clib/microlib/init/entry.s            0x00000000   Number         0  entry10b.o ABSOLUTE
    ../clib/microlib/init/entry.s            0x00000000   Number         0  entry5.o ABSOLUTE
    ../clib/microlib/init/entry.s            0x00000000   Number         0  entry11b.o ABSOLUTE
    ../clib/microlib/init/entry.s            0x00000000   Number         0  entry7a.o ABSOLUTE
    ../clib/microlib/init/entry.s            0x00000000   Number         0  entry7b.o ABSOLUTE
    ../clib/microlib/init/entry.s            0x00000000   Number         0  entry8a.o ABSOLUTE
    ../clib/microlib/init/entry.s            0x00000000   Number         0  entry8b.o ABSOLUTE
    ../clib/microlib/init/entry.s            0x00000000   Number         0  entry9a.o ABSOLUTE
    ../clib/microlib/init/entry.s            0x00000000   Number         0  entry9b.o ABSOLUTE
    ../clib/microlib/init/entry.s            0x00000000   Number         0  entry11a.o ABSOLUTE
    ../clib/microlib/longlong.c              0x00000000   Number         0  llushr.o ABSOLUTE
    ../clib/microlib/longlong.c              0x00000000   Number         0  llshl.o ABSOLUTE
    ../clib/microlib/longlong.c              0x00000000   Number         0  llsshr.o ABSOLUTE
    ../clib/microlib/printf/printf.c         0x00000000   Number         0  printf1.o ABSOLUTE
    ../clib/microlib/printf/printf.c         0x00000000   Number         0  printfb.o ABSOLUTE
    ../clib/microlib/printf/printf.c         0x00000000   Number         0  printf0.o ABSOLUTE
    ../clib/microlib/printf/printf.c         0x00000000   Number         0  printf2.o ABSOLUTE
    ../clib/microlib/printf/printf.c         0x00000000   Number         0  printf3.o ABSOLUTE
    ../clib/microlib/printf/printf.c         0x00000000   Number         0  printf4.o ABSOLUTE
    ../clib/microlib/printf/printf.c         0x00000000   Number         0  printf5.o ABSOLUTE
    ../clib/microlib/printf/printf.c         0x00000000   Number         0  printf6.o ABSOLUTE
    ../clib/microlib/printf/printf.c         0x00000000   Number         0  printf7.o ABSOLUTE
    ../clib/microlib/printf/printf.c         0x00000000   Number         0  printf8.o ABSOLUTE
    ../clib/microlib/printf/printf.c         0x00000000   Number         0  printfa.o ABSOLUTE
    ../clib/microlib/printf/stubs.s          0x00000000   Number         0  stubs.o ABSOLUTE
    ../clib/microlib/stdio/streams.c         0x00000000   Number         0  stdout.o ABSOLUTE
    ../clib/microlib/string/memcpy.c         0x00000000   Number         0  memcpya.o ABSOLUTE
    ../clib/microlib/string/memcpy.c         0x00000000   Number         0  memcpyb.o ABSOLUTE
    ../clib/microlib/string/memset.c         0x00000000   Number         0  memseta.o ABSOLUTE
    ../clib/microlib/string/strncpy.c        0x00000000   Number         0  strncpy.o ABSOLUTE
    ../clib/microlib/stubs.s                 0x00000000   Number         0  iusefp.o ABSOLUTE
    ../fplib/microlib/fpadd.c                0x00000000   Number         0  dadd.o ABSOLUTE
    ../fplib/microlib/fpdiv.c                0x00000000   Number         0  ddiv.o ABSOLUTE
    ../fplib/microlib/fpepilogue.c           0x00000000   Number         0  depilogue.o ABSOLUTE
    ../fplib/microlib/fpfix.c                0x00000000   Number         0  dfixul.o ABSOLUTE
    ../fplib/microlib/fpfix.c                0x00000000   Number         0  dfixui.o ABSOLUTE
    ../fplib/microlib/fpflt.c                0x00000000   Number         0  dflti.o ABSOLUTE
    ../fplib/microlib/fpmul.c                0x00000000   Number         0  dmul.o ABSOLUTE
    Firmware\GLCD.c                          0x00000000   Number         0  glcd.o ABSOLUTE
    Firmware\STM32F10x.s                     0x00000000   Number         0  stm32f10x.o ABSOLUTE
    Firmware\setup.c                         0x00000000   Number         0  setup.o ABSOLUTE
    Firmware\src\misc.c                      0x00000000   Number         0  misc.o ABSOLUTE
    Firmware\src\stm32f10x_exti.c            0x00000000   Number         0  stm32f10x_exti.o ABSOLUTE
    Firmware\src\stm32f10x_gpio.c            0x00000000   Number         0  stm32f10x_gpio.o ABSOLUTE
    Firmware\src\stm32f10x_i2c.c             0x00000000   Number         0  stm32f10x_i2c.o ABSOLUTE
    Firmware\src\stm32f10x_rcc.c             0x00000000   Number         0  stm32f10x_rcc.o ABSOLUTE
    Firmware\src\stm32f10x_tim.c             0x00000000   Number         0  stm32f10x_tim.o ABSOLUTE
    Firmware\stm3210c_eval_ioe.c             0x00000000   Number         0  stm3210c_eval_ioe.o ABSOLUTE
    Firmware\system_stm32f10x_cl.c           0x00000000   Number         0  system_stm32f10x_cl.o ABSOLUTE
    FreeRTOS\\src\\port.c                    0x00000000   Number         0  port.o ABSOLUTE
    FreeRTOS\src\heap_2.c                    0x00000000   Number         0  heap_2.o ABSOLUTE
    FreeRTOS\src\list.c                      0x00000000   Number         0  list.o ABSOLUTE
    FreeRTOS\src\port.c                      0x00000000   Number         0  port.o ABSOLUTE
    FreeRTOS\src\queue.c                     0x00000000   Number         0  queue.o ABSOLUTE
    FreeRTOS\src\tasks.c                     0x00000000   Number         0  tasks.o ABSOLUTE
    cdrcmple.s                               0x00000000   Number         0  cdrcmple.o ABSOLUTE
    dc.s                                     0x00000000   Number         0  dc.o ABSOLUTE
    handlers.s                               0x00000000   Number         0  handlers.o ABSOLUTE
    init.s                                   0x00000000   Number         0  init.o ABSOLUTE
    main.c                                   0x00000000   Number         0  main.o ABSOLUTE
    RESET                                    0x08000000   Section      236  stm32f10x.o(RESET)
    .ARM.Collect$$$$00000000                 0x080000ec   Section        0  entry.o(.ARM.Collect$$$$00000000)
    .ARM.Collect$$$$00000001                 0x080000ec   Section        4  entry2.o(.ARM.Collect$$$$00000001)
    .ARM.Collect$$$$00000004                 0x080000f0   Section        4  entry5.o(.ARM.Collect$$$$00000004)
    .ARM.Collect$$$$00000008                 0x080000f4   Section        0  entry7b.o(.ARM.Collect$$$$00000008)
    .ARM.Collect$$$$0000000A                 0x080000f4   Section        0  entry8b.o(.ARM.Collect$$$$0000000A)
    .ARM.Collect$$$$0000000B                 0x080000f4   Section        8  entry9a.o(.ARM.Collect$$$$0000000B)
    .ARM.Collect$$$$0000000D                 0x080000fc   Section        0  entry10a.o(.ARM.Collect$$$$0000000D)
    .ARM.Collect$$$$0000000F                 0x080000fc   Section        0  entry11a.o(.ARM.Collect$$$$0000000F)
    .ARM.Collect$$$$00002712                 0x080000fc   Section        4  entry2.o(.ARM.Collect$$$$00002712)
    __lit__00000000                          0x080000fc   Data           4  entry2.o(.ARM.Collect$$$$00002712)
    .emb_text                                0x08000100   Section      136  port.o(.emb_text)
    .text                                    0x08000188   Section       28  stm32f10x.o(.text)
    .text                                    0x080001a4   Section        0  system_stm32f10x_cl.o(.text)
    .text                                    0x080002ec   Section        0  stm32f10x_gpio.o(.text)
    .text                                    0x08000574   Section        0  stm32f10x_rcc.o(.text)
    .text                                    0x08000918   Section        0  stm3210c_eval_ioe.o(.text)
    IOE_I2C_Config                           0x08000919   Thumb Code    48  stm3210c_eval_ioe.o(.text)
    delay                                    0x08000ca1   Thumb Code    28  stm3210c_eval_ioe.o(.text)
    IOE_GPIO_Config                          0x08000df1   Thumb Code    96  stm3210c_eval_ioe.o(.text)
    IOE_EXTI_Config                          0x08000f17   Thumb Code    94  stm3210c_eval_ioe.o(.text)
    IOE_TS_Read_Z                            0x0800129b   Thumb Code    14  stm3210c_eval_ioe.o(.text)
    IOE_TS_Read_Y                            0x080012a9   Thumb Code    42  stm3210c_eval_ioe.o(.text)
    IOE_TS_Read_X                            0x080012d3   Thumb Code    38  stm3210c_eval_ioe.o(.text)
    .text                                    0x08001430   Section        0  stm32f10x_i2c.o(.text)
    .text                                    0x080017a4   Section        0  stm32f10x_exti.o(.text)
    .text                                    0x08001890   Section        0  misc.o(.text)
    .text                                    0x08001948   Section        0  glcd.o(.text)
    delay                                    0x08001949   Thumb Code    10  glcd.o(.text)
    rd_reg                                   0x08001953   Thumb Code    54  glcd.o(.text)
    spi_send                                 0x08001e41   Thumb Code    18  glcd.o(.text)
    wr_cmd                                   0x08001e53   Thumb Code    36  glcd.o(.text)
    wr_dat                                   0x08001e77   Thumb Code    36  glcd.o(.text)
    wr_reg                                   0x08001e9b   Thumb Code    16  glcd.o(.text)
    .text                                    0x08001ed0   Section        0  stm32f10x_tim.o(.text)
    TI4_Config                               0x0800219d   Thumb Code    54  stm32f10x_tim.o(.text)
    TI3_Config                               0x080021e3   Thumb Code    50  stm32f10x_tim.o(.text)
    TI2_Config                               0x0800222d   Thumb Code    54  stm32f10x_tim.o(.text)
    TI1_Config                               0x08002273   Thumb Code    46  stm32f10x_tim.o(.text)
    .text                                    0x080028a0   Section        0  setup.o(.text)
    .text                                    0x08002a24   Section        0  main.o(.text)
    print_sprite                             0x08002a25   Thumb Code    28  main.o(.text)
    initDisplay                              0x08002a41   Thumb Code    56  main.o(.text)
    lcdTask                                  0x08002a79   Thumb Code   110  main.o(.text)
    printTask                                0x08002ae7   Thumb Code   110  main.o(.text)
    ledTask                                  0x08002b6d   Thumb Code   172  main.o(.text)
    touchScreenTask                          0x08002c3d   Thumb Code   120  main.o(.text)
    highlightButton                          0x08002cb5   Thumb Code    20  main.o(.text)
    setupButtons                             0x08002cc9   Thumb Code    84  main.o(.text)
    highlightButtonsTask                     0x08002d1d   Thumb Code   158  main.o(.text)
    .text                                    0x08002f24   Section        0  heap_2.o(.text)
    .text                                    0x0800301c   Section        0  list.o(.text)
    .text                                    0x080030a8   Section        0  port.o(.text)
    prvSetupTimerInterrupt                   0x080030bd   Thumb Code    14  port.o(.text)
    .text                                    0x08003148   Section        0  queue.o(.text)
    prvUnlockQueue                           0x080031a9   Thumb Code   100  queue.o(.text)
    prvIsQueueFull                           0x0800320d   Thumb Code    30  queue.o(.text)
    prvCopyDataToQueue                       0x0800322b   Thumb Code    92  queue.o(.text)
    prvIsQueueEmpty                          0x080033e5   Thumb Code    26  queue.o(.text)
    prvCopyDataFromQueue                     0x080033ff   Thumb Code    40  queue.o(.text)
    .text                                    0x080035c0   Section        0  tasks.o(.text)
    prvInitialiseTaskLists                   0x080035c1   Thumb Code    78  tasks.o(.text)
    prvInitialiseTCBVariables                0x0800360f   Thumb Code    58  tasks.o(.text)
    prvAllocateTCBAndStack                   0x08003649   Thumb Code    56  tasks.o(.text)
    prvDeleteTCB                             0x08003bb1   Thumb Code    20  tasks.o(.text)
    prvCheckTasksWaitingTermination          0x08003bc5   Thumb Code    84  tasks.o(.text)
    prvIdleTask                              0x08003c19   Thumb Code    18  tasks.o(.text)
    .text                                    0x08003e68   Section        0  memcpya.o(.text)
    .text                                    0x08003e8c   Section        0  memseta.o(.text)
    .text                                    0x08003eb0   Section        0  strncpy.o(.text)
    .text                                    0x08003ec8   Section        0  dmul.o(.text)
    .text                                    0x08003fac   Section        0  dflti.o(.text)
    .text                                    0x08003fce   Section        0  dfixui.o(.text)
    .text                                    0x08004000   Section        0  uidiv.o(.text)
    .text                                    0x0800402c   Section        0  llushr.o(.text)
    .text                                    0x0800404c   Section        0  depilogue.o(.text)
    .text                                    0x0800404c   Section        0  iusefp.o(.text)
    .text                                    0x08004108   Section       36  init.o(.text)
    .text                                    0x0800412c   Section        0  llshl.o(.text)
    .text                                    0x0800414a   Section        0  __dclz77c.o(.text)
    i.__0printf$3                            0x080041a8   Section        0  printf3.o(i.__0printf$3)
    i.__scatterload_copy                     0x080041c8   Section       14  handlers.o(i.__scatterload_copy)
    i.__scatterload_null                     0x080041d6   Section        2  handlers.o(i.__scatterload_null)
    i.__scatterload_zeroinit                 0x080041d8   Section       14  handlers.o(i.__scatterload_zeroinit)
    i._printf_core                           0x080041e8   Section        0  printf3.o(i._printf_core)
    _printf_core                             0x080041e9   Thumb Code   436  printf3.o(i._printf_core)
    .constdata                               0x080043a0   Section       32  main.o(.constdata)
    .data                                    0x20000000   Section       20  system_stm32f10x_cl.o(.data)
    .data                                    0x20000014   Section       20  stm32f10x_rcc.o(.data)
    ADCPrescTable                            0x20000014   Data           4  stm32f10x_rcc.o(.data)
    APBAHBPrescTable                         0x20000018   Data          16  stm32f10x_rcc.o(.data)
    .data                                    0x20000028   Section       24  stm3210c_eval_ioe.o(.data)
    _x                                       0x2000002c   Data           4  stm3210c_eval_ioe.o(.data)
    _y                                       0x20000030   Data           4  stm3210c_eval_ioe.o(.data)
    tmp                                      0x20000034   Data           4  stm3210c_eval_ioe.o(.data)
    .data                                    0x20000040   Section     5382  glcd.o(.data)
    TextColor                                0x20000040   Data           2  glcd.o(.data)
    BackColor                                0x20000042   Data           2  glcd.o(.data)
    driverCode                               0x20000044   Data           2  glcd.o(.data)
    .data                                    0x20001548   Section       16  main.o(.data)
    callbackNum                              0x20001548   Data           1  main.o(.data)
    .data                                    0x20001558   Section       24  heap_2.o(.data)
    xFreeBytesRemaining                      0x20001558   Data           4  heap_2.o(.data)
    xHeapHasBeenInitialised                  0x2000155c   Data           4  heap_2.o(.data)
    xStart                                   0x20001560   Data           8  heap_2.o(.data)
    xEnd                                     0x20001568   Data           8  heap_2.o(.data)
    .data                                    0x20001570   Section        4  port.o(.data)
    uxCriticalNesting                        0x20001570   Data           4  port.o(.data)
    .data                                    0x20001574   Section       56  tasks.o(.data)
    uxTasksDeleted                           0x20001578   Data           4  tasks.o(.data)
    uxCurrentNumberOfTasks                   0x2000157c   Data           4  tasks.o(.data)
    xTickCount                               0x20001580   Data           4  tasks.o(.data)
    uxTopUsedPriority                        0x20001584   Data           4  tasks.o(.data)
    uxTopReadyPriority                       0x20001588   Data           4  tasks.o(.data)
    xSchedulerRunning                        0x2000158c   Data           4  tasks.o(.data)
    uxSchedulerSuspended                     0x20001590   Data           4  tasks.o(.data)
    uxMissedTicks                            0x20001594   Data           4  tasks.o(.data)
    xMissedYield                             0x20001598   Data           4  tasks.o(.data)
    xNumOfOverflows                          0x2000159c   Data           4  tasks.o(.data)
    uxTaskNumber                             0x200015a0   Data           4  tasks.o(.data)
    pxDelayedTaskList                        0x200015a4   Data           4  tasks.o(.data)
    pxOverflowDelayedTaskList                0x200015a8   Data           4  tasks.o(.data)
    .data                                    0x200015ac   Section        4  stdout.o(.data)
    .bss                                     0x200015b0   Section     1024  main.o(.bss)
    callbacks                                0x200015b0   Data        1024  main.o(.bss)
    .bss                                     0x200019b0   Section    56320  heap_2.o(.bss)
    xHeap                                    0x200019b0   Data       56320  heap_2.o(.bss)
    .bss                                     0x2000f5b0   Section      200  tasks.o(.bss)
    pxReadyTasksLists                        0x2000f5b0   Data         100  tasks.o(.bss)
    xDelayedTaskList1                        0x2000f614   Data          20  tasks.o(.bss)
    xDelayedTaskList2                        0x2000f628   Data          20  tasks.o(.bss)
    xPendingReadyList                        0x2000f63c   Data          20  tasks.o(.bss)
    xTasksWaitingTermination                 0x2000f650   Data          20  tasks.o(.bss)
    xSuspendedTaskList                       0x2000f664   Data          20  tasks.o(.bss)
    STACK                                    0x2000f678   Section      512  stm32f10x.o(STACK)

    Global Symbols

    Symbol Name                              Value     Ov Type        Size  Object(Section)

    BuildAttributes$$THM_ISAv4$P$D$K$B$S$PE$A:L22UL41UL21$X:L11$S22US41US21$IEEE1$IW$USESV6$~STKCKD$USESV7$~SHL$OSPACE$ROPI$EBA8$MICROLIB$REQ8$PRES8$EABIv2 0x00000000   Number         0  anon$$obj.o ABSOLUTE
    __ARM_use_no_argv                        0x00000000   Number         0  main.o ABSOLUTE
    _printf_a                                0x00000000   Number         0  stubs.o ABSOLUTE
    _printf_c                                0x00000000   Number         0  stubs.o ABSOLUTE
    _printf_charcount                        0x00000000   Number         0  stubs.o ABSOLUTE
    _printf_d                                0x00000000   Number         0  stubs.o ABSOLUTE
    _printf_e                                0x00000000   Number         0  stubs.o ABSOLUTE
    _printf_f                                0x00000000   Number         0  stubs.o ABSOLUTE
    _printf_flags                            0x00000000   Number         0  stubs.o ABSOLUTE
    _printf_fp_dec                           0x00000000   Number         0  stubs.o ABSOLUTE
    _printf_fp_hex                           0x00000000   Number         0  stubs.o ABSOLUTE
    _printf_g                                0x00000000   Number         0  stubs.o ABSOLUTE
    _printf_i                                0x00000000   Number         0  stubs.o ABSOLUTE
    _printf_int_dec                          0x00000000   Number         0  stubs.o ABSOLUTE
    _printf_l                                0x00000000   Number         0  stubs.o ABSOLUTE
    _printf_lc                               0x00000000   Number         0  stubs.o ABSOLUTE
    _printf_ll                               0x00000000   Number         0  stubs.o ABSOLUTE
    _printf_lld                              0x00000000   Number         0  stubs.o ABSOLUTE
    _printf_lli                              0x00000000   Number         0  stubs.o ABSOLUTE
    _printf_llo                              0x00000000   Number         0  stubs.o ABSOLUTE
    _printf_llu                              0x00000000   Number         0  stubs.o ABSOLUTE
    _printf_llx                              0x00000000   Number         0  stubs.o ABSOLUTE
    _printf_longlong_dec                     0x00000000   Number         0  stubs.o ABSOLUTE
    _printf_longlong_hex                     0x00000000   Number         0  stubs.o ABSOLUTE
    _printf_longlong_oct                     0x00000000   Number         0  stubs.o ABSOLUTE
    _printf_ls                               0x00000000   Number         0  stubs.o ABSOLUTE
    _printf_mbtowc                           0x00000000   Number         0  stubs.o ABSOLUTE
    _printf_n                                0x00000000   Number         0  stubs.o ABSOLUTE
    _printf_o                                0x00000000   Number         0  stubs.o ABSOLUTE
    _printf_p                                0x00000000   Number         0  stubs.o ABSOLUTE
    _printf_percent                          0x00000000   Number         0  stubs.o ABSOLUTE
    _printf_pre_padding                      0x00000000   Number         0  stubs.o ABSOLUTE
    _printf_return_value                     0x00000000   Number         0  stubs.o ABSOLUTE
    _printf_s                                0x00000000   Number         0  stubs.o ABSOLUTE
    _printf_sizespec                         0x00000000   Number         0  stubs.o ABSOLUTE
    _printf_str                              0x00000000   Number         0  stubs.o ABSOLUTE
    _printf_truncate_signed                  0x00000000   Number         0  stubs.o ABSOLUTE
    _printf_truncate_unsigned                0x00000000   Number         0  stubs.o ABSOLUTE
    _printf_u                                0x00000000   Number         0  stubs.o ABSOLUTE
    _printf_wc                               0x00000000   Number         0  stubs.o ABSOLUTE
    _printf_wctomb                           0x00000000   Number         0  stubs.o ABSOLUTE
    _printf_widthprec                        0x00000000   Number         0  stubs.o ABSOLUTE
    _printf_x                                0x00000000   Number         0  stubs.o ABSOLUTE
    __cpp_initialize__aeabi_                  - Undefined Weak Reference
    __cxa_finalize                            - Undefined Weak Reference
    _clock_init                               - Undefined Weak Reference
    _microlib_exit                            - Undefined Weak Reference
    __Vectors                                0x08000000   Data           4  stm32f10x.o(RESET)
    __main                                   0x080000ed   Thumb Code     0  entry.o(.ARM.Collect$$$$00000000)
    _main_stk                                0x080000ed   Thumb Code     0  entry2.o(.ARM.Collect$$$$00000001)
    _main_scatterload                        0x080000f1   Thumb Code     0  entry5.o(.ARM.Collect$$$$00000004)
    __main_after_scatterload                 0x080000f5   Thumb Code     0  entry5.o(.ARM.Collect$$$$00000004)
    _main_clock                              0x080000f5   Thumb Code     0  entry7b.o(.ARM.Collect$$$$00000008)
    _main_cpp_init                           0x080000f5   Thumb Code     0  entry8b.o(.ARM.Collect$$$$0000000A)
    _main_init                               0x080000f5   Thumb Code     0  entry9a.o(.ARM.Collect$$$$0000000B)
    __rt_final_cpp                           0x080000fd   Thumb Code     0  entry10a.o(.ARM.Collect$$$$0000000D)
    __rt_final_exit                          0x080000fd   Thumb Code     0  entry11a.o(.ARM.Collect$$$$0000000F)
    vPortSVCHandler                          0x08000101   Thumb Code    28  port.o(.emb_text)
    vPortStartFirstTask                      0x08000121   Thumb Code    12  port.o(.emb_text)
    xPortPendSVHandler                       0x08000131   Thumb Code    56  port.o(.emb_text)
    vPortSetInterruptMask                    0x0800016d   Thumb Code    14  port.o(.emb_text)
    vPortClearInterruptMask                  0x0800017b   Thumb Code    14  port.o(.emb_text)
    Reset_Handler                            0x08000189   Thumb Code     4  stm32f10x.o(.text)
    NMI_Handler                              0x0800018d   Thumb Code     2  stm32f10x.o(.text)
    HardFault_Handler                        0x0800018f   Thumb Code     2  stm32f10x.o(.text)
    MemManage_Handler                        0x08000191   Thumb Code     2  stm32f10x.o(.text)
    BusFault_Handler                         0x08000193   Thumb Code     2  stm32f10x.o(.text)
    UsageFault_Handler                       0x08000195   Thumb Code     2  stm32f10x.o(.text)
    SVC_Handler                              0x08000197   Thumb Code     2  stm32f10x.o(.text)
    DebugMon_Handler                         0x08000199   Thumb Code     2  stm32f10x.o(.text)
    PendSV_Handler                           0x0800019b   Thumb Code     2  stm32f10x.o(.text)
    SysTick_Handler                          0x0800019d   Thumb Code     2  stm32f10x.o(.text)
    ADC_IRQHandler                           0x0800019f   Thumb Code     0  stm32f10x.o(.text)
    CAN_RX1_IRQHandler                       0x0800019f   Thumb Code     0  stm32f10x.o(.text)
    CAN_SCE_IRQHandler                       0x0800019f   Thumb Code     0  stm32f10x.o(.text)
    DMAChannel1_IRQHandler                   0x0800019f   Thumb Code     0  stm32f10x.o(.text)
    DMAChannel2_IRQHandler                   0x0800019f   Thumb Code     0  stm32f10x.o(.text)
    DMAChannel3_IRQHandler                   0x0800019f   Thumb Code     0  stm32f10x.o(.text)
    DMAChannel4_IRQHandler                   0x0800019f   Thumb Code     0  stm32f10x.o(.text)
    DMAChannel5_IRQHandler                   0x0800019f   Thumb Code     0  stm32f10x.o(.text)
    DMAChannel6_IRQHandler                   0x0800019f   Thumb Code     0  stm32f10x.o(.text)
    DMAChannel7_IRQHandler                   0x0800019f   Thumb Code     0  stm32f10x.o(.text)
    EXTI0_IRQHandler                         0x0800019f   Thumb Code     0  stm32f10x.o(.text)
    EXTI15_10_IRQHandler                     0x0800019f   Thumb Code     0  stm32f10x.o(.text)
    EXTI1_IRQHandler                         0x0800019f   Thumb Code     0  stm32f10x.o(.text)
    EXTI2_IRQHandler                         0x0800019f   Thumb Code     0  stm32f10x.o(.text)
    EXTI3_IRQHandler                         0x0800019f   Thumb Code     0  stm32f10x.o(.text)
    EXTI4_IRQHandler                         0x0800019f   Thumb Code     0  stm32f10x.o(.text)
    EXTI9_5_IRQHandler                       0x0800019f   Thumb Code     0  stm32f10x.o(.text)
    FLASH_IRQHandler                         0x0800019f   Thumb Code     0  stm32f10x.o(.text)
    I2C1_ER_IRQHandler                       0x0800019f   Thumb Code     0  stm32f10x.o(.text)
    I2C1_EV_IRQHandler                       0x0800019f   Thumb Code     0  stm32f10x.o(.text)
    I2C2_ER_IRQHandler                       0x0800019f   Thumb Code     0  stm32f10x.o(.text)
    I2C2_EV_IRQHandler                       0x0800019f   Thumb Code     0  stm32f10x.o(.text)
    PVD_IRQHandler                           0x0800019f   Thumb Code     0  stm32f10x.o(.text)
    RCC_IRQHandler                           0x0800019f   Thumb Code     0  stm32f10x.o(.text)
    RTCAlarm_IRQHandler                      0x0800019f   Thumb Code     0  stm32f10x.o(.text)
    RTC_IRQHandler                           0x0800019f   Thumb Code     0  stm32f10x.o(.text)
    SPI1_IRQHandler                          0x0800019f   Thumb Code     0  stm32f10x.o(.text)
    SPI2_IRQHandler                          0x0800019f   Thumb Code     0  stm32f10x.o(.text)
    TAMPER_IRQHandler                        0x0800019f   Thumb Code     0  stm32f10x.o(.text)
    TIM1_BRK_IRQHandler                      0x0800019f   Thumb Code     0  stm32f10x.o(.text)
    TIM1_CC_IRQHandler                       0x0800019f   Thumb Code     0  stm32f10x.o(.text)
    TIM1_TRG_COM_IRQHandler                  0x0800019f   Thumb Code     0  stm32f10x.o(.text)
    TIM1_UP_IRQHandler                       0x0800019f   Thumb Code     0  stm32f10x.o(.text)
    TIM2_IRQHandler                          0x0800019f   Thumb Code     0  stm32f10x.o(.text)
    TIM3_IRQHandler                          0x0800019f   Thumb Code     0  stm32f10x.o(.text)
    TIM4_IRQHandler                          0x0800019f   Thumb Code     0  stm32f10x.o(.text)
    USART1_IRQHandler                        0x0800019f   Thumb Code     0  stm32f10x.o(.text)
    USART2_IRQHandler                        0x0800019f   Thumb Code     0  stm32f10x.o(.text)
    USART3_IRQHandler                        0x0800019f   Thumb Code     0  stm32f10x.o(.text)
    USBWakeUp_IRQHandler                     0x0800019f   Thumb Code     0  stm32f10x.o(.text)
    USB_HP_CAN_TX_IRQHandler                 0x0800019f   Thumb Code     0  stm32f10x.o(.text)
    USB_LP_CAN_RX0_IRQHandler                0x0800019f   Thumb Code     0  stm32f10x.o(.text)
    WWDG_IRQHandler                          0x0800019f   Thumb Code     0  stm32f10x.o(.text)
    SystemInit                               0x080001a5   Thumb Code   288  system_stm32f10x_cl.o(.text)
    GPIO_DeInit                              0x080002ed   Thumb Code   188  stm32f10x_gpio.o(.text)
    GPIO_AFIODeInit                          0x080003a9   Thumb Code    22  stm32f10x_gpio.o(.text)
    GPIO_Init                                0x080003bf   Thumb Code   166  stm32f10x_gpio.o(.text)
    GPIO_StructInit                          0x08000465   Thumb Code    16  stm32f10x_gpio.o(.text)
    GPIO_ReadInputDataBit                    0x08000475   Thumb Code    14  stm32f10x_gpio.o(.text)
    GPIO_ReadInputData                       0x08000483   Thumb Code     6  stm32f10x_gpio.o(.text)
    GPIO_ReadOutputDataBit                   0x08000489   Thumb Code    14  stm32f10x_gpio.o(.text)
    GPIO_ReadOutputData                      0x08000497   Thumb Code     6  stm32f10x_gpio.o(.text)
    GPIO_SetBits                             0x0800049d   Thumb Code     4  stm32f10x_gpio.o(.text)
    GPIO_ResetBits                           0x080004a1   Thumb Code     4  stm32f10x_gpio.o(.text)
    GPIO_WriteBit                            0x080004a5   Thumb Code    12  stm32f10x_gpio.o(.text)
    GPIO_Write                               0x080004b1   Thumb Code     4  stm32f10x_gpio.o(.text)
    GPIO_PinLockConfig                       0x080004b5   Thumb Code    16  stm32f10x_gpio.o(.text)
    GPIO_EventOutputConfig                   0x080004c5   Thumb Code    22  stm32f10x_gpio.o(.text)
    GPIO_EventOutputCmd                      0x080004db   Thumb Code     6  stm32f10x_gpio.o(.text)
    GPIO_PinRemapConfig                      0x080004e1   Thumb Code    70  stm32f10x_gpio.o(.text)
    GPIO_EXTILineConfig                      0x08000527   Thumb Code    34  stm32f10x_gpio.o(.text)
    GPIO_ETH_MediaInterfaceConfig            0x08000549   Thumb Code     8  stm32f10x_gpio.o(.text)
    RCC_DeInit                               0x08000575   Thumb Code    62  stm32f10x_rcc.o(.text)
    RCC_HSEConfig                            0x080005b3   Thumb Code    50  stm32f10x_rcc.o(.text)
    RCC_GetFlagStatus                        0x080005e5   Thumb Code    42  stm32f10x_rcc.o(.text)
    RCC_WaitForHSEStartUp                    0x0800060f   Thumb Code    48  stm32f10x_rcc.o(.text)
    RCC_AdjustHSICalibrationValue            0x0800063f   Thumb Code    16  stm32f10x_rcc.o(.text)
    RCC_HSICmd                               0x0800064f   Thumb Code     6  stm32f10x_rcc.o(.text)
    RCC_PLLConfig                            0x08000655   Thumb Code    16  stm32f10x_rcc.o(.text)
    RCC_PLLCmd                               0x08000665   Thumb Code     6  stm32f10x_rcc.o(.text)
    RCC_PREDIV1Config                        0x0800066b   Thumb Code    18  stm32f10x_rcc.o(.text)
    RCC_PREDIV2Config                        0x0800067d   Thumb Code    14  stm32f10x_rcc.o(.text)
    RCC_PLL2Config                           0x0800068b   Thumb Code    14  stm32f10x_rcc.o(.text)
    RCC_PLL2Cmd                              0x08000699   Thumb Code     6  stm32f10x_rcc.o(.text)
    RCC_PLL3Config                           0x0800069f   Thumb Code    14  stm32f10x_rcc.o(.text)
    RCC_PLL3Cmd                              0x080006ad   Thumb Code     6  stm32f10x_rcc.o(.text)
    RCC_SYSCLKConfig                         0x080006b3   Thumb Code    14  stm32f10x_rcc.o(.text)
    RCC_GetSYSCLKSource                      0x080006c1   Thumb Code    10  stm32f10x_rcc.o(.text)
    RCC_HCLKConfig                           0x080006cb   Thumb Code    14  stm32f10x_rcc.o(.text)
    RCC_PCLK1Config                          0x080006d9   Thumb Code    14  stm32f10x_rcc.o(.text)
    RCC_PCLK2Config                          0x080006e7   Thumb Code    16  stm32f10x_rcc.o(.text)
    RCC_ITConfig                             0x080006f7   Thumb Code    22  stm32f10x_rcc.o(.text)
    RCC_OTGFSCLKConfig                       0x0800070d   Thumb Code     8  stm32f10x_rcc.o(.text)
    RCC_ADCCLKConfig                         0x08000715   Thumb Code    14  stm32f10x_rcc.o(.text)
    RCC_I2S2CLKConfig                        0x08000723   Thumb Code     6  stm32f10x_rcc.o(.text)
    RCC_I2S3CLKConfig                        0x08000729   Thumb Code     8  stm32f10x_rcc.o(.text)
    RCC_LSEConfig                            0x08000731   Thumb Code    36  stm32f10x_rcc.o(.text)
    RCC_LSICmd                               0x08000755   Thumb Code     6  stm32f10x_rcc.o(.text)
    RCC_RTCCLKConfig                         0x0800075b   Thumb Code    10  stm32f10x_rcc.o(.text)
    RCC_RTCCLKCmd                            0x08000765   Thumb Code     8  stm32f10x_rcc.o(.text)
    RCC_GetClocksFreq                        0x0800076d   Thumb Code   198  stm32f10x_rcc.o(.text)
    RCC_AHBPeriphClockCmd                    0x08000833   Thumb Code    22  stm32f10x_rcc.o(.text)
    RCC_APB2PeriphClockCmd                   0x08000849   Thumb Code    22  stm32f10x_rcc.o(.text)
    RCC_APB1PeriphClockCmd                   0x0800085f   Thumb Code    22  stm32f10x_rcc.o(.text)
    RCC_AHBPeriphResetCmd                    0x08000875   Thumb Code    22  stm32f10x_rcc.o(.text)
    RCC_APB2PeriphResetCmd                   0x0800088b   Thumb Code    22  stm32f10x_rcc.o(.text)
    RCC_APB1PeriphResetCmd                   0x080008a1   Thumb Code    22  stm32f10x_rcc.o(.text)
    RCC_BackupResetCmd                       0x080008b7   Thumb Code     8  stm32f10x_rcc.o(.text)
    RCC_ClockSecuritySystemCmd               0x080008bf   Thumb Code     6  stm32f10x_rcc.o(.text)
    RCC_MCOConfig                            0x080008c5   Thumb Code     6  stm32f10x_rcc.o(.text)
    RCC_ClearFlag                            0x080008cb   Thumb Code    12  stm32f10x_rcc.o(.text)
    RCC_GetITStatus                          0x080008d7   Thumb Code    16  stm32f10x_rcc.o(.text)
    RCC_ClearITPendingBit                    0x080008e7   Thumb Code     6  stm32f10x_rcc.o(.text)
    I2C_WriteDeviceRegister                  0x08000949   Thumb Code   224  stm3210c_eval_ioe.o(.text)
    I2C_ReadDeviceRegister                   0x08000a29   Thumb Code   328  stm3210c_eval_ioe.o(.text)
    IOE_TempSens_Config                      0x08000b71   Thumb Code    62  stm3210c_eval_ioe.o(.text)
    IOE_IOEdgeConfig                         0x08000baf   Thumb Code    72  stm3210c_eval_ioe.o(.text)
    IOE_IOAFConfig                           0x08000bf7   Thumb Code    40  stm3210c_eval_ioe.o(.text)
    IOE_IOPinConfig                          0x08000c1f   Thumb Code    40  stm3210c_eval_ioe.o(.text)
    IOE_WriteIOPin                           0x08000c47   Thumb Code    50  stm3210c_eval_ioe.o(.text)
    IOE_FnctCmd                              0x08000c79   Thumb Code    40  stm3210c_eval_ioe.o(.text)
    IOE_TS_Config                            0x08000cbd   Thumb Code   208  stm3210c_eval_ioe.o(.text)
    IOE_Reset                                0x08000d8d   Thumb Code    34  stm3210c_eval_ioe.o(.text)
    IOE_ReadID                               0x08000daf   Thumb Code    32  stm3210c_eval_ioe.o(.text)
    IOE_IsOperational                        0x08000dcf   Thumb Code    34  stm3210c_eval_ioe.o(.text)
    IOE_Config                               0x08000e51   Thumb Code   198  stm3210c_eval_ioe.o(.text)
    IOE_GITConfig                            0x08000f75   Thumb Code    40  stm3210c_eval_ioe.o(.text)
    IOE_GITCmd                               0x08000f9d   Thumb Code    34  stm3210c_eval_ioe.o(.text)
    IOE_IOITConfig                           0x08000fbf   Thumb Code    40  stm3210c_eval_ioe.o(.text)
    IOE_ITOutConfig                          0x08000fe7   Thumb Code    60  stm3210c_eval_ioe.o(.text)
    IOE_ITConfig                             0x08001023   Thumb Code   166  stm3210c_eval_ioe.o(.text)
    IOE_ReadIOPin                            0x080010c9   Thumb Code    44  stm3210c_eval_ioe.o(.text)
    IOE_JoyStickGetState                     0x080010f5   Thumb Code    66  stm3210c_eval_ioe.o(.text)
    I2C_ReadDataBuffer                       0x08001137   Thumb Code   356  stm3210c_eval_ioe.o(.text)
    IOE_TS_GetState                          0x080012f9   Thumb Code   106  stm3210c_eval_ioe.o(.text)
    IOE_TempSens_GetData                     0x08001363   Thumb Code    78  stm3210c_eval_ioe.o(.text)
    IOE_GetGITStatus                         0x080013b1   Thumb Code    32  stm3210c_eval_ioe.o(.text)
    IOE_ClearGITPending                      0x080013d1   Thumb Code    14  stm3210c_eval_ioe.o(.text)
    IOE_GetIOITStatus                        0x080013df   Thumb Code    22  stm3210c_eval_ioe.o(.text)
    IOE_ClearIOITPending                     0x080013f5   Thumb Code    46  stm3210c_eval_ioe.o(.text)
    I2C_DeInit                               0x08001431   Thumb Code    52  stm32f10x_i2c.o(.text)
    I2C_Init                                 0x08001465   Thumb Code   182  stm32f10x_i2c.o(.text)
    I2C_StructInit                           0x0800151b   Thumb Code    28  stm32f10x_i2c.o(.text)
    I2C_Cmd                                  0x08001537   Thumb Code    24  stm32f10x_i2c.o(.text)
    I2C_DMACmd                               0x0800154f   Thumb Code    24  stm32f10x_i2c.o(.text)
    I2C_DMALastTransferCmd                   0x08001567   Thumb Code    24  stm32f10x_i2c.o(.text)
    I2C_GenerateSTART                        0x0800157f   Thumb Code    24  stm32f10x_i2c.o(.text)
    I2C_GenerateSTOP                         0x08001597   Thumb Code    24  stm32f10x_i2c.o(.text)
    I2C_AcknowledgeConfig                    0x080015af   Thumb Code    24  stm32f10x_i2c.o(.text)
    I2C_OwnAddress2Config                    0x080015c7   Thumb Code    16  stm32f10x_i2c.o(.text)
    I2C_DualAddressCmd                       0x080015d7   Thumb Code    24  stm32f10x_i2c.o(.text)
    I2C_GeneralCallCmd                       0x080015ef   Thumb Code    24  stm32f10x_i2c.o(.text)
    I2C_ITConfig                             0x08001607   Thumb Code    20  stm32f10x_i2c.o(.text)
    I2C_SendData                             0x0800161b   Thumb Code     4  stm32f10x_i2c.o(.text)
    I2C_ReceiveData                          0x0800161f   Thumb Code     6  stm32f10x_i2c.o(.text)
    I2C_Send7bitAddress                      0x08001625   Thumb Code    18  stm32f10x_i2c.o(.text)
    I2C_ReadRegister                         0x08001637   Thumb Code    16  stm32f10x_i2c.o(.text)
    I2C_SoftwareResetCmd                     0x08001647   Thumb Code    24  stm32f10x_i2c.o(.text)
    I2C_SMBusAlertConfig                     0x0800165f   Thumb Code    26  stm32f10x_i2c.o(.text)
    I2C_TransmitPEC                          0x08001679   Thumb Code    24  stm32f10x_i2c.o(.text)
    I2C_PECPositionConfig                    0x08001691   Thumb Code    26  stm32f10x_i2c.o(.text)
    I2C_CalculatePEC                         0x080016ab   Thumb Code    24  stm32f10x_i2c.o(.text)
    I2C_GetPEC                               0x080016c3   Thumb Code     6  stm32f10x_i2c.o(.text)
    I2C_ARPCmd                               0x080016c9   Thumb Code    24  stm32f10x_i2c.o(.text)
    I2C_StretchClockCmd                      0x080016e1   Thumb Code    24  stm32f10x_i2c.o(.text)
    I2C_FastModeDutyCycleConfig              0x080016f9   Thumb Code    26  stm32f10x_i2c.o(.text)
    I2C_GetLastEvent                         0x08001713   Thumb Code    14  stm32f10x_i2c.o(.text)
    I2C_CheckEvent                           0x08001721   Thumb Code    24  stm32f10x_i2c.o(.text)
    I2C_GetFlagStatus                        0x08001739   Thumb Code    50  stm32f10x_i2c.o(.text)
    I2C_ClearFlag                            0x0800176b   Thumb Code     6  stm32f10x_i2c.o(.text)
    I2C_GetITStatus                          0x08001771   Thumb Code    34  stm32f10x_i2c.o(.text)
    I2C_ClearITPendingBit                    0x08001793   Thumb Code     6  stm32f10x_i2c.o(.text)
    EXTI_DeInit                              0x080017a5   Thumb Code    28  stm32f10x_exti.o(.text)
    EXTI_Init                                0x080017c1   Thumb Code   110  stm32f10x_exti.o(.text)
    EXTI_StructInit                          0x0800182f   Thumb Code    14  stm32f10x_exti.o(.text)
    EXTI_GenerateSWInterrupt                 0x0800183d   Thumb Code    12  stm32f10x_exti.o(.text)
    EXTI_GetFlagStatus                       0x08001849   Thumb Code    18  stm32f10x_exti.o(.text)
    EXTI_ClearFlag                           0x0800185b   Thumb Code     8  stm32f10x_exti.o(.text)
    EXTI_GetITStatus                         0x08001863   Thumb Code    28  stm32f10x_exti.o(.text)
    EXTI_ClearITPendingBit                   0x0800187f   Thumb Code     8  stm32f10x_exti.o(.text)
    NVIC_PriorityGroupConfig                 0x08001891   Thumb Code    10  misc.o(.text)
    NVIC_Init                                0x0800189b   Thumb Code    96  misc.o(.text)
    NVIC_SetVectorTable                      0x080018fb   Thumb Code    14  misc.o(.text)
    NVIC_SystemLPConfig                      0x08001909   Thumb Code    24  misc.o(.text)
    SysTick_CLKSourceConfig                  0x08001921   Thumb Code    28  misc.o(.text)
    GLCD_init                                0x08001989   Thumb Code   608  glcd.o(.text)
    GLCD_putPixel                            0x08001be9   Thumb Code    38  glcd.o(.text)
    GLCD_drawLine                            0x08001c0f   Thumb Code    94  glcd.o(.text)
    GLCD_drawRect                            0x08001c6d   Thumb Code    66  glcd.o(.text)
    GLCD_fillRect                            0x08001caf   Thumb Code    40  glcd.o(.text)
    GLCD_setTextColor                        0x08001cd7   Thumb Code     6  glcd.o(.text)
    GLCD_setBackColor                        0x08001cdd   Thumb Code     6  glcd.o(.text)
    GLCD_clear                               0x08001ce3   Thumb Code    46  glcd.o(.text)
    GLCD_drawChar                            0x08001d11   Thumb Code   138  glcd.o(.text)
    GLCD_displayChar                         0x08001d9b   Thumb Code    16  glcd.o(.text)
    GLCD_displayStringLn                     0x08001dab   Thumb Code    42  glcd.o(.text)
    GLCD_clearLn                             0x08001dd5   Thumb Code     4  glcd.o(.text)
    GLCD_bitmap                              0x08001dd9   Thumb Code   104  glcd.o(.text)
    TIM_DeInit                               0x08001ed1   Thumb Code   216  stm32f10x_tim.o(.text)
    TIM_TimeBaseInit                         0x08001fa9   Thumb Code    50  stm32f10x_tim.o(.text)
    TIM_OC1Init                              0x08001fdb   Thumb Code    92  stm32f10x_tim.o(.text)
    TIM_OC2Init                              0x08002037   Thumb Code   124  stm32f10x_tim.o(.text)
    TIM_OC3Init                              0x080020b3   Thumb Code   120  stm32f10x_tim.o(.text)
    TIM_OC4Init                              0x0800212b   Thumb Code    90  stm32f10x_tim.o(.text)
    TIM_SetIC4Prescaler                      0x08002185   Thumb Code    24  stm32f10x_tim.o(.text)
    TIM_SetIC3Prescaler                      0x080021d3   Thumb Code    16  stm32f10x_tim.o(.text)
    TIM_SetIC2Prescaler                      0x08002215   Thumb Code    24  stm32f10x_tim.o(.text)
    TIM_SetIC1Prescaler                      0x08002263   Thumb Code    16  stm32f10x_tim.o(.text)
    TIM_ICInit                               0x080022a1   Thumb Code   120  stm32f10x_tim.o(.text)
    TIM_PWMIConfig                           0x08002319   Thumb Code   106  stm32f10x_tim.o(.text)
    TIM_BDTRConfig                           0x08002383   Thumb Code    34  stm32f10x_tim.o(.text)
    TIM_TimeBaseStructInit                   0x080023a5   Thumb Code    18  stm32f10x_tim.o(.text)
    TIM_OCStructInit                         0x080023b7   Thumb Code    20  stm32f10x_tim.o(.text)
    TIM_ICStructInit                         0x080023cb   Thumb Code    16  stm32f10x_tim.o(.text)
    TIM_BDTRStructInit                       0x080023db   Thumb Code    18  stm32f10x_tim.o(.text)
    TIM_Cmd                                  0x080023ed   Thumb Code    26  stm32f10x_tim.o(.text)
    TIM_CtrlPWMOutputs                       0x08002407   Thumb Code    28  stm32f10x_tim.o(.text)
    TIM_ITConfig                             0x08002423   Thumb Code    20  stm32f10x_tim.o(.text)
    TIM_GenerateEvent                        0x08002437   Thumb Code     4  stm32f10x_tim.o(.text)
    TIM_DMAConfig                            0x0800243b   Thumb Code     8  stm32f10x_tim.o(.text)
    TIM_DMACmd                               0x08002443   Thumb Code    20  stm32f10x_tim.o(.text)
    TIM_InternalClockConfig                  0x08002457   Thumb Code    10  stm32f10x_tim.o(.text)
    TIM_SelectInputTrigger                   0x08002461   Thumb Code    12  stm32f10x_tim.o(.text)
    TIM_ITRxExternalClockConfig              0x0800246d   Thumb Code    20  stm32f10x_tim.o(.text)
    TIM_TIxExternalClockConfig               0x08002481   Thumb Code    48  stm32f10x_tim.o(.text)
    TIM_ETRConfig                            0x080024b1   Thumb Code    24  stm32f10x_tim.o(.text)
    TIM_ETRClockMode1Config                  0x080024c9   Thumb Code    32  stm32f10x_tim.o(.text)
    TIM_ETRClockMode2Config                  0x080024e9   Thumb Code    20  stm32f10x_tim.o(.text)
    TIM_PrescalerConfig                      0x080024fd   Thumb Code     6  stm32f10x_tim.o(.text)
    TIM_CounterModeConfig                    0x08002503   Thumb Code    14  stm32f10x_tim.o(.text)
    TIM_EncoderInterfaceConfig               0x08002511   Thumb Code    50  stm32f10x_tim.o(.text)
    TIM_ForcedOC1Config                      0x08002543   Thumb Code    12  stm32f10x_tim.o(.text)
    TIM_ForcedOC2Config                      0x0800254f   Thumb Code    20  stm32f10x_tim.o(.text)
    TIM_ForcedOC3Config                      0x08002563   Thumb Code    12  stm32f10x_tim.o(.text)
    TIM_ForcedOC4Config                      0x0800256f   Thumb Code    20  stm32f10x_tim.o(.text)
    TIM_ARRPreloadConfig                     0x08002583   Thumb Code    26  stm32f10x_tim.o(.text)
    TIM_SelectCOM                            0x0800259d   Thumb Code    24  stm32f10x_tim.o(.text)
    TIM_SelectCCDMA                          0x080025b5   Thumb Code    24  stm32f10x_tim.o(.text)
    TIM_CCPreloadControl                     0x080025cd   Thumb Code    24  stm32f10x_tim.o(.text)
    TIM_OC1PreloadConfig                     0x080025e5   Thumb Code    12  stm32f10x_tim.o(.text)
    TIM_OC2PreloadConfig                     0x080025f1   Thumb Code    20  stm32f10x_tim.o(.text)
    TIM_OC3PreloadConfig                     0x08002605   Thumb Code    12  stm32f10x_tim.o(.text)
    TIM_OC4PreloadConfig                     0x08002611   Thumb Code    20  stm32f10x_tim.o(.text)
    TIM_OC1FastConfig                        0x08002625   Thumb Code    12  stm32f10x_tim.o(.text)
    TIM_OC2FastConfig                        0x08002631   Thumb Code    20  stm32f10x_tim.o(.text)
    TIM_OC3FastConfig                        0x08002645   Thumb Code    12  stm32f10x_tim.o(.text)
    TIM_OC4FastConfig                        0x08002651   Thumb Code    20  stm32f10x_tim.o(.text)
    TIM_ClearOC1Ref                          0x08002665   Thumb Code    12  stm32f10x_tim.o(.text)
    TIM_ClearOC2Ref                          0x08002671   Thumb Code    20  stm32f10x_tim.o(.text)
    TIM_ClearOC3Ref                          0x08002685   Thumb Code    12  stm32f10x_tim.o(.text)
    TIM_ClearOC4Ref                          0x08002691   Thumb Code    20  stm32f10x_tim.o(.text)
    TIM_OC1PolarityConfig                    0x080026a5   Thumb Code    12  stm32f10x_tim.o(.text)
    TIM_OC1NPolarityConfig                   0x080026b1   Thumb Code    12  stm32f10x_tim.o(.text)
    TIM_OC2PolarityConfig                    0x080026bd   Thumb Code    20  stm32f10x_tim.o(.text)
    TIM_OC2NPolarityConfig                   0x080026d1   Thumb Code    20  stm32f10x_tim.o(.text)
    TIM_OC3PolarityConfig                    0x080026e5   Thumb Code    20  stm32f10x_tim.o(.text)
    TIM_OC3NPolarityConfig                   0x080026f9   Thumb Code    20  stm32f10x_tim.o(.text)
    TIM_OC4PolarityConfig                    0x0800270d   Thumb Code    20  stm32f10x_tim.o(.text)
    TIM_CCxCmd                               0x08002721   Thumb Code    22  stm32f10x_tim.o(.text)
    TIM_CCxNCmd                              0x08002737   Thumb Code    22  stm32f10x_tim.o(.text)
    TIM_SelectOCxM                           0x0800274d   Thumb Code    80  stm32f10x_tim.o(.text)
    TIM_UpdateDisableConfig                  0x0800279d   Thumb Code    26  stm32f10x_tim.o(.text)
    TIM_UpdateRequestConfig                  0x080027b7   Thumb Code    26  stm32f10x_tim.o(.text)
    TIM_SelectHallSensor                     0x080027d1   Thumb Code    24  stm32f10x_tim.o(.text)
    TIM_SelectOnePulseMode                   0x080027e9   Thumb Code    18  stm32f10x_tim.o(.text)
    TIM_SelectOutputTrigger                  0x080027fb   Thumb Code    16  stm32f10x_tim.o(.text)
    TIM_SelectSlaveMode                      0x0800280b   Thumb Code    16  stm32f10x_tim.o(.text)
    TIM_SelectMasterSlaveMode                0x0800281b   Thumb Code    16  stm32f10x_tim.o(.text)
    TIM_SetCounter                           0x0800282b   Thumb Code     4  stm32f10x_tim.o(.text)
    TIM_SetAutoreload                        0x0800282f   Thumb Code     4  stm32f10x_tim.o(.text)
    TIM_SetCompare1                          0x08002833   Thumb Code     4  stm32f10x_tim.o(.text)
    TIM_SetCompare2                          0x08002837   Thumb Code     4  stm32f10x_tim.o(.text)
    TIM_SetCompare3                          0x0800283b   Thumb Code     4  stm32f10x_tim.o(.text)
    TIM_SetCompare4                          0x0800283f   Thumb Code     6  stm32f10x_tim.o(.text)
    TIM_SetClockDivision                     0x08002845   Thumb Code    14  stm32f10x_tim.o(.text)
    TIM_GetCapture1                          0x08002853   Thumb Code     4  stm32f10x_tim.o(.text)
    TIM_GetCapture2                          0x08002857   Thumb Code     4  stm32f10x_tim.o(.text)
    TIM_GetCapture3                          0x0800285b   Thumb Code     4  stm32f10x_tim.o(.text)
    TIM_GetCapture4                          0x0800285f   Thumb Code     6  stm32f10x_tim.o(.text)
    TIM_GetCounter                           0x08002865   Thumb Code     4  stm32f10x_tim.o(.text)
    TIM_GetPrescaler                         0x08002869   Thumb Code     4  stm32f10x_tim.o(.text)
    TIM_GetFlagStatus                        0x0800286d   Thumb Code    14  stm32f10x_tim.o(.text)
    TIM_ClearFlag                            0x0800287b   Thumb Code     6  stm32f10x_tim.o(.text)
    TIM_GetITStatus                          0x08002881   Thumb Code    24  stm32f10x_tim.o(.text)
    TIM_ClearITPendingBit                    0x08002899   Thumb Code     6  stm32f10x_tim.o(.text)
    prvSetupHardware                         0x080028a1   Thumb Code   244  setup.o(.text)
    LED_out                                  0x08002995   Thumb Code    70  setup.o(.text)
    assert_failed                            0x080029db   Thumb Code    10  setup.o(.text)
    fputc                                    0x08002b55   Thumb Code    24  main.o(.text)
    registerTSCallback                       0x08002c19   Thumb Code    36  main.o(.text)
    main                                     0x08002dbb   Thumb Code   304  main.o(.text)
    pvPortMalloc                             0x08002f25   Thumb Code   172  heap_2.o(.text)
    vPortFree                                0x08002fd1   Thumb Code    58  heap_2.o(.text)
    xPortGetFreeHeapSize                     0x0800300b   Thumb Code     6  heap_2.o(.text)
    vPortInitialiseBlocks                    0x08003011   Thumb Code     2  heap_2.o(.text)
    vListInitialise                          0x0800301d   Thumb Code    22  list.o(.text)
    vListInitialiseItem                      0x08003033   Thumb Code     6  list.o(.text)
    vListInsertEnd                           0x08003039   Thumb Code    28  list.o(.text)
    vListInsert                              0x08003055   Thumb Code    48  list.o(.text)
    vListRemove                              0x08003085   Thumb Code    36  list.o(.text)
    pxPortInitialiseStack                    0x080030a9   Thumb Code    20  port.o(.text)
    xPortStartScheduler                      0x080030cb   Thumb Code    38  port.o(.text)
    vPortEndScheduler                        0x080030f1   Thumb Code     2  port.o(.text)
    vPortYieldFromISR                        0x080030f3   Thumb Code    12  port.o(.text)
    vPortEnterCritical                       0x080030ff   Thumb Code    16  port.o(.text)
    vPortExitCritical                        0x0800310f   Thumb Code    18  port.o(.text)
    xPortSysTickHandler                      0x08003121   Thumb Code    28  port.o(.text)
    xQueueCreate                             0x08003149   Thumb Code    96  queue.o(.text)
    xQueueGenericSend                        0x08003287   Thumb Code   200  queue.o(.text)
    xQueueCreateMutex                        0x0800334f   Thumb Code    68  queue.o(.text)
    xQueueGenericSendFromISR                 0x08003393   Thumb Code    82  queue.o(.text)
    xQueueGenericReceive                     0x08003427   Thumb Code   260  queue.o(.text)
    xQueueReceiveFromISR                     0x0800352b   Thumb Code    78  queue.o(.text)
    uxQueueMessagesWaiting                   0x08003579   Thumb Code    18  queue.o(.text)
    uxQueueMessagesWaitingFromISR            0x0800358b   Thumb Code     4  queue.o(.text)
    vQueueDelete                             0x0800358f   Thumb Code    20  queue.o(.text)
    xQueueIsQueueEmptyFromISR                0x080035a3   Thumb Code    14  queue.o(.text)
    xQueueIsQueueFullFromISR                 0x080035b1   Thumb Code    16  queue.o(.text)
    xTaskGenericCreate                       0x08003681   Thumb Code   206  tasks.o(.text)
    vTaskDelete                              0x0800374f   Thumb Code    90  tasks.o(.text)
    vTaskIncrementTick                       0x080037a9   Thumb Code   118  tasks.o(.text)
    xTaskResumeAll                           0x0800381f   Thumb Code   166  tasks.o(.text)
    vTaskSuspendAll                          0x080038c5   Thumb Code    10  tasks.o(.text)
    vTaskDelayUntil                          0x080038cf   Thumb Code   112  tasks.o(.text)
    vTaskDelay                               0x0800393f   Thumb Code    78  tasks.o(.text)
    uxTaskPriorityGet                        0x0800398d   Thumb Code    32  tasks.o(.text)
    vTaskPrioritySet                         0x080039ad   Thumb Code   146  tasks.o(.text)
    vTaskSwitchContext                       0x08003a3f   Thumb Code    74  tasks.o(.text)
    vTaskSuspend                             0x08003a89   Thumb Code    92  tasks.o(.text)
    xTaskIsTaskSuspended                     0x08003ae5   Thumb Code    30  tasks.o(.text)
    vTaskResume                              0x08003b03   Thumb Code    86  tasks.o(.text)
    xTaskResumeFromISR                       0x08003b59   Thumb Code    88  tasks.o(.text)
    vTaskStartScheduler                      0x08003c2b   Thumb Code    50  tasks.o(.text)
    vTaskEndScheduler                        0x08003c5d   Thumb Code    20  tasks.o(.text)
    xTaskGetTickCount                        0x08003c71   Thumb Code    18  tasks.o(.text)
    xTaskGetTickCountFromISR                 0x08003c83   Thumb Code     6  tasks.o(.text)
    uxTaskGetNumberOfTasks                   0x08003c89   Thumb Code     6  tasks.o(.text)
    vTaskPlaceOnEventList                    0x08003c8f   Thumb Code    84  tasks.o(.text)
    xTaskRemoveFromEventList                 0x08003ce3   Thumb Code    94  tasks.o(.text)
    vTaskSetTimeOutState                     0x08003d41   Thumb Code    12  tasks.o(.text)
    xTaskCheckForTimeOut                     0x08003d4d   Thumb Code    80  tasks.o(.text)
    vTaskMissedYield                         0x08003d9d   Thumb Code     8  tasks.o(.text)
    xTaskGetCurrentTaskHandle                0x08003da5   Thumb Code     6  tasks.o(.text)
    vTaskPriorityInherit                     0x08003dab   Thumb Code   114  tasks.o(.text)
    vTaskPriorityDisinherit                  0x08003e1d   Thumb Code    66  tasks.o(.text)
    __aeabi_memcpy                           0x08003e69   Thumb Code    36  memcpya.o(.text)
    __aeabi_memcpy4                          0x08003e69   Thumb Code     0  memcpya.o(.text)
    __aeabi_memcpy8                          0x08003e69   Thumb Code     0  memcpya.o(.text)
    __aeabi_memset                           0x08003e8d   Thumb Code    14  memseta.o(.text)
    __aeabi_memset4                          0x08003e8d   Thumb Code     0  memseta.o(.text)
    __aeabi_memset8                          0x08003e8d   Thumb Code     0  memseta.o(.text)
    __aeabi_memclr                           0x08003e9b   Thumb Code     4  memseta.o(.text)
    __aeabi_memclr4                          0x08003e9b   Thumb Code     0  memseta.o(.text)
    __aeabi_memclr8                          0x08003e9b   Thumb Code     0  memseta.o(.text)
    _memset$wrapper                          0x08003e9f   Thumb Code    18  memseta.o(.text)
    strncpy                                  0x08003eb1   Thumb Code    24  strncpy.o(.text)
    __aeabi_dmul                             0x08003ec9   Thumb Code   228  dmul.o(.text)
    __aeabi_i2d                              0x08003fad   Thumb Code    34  dflti.o(.text)
    __aeabi_d2uiz                            0x08003fcf   Thumb Code    50  dfixui.o(.text)
    __aeabi_uidiv                            0x08004001   Thumb Code     0  uidiv.o(.text)
    __aeabi_uidivmod                         0x08004001   Thumb Code    44  uidiv.o(.text)
    __aeabi_llsr                             0x0800402d   Thumb Code    32  llushr.o(.text)
    _ll_ushift_r                             0x0800402d   Thumb Code     0  llushr.o(.text)
    __I$use$fp                               0x0800404d   Thumb Code     0  iusefp.o(.text)
    _double_round                            0x0800404d   Thumb Code    30  depilogue.o(.text)
    _double_epilogue                         0x0800406b   Thumb Code   156  depilogue.o(.text)
    __scatterload                            0x08004109   Thumb Code    28  init.o(.text)
    __scatterload_rt2                        0x08004109   Thumb Code     0  init.o(.text)
    __aeabi_llsl                             0x0800412d   Thumb Code    30  llshl.o(.text)
    _ll_shift_l                              0x0800412d   Thumb Code     0  llshl.o(.text)
    __decompress                             0x0800414b   Thumb Code     0  __dclz77c.o(.text)
    __decompress2                            0x0800414b   Thumb Code    94  __dclz77c.o(.text)
    __0printf$3                              0x080041a9   Thumb Code    22  printf3.o(i.__0printf$3)
    __1printf$3                              0x080041a9   Thumb Code     0  printf3.o(i.__0printf$3)
    __2printf                                0x080041a9   Thumb Code     0  printf3.o(i.__0printf$3)
    __scatterload_copy                       0x080041c9   Thumb Code    14  handlers.o(i.__scatterload_copy)
    __scatterload_null                       0x080041d7   Thumb Code     2  handlers.o(i.__scatterload_null)
    __scatterload_zeroinit                   0x080041d9   Thumb Code    14  handlers.o(i.__scatterload_zeroinit)
    blob                                     0x080043a0   Data          32  main.o(.constdata)
    Region$$Table$$Base                      0x080043c0   Number         0  anon$$obj.o(Region$$Table)
    Region$$Table$$Limit                     0x080043e0   Number         0  anon$$obj.o(Region$$Table)
    SystemFrequency                          0x20000000   Data           4  system_stm32f10x_cl.o(.data)
    SystemFrequency_SysClk                   0x20000004   Data           4  system_stm32f10x_cl.o(.data)
    SystemFrequency_AHBClk                   0x20000008   Data           4  system_stm32f10x_cl.o(.data)
    SystemFrequency_APB1Clk                  0x2000000c   Data           4  system_stm32f10x_cl.o(.data)
    SystemFrequency_APB2Clk                  0x20000010   Data           4  system_stm32f10x_cl.o(.data)
    TimeOut                                  0x20000028   Data           4  stm3210c_eval_ioe.o(.data)
    TS_State                                 0x20000038   Data           8  stm3210c_eval_ioe.o(.data)
    ASCII_Table                              0x20000046   Data        5376  glcd.o(.data)
    lcdLock                                  0x2000154c   Data           4  main.o(.data)
    printQueue                               0x20001550   Data           4  main.o(.data)
    buttonQueue                              0x20001554   Data           4  main.o(.data)
    pxCurrentTCB                             0x20001574   Data           4  tasks.o(.data)
    __stdout                                 0x200015ac   Data           4  stdout.o(.data)
    __initial_sp                             0x2000f878   Data           0  stm32f10x.o(STACK)



==============================================================================

Memory Map of the image

  Image Entry point : 0x08000189

  Load Region LR_1 (Base: 0x08000000, Size: 0x00005990, Max: 0xffffffff, ABSOLUTE, COMPRESSED[0x00004b94])

    Execution Region ER_RO (Base: 0x08000000, Size: 0x000043e0, Max: 0xffffffff, ABSOLUTE)

    Base Addr    Size         Type   Attr      Idx    E Section Name        Object

    0x08000000   0x000000ec   Data   RO            3    RESET               stm32f10x.o
    0x080000ec   0x00000000   Code   RO          372  * .ARM.Collect$$$$00000000  mc_w.l(entry.o)
    0x080000ec   0x00000004   Code   RO          650    .ARM.Collect$$$$00000001  mc_w.l(entry2.o)
    0x080000f0   0x00000004   Code   RO          653    .ARM.Collect$$$$00000004  mc_w.l(entry5.o)
    0x080000f4   0x00000000   Code   RO          655    .ARM.Collect$$$$00000008  mc_w.l(entry7b.o)
    0x080000f4   0x00000000   Code   RO          657    .ARM.Collect$$$$0000000A  mc_w.l(entry8b.o)
    0x080000f4   0x00000008   Code   RO          658    .ARM.Collect$$$$0000000B  mc_w.l(entry9a.o)
    0x080000fc   0x00000000   Code   RO          660    .ARM.Collect$$$$0000000D  mc_w.l(entry10a.o)
    0x080000fc   0x00000000   Code   RO          662    .ARM.Collect$$$$0000000F  mc_w.l(entry11a.o)
    0x080000fc   0x00000004   Code   RO          651    .ARM.Collect$$$$00002712  mc_w.l(entry2.o)
    0x08000100   0x00000088   Code   RO          305    .emb_text           port.o
    0x08000188   0x0000001c   Code   RO            4  * .text               stm32f10x.o
    0x080001a4   0x00000148   Code   RO           10    .text               system_stm32f10x_cl.o
    0x080002ec   0x00000288   Code   RO           39    .text               stm32f10x_gpio.o
    0x08000574   0x000003a4   Code   RO           60    .text               stm32f10x_rcc.o
    0x08000918   0x00000b18   Code   RO           77    .text               stm3210c_eval_ioe.o
    0x08001430   0x00000374   Code   RO          110    .text               stm32f10x_i2c.o
    0x080017a4   0x000000ec   Code   RO          125    .text               stm32f10x_exti.o
    0x08001890   0x000000b8   Code   RO          140    .text               misc.o
    0x08001948   0x00000588   Code   RO          155    .text               glcd.o
    0x08001ed0   0x000009ce   Code   RO          176    .text               stm32f10x_tim.o
    0x0800289e   0x00000002   PAD
    0x080028a0   0x00000184   Code   RO          191    .text               setup.o
    0x08002a24   0x00000500   Code   RO          214    .text               main.o
    0x08002f24   0x000000f8   Code   RO          272    .text               heap_2.o
    0x0800301c   0x0000008c   Code   RO          293    .text               list.o
    0x080030a8   0x000000a0   Code   RO          306    .text               port.o
    0x08003148   0x00000478   Code   RO          326    .text               queue.o
    0x080035c0   0x000008a8   Code   RO          344    .text               tasks.o
    0x08003e68   0x00000024   Code   RO          375    .text               mc_w.l(memcpya.o)
    0x08003e8c   0x00000024   Code   RO          377    .text               mc_w.l(memseta.o)
    0x08003eb0   0x00000018   Code   RO          379    .text               mc_w.l(strncpy.o)
    0x08003ec8   0x000000e4   Code   RO          644    .text               mf_w.l(dmul.o)
    0x08003fac   0x00000022   Code   RO          646    .text               mf_w.l(dflti.o)
    0x08003fce   0x00000032   Code   RO          648    .text               mf_w.l(dfixui.o)
    0x08004000   0x0000002c   Code   RO          665    .text               mc_w.l(uidiv.o)
    0x0800402c   0x00000020   Code   RO          669    .text               mc_w.l(llushr.o)
    0x0800404c   0x00000000   Code   RO          671    .text               mc_w.l(iusefp.o)
    0x0800404c   0x000000ba   Code   RO          672    .text               mf_w.l(depilogue.o)
    0x08004106   0x00000002   PAD
    0x08004108   0x00000024   Code   RO          682    .text               mc_w.l(init.o)
    0x0800412c   0x0000001e   Code   RO          684    .text               mc_w.l(llshl.o)
    0x0800414a   0x0000005e   Code   RO          696    .text               mc_w.l(__dclz77c.o)
    0x080041a8   0x00000020   Code   RO          472    i.__0printf$3       mc_w.l(printf3.o)
    0x080041c8   0x0000000e   Code   RO          690    i.__scatterload_copy  mc_w.l(handlers.o)
    0x080041d6   0x00000002   Code   RO          691    i.__scatterload_null  mc_w.l(handlers.o)
    0x080041d8   0x0000000e   Code   RO          692    i.__scatterload_zeroinit  mc_w.l(handlers.o)
    0x080041e6   0x00000002   PAD
    0x080041e8   0x000001b8   Code   RO          479    i._printf_core      mc_w.l(printf3.o)
    0x080043a0   0x00000020   Data   RO          217    .constdata          main.o
    0x080043c0   0x00000020   Data   RO          688    Region$$Table       anon$$obj.o


    Execution Region ER_RW (Base: 0x20000000, Size: 0x000015b0, Max: 0xffffffff, ABSOLUTE, COMPRESSED[0x000007b4])

    Base Addr    Size         Type   Attr      Idx    E Section Name        Object

    0x20000000   0x00000014   Data   RW           11    .data               system_stm32f10x_cl.o
    0x20000014   0x00000014   Data   RW           61    .data               stm32f10x_rcc.o
    0x20000028   0x00000018   Data   RW           78    .data               stm3210c_eval_ioe.o
    0x20000040   0x00001506   Data   RW          156    .data               glcd.o
    0x20001546   0x00000002   PAD
    0x20001548   0x00000010   Data   RW          218    .data               main.o
    0x20001558   0x00000018   Data   RW          274    .data               heap_2.o
    0x20001570   0x00000004   Data   RW          307    .data               port.o
    0x20001574   0x00000038   Data   RW          346    .data               tasks.o
    0x200015ac   0x00000004   Data   RW          664    .data               mc_w.l(stdout.o)


    Execution Region ER_ZI (Base: 0x200015b0, Size: 0x0000e2c8, Max: 0xffffffff, ABSOLUTE)

    Base Addr    Size         Type   Attr      Idx    E Section Name        Object

    0x200015b0   0x00000400   Zero   RW          216    .bss                main.o
    0x200019b0   0x0000dc00   Zero   RW          273    .bss                heap_2.o
    0x2000f5b0   0x000000c8   Zero   RW          345    .bss                tasks.o
    0x2000f678   0x00000200   Zero   RW            1    STACK               stm32f10x.o


==============================================================================

Image component sizes


      Code (inc. data)   RO Data    RW Data    ZI Data      Debug   Object Name

      1416         70          0       5382          0       6570   glcd.o
       248         10          0         24      56320       5016   heap_2.o
       140          0          0          0          0       1857   list.o
      1280        190         32         16       1024      30798   main.o
       184         12          0          0          0       3709   misc.o
       296         24          0          4          0       2545   port.o
      1144          0          0          0          0       7735   queue.o
       388         64          0          0          0       2681   setup.o
      2840         56          0         24          0      35343   stm3210c_eval_ioe.o
        28          4        236          0        512        840   stm32f10x.o
       236         10          0          0          0       4699   stm32f10x_exti.o
       648         36          0          0          0      26457   stm32f10x_gpio.o
       884         12          0          0          0      17484   stm32f10x_i2c.o
       932         44          0         20          0      24806   stm32f10x_rcc.o
      2510         30          0          0          0      43488   stm32f10x_tim.o
       328         40          0         20          0     222629   system_stm32f10x_cl.o
      2216         40          0         56        200      13225   tasks.o

    ----------------------------------------------------------------------
     15720        642        300       5548      58056     449882   Object Totals
         0          0         32          0          0          0   (incl. Generated)
         2          0          0          2          0          0   (incl. Padding)

    ----------------------------------------------------------------------

      Code (inc. data)   RO Data    RW Data    ZI Data      Debug   Library Member Name

        94          0          0          0          0          0   __dclz77c.o
         0          0          0          0          0          0   entry.o
         0          0          0          0          0          0   entry10a.o
         0          0          0          0          0          0   entry11a.o
         8          4          0          0          0          0   entry2.o
         4          0          0          0          0          0   entry5.o
         0          0          0          0          0          0   entry7b.o
         0          0          0          0          0          0   entry8b.o
         8          4          0          0          0          0   entry9a.o
        30          0          0          0          0          0   handlers.o
        36          8          0          0          0         68   init.o
         0          0          0          0          0          0   iusefp.o
        30          0          0          0          0         68   llshl.o
        32          0          0          0          0         68   llushr.o
        36          0          0          0          0         68   memcpya.o
        36          0          0          0          0        108   memseta.o
       472         14          0          0          0        184   printf3.o
         0          0          0          4          0          0   stdout.o
        24          0          0          0          0         76   strncpy.o
        44          0          0          0          0         80   uidiv.o
       186          0          0          0          0        176   depilogue.o
        50          0          0          0          0         76   dfixui.o
        34          0          0          0          0         76   dflti.o
       228          0          0          0          0         96   dmul.o

    ----------------------------------------------------------------------
      1356         30          0          4          0       1144   Library Totals
         4          0          0          0          0          0   (incl. Padding)

    ----------------------------------------------------------------------

      Code (inc. data)   RO Data    RW Data    ZI Data      Debug   Library Name

       854         30          0          4          0        720   mc_w.l
       498          0          0          0          0        424   mf_w.l

    ----------------------------------------------------------------------
      1356         30          0          4          0       1144   Library Totals

    ----------------------------------------------------------------------

==============================================================================


      Code (inc. data)   RO Data    RW Data    ZI Data      Debug   

     17076        672        300       5552      58056     448502   Grand Totals
     17076        672        300       1972      58056     448502   ELF Image Totals (compressed)
     17076        672        300       1972          0          0   ROM Totals

==============================================================================

    Total RO  Size (Code + RO Data)                17376 (  16.97kB)
    Total RW  Size (RW Data + ZI Data)             63608 (  62.12kB)
    Total ROM Size (Code + RO Data + RW Data)      19348 (  18.89kB)

==============================================================================

