Component: ARM Compiler 5.06 update 2 (build 183) Tool: armlink [4d35b7]

==============================================================================

Section Cross References

    stm32f10x.o(RESET) refers to stm32f10x.o(STACK) for __initial_sp
    stm32f10x.o(RESET) refers to stm32f10x.o(.text) for Reset_Handler
    stm32f10x.o(RESET) refers to port.o(.emb_text) for vPortSVCHandler
    stm32f10x.o(RESET) refers to port.o(.text) for xPortSysTickHandler
    stm32f10x.o(.text) refers to entry.o(.ARM.Collect$$$$00000000) for __main
    system_stm32f10x_cl.o(.text) refers to dflti.o(.text) for __aeabi_i2d
    system_stm32f10x_cl.o(.text) refers to dmul.o(.text) for __aeabi_dmul
    system_stm32f10x_cl.o(.text) refers to dfixui.o(.text) for __aeabi_d2uiz
    system_stm32f10x_cl.o(.text) refers to system_stm32f10x_cl.o(.data) for .data
    stm32f10x_gpio.o(.text) refers to stm32f10x_rcc.o(.text) for RCC_APB2PeriphResetCmd
    stm32f10x_rcc.o(.text) refers to stm32f10x_rcc.o(.data) for .data
    stm3210c_eval_ioe.o(.text) refers to stm32f10x_i2c.o(.text) for I2C_Init
    stm3210c_eval_ioe.o(.text) refers to stm3210c_eval_ioe.o(.data) for .data
    stm3210c_eval_ioe.o(.text) refers to stm32f10x_rcc.o(.text) for RCC_APB1PeriphClockCmd
    stm3210c_eval_ioe.o(.text) refers to stm32f10x_gpio.o(.text) for GPIO_Init
    stm3210c_eval_ioe.o(.text) refers to stm32f10x_exti.o(.text) for EXTI_Init
    stm3210c_eval_ioe.o(.text) refers to misc.o(.text) for NVIC_Init
    stm3210c_eval_ioe.o(.text) refers to tasks.o(.text) for vTaskDelay
    stm32f10x_i2c.o(.text) refers to stm32f10x_rcc.o(.text) for RCC_APB1PeriphResetCmd
    glcd.o(.text) refers to glcd.o(.data) for .data
    stm32f10x_tim.o(.text) refers to stm32f10x_rcc.o(.text) for RCC_APB2PeriphResetCmd
    setup.o(.text) refers to system_stm32f10x_cl.o(.text) for SystemInit
    setup.o(.text) refers to printf6.o(i.__0printf$6) for __2printf
    setup.o(.text) refers to system_stm32f10x_cl.o(.data) for SystemFrequency
    main.o(.text) refers to queue.o(.text) for xQueueGenericReceive
    main.o(.text) refers to glcd.o(.text) for GLCD_displayChar
    main.o(.text) refers to setup.o(.text) for LED_out
    main.o(.text) refers to tasks.o(.text) for vTaskDelay
    main.o(.text) refers to printf6.o(i.__0printf$6) for __2printf
    main.o(.text) refers to main.o(.data) for .data
    main.o(.text) refers to main.o(.bss) for .bss
    main.o(.text) refers to rand.o(.text) for rand
    main.o(.text) refers to memcpya.o(.text) for __aeabi_memcpy4
    main.o(.text) refers to stm3210c_eval_ioe.o(.text) for IOE_JoyStickGetState
    heap_2.o(.text) refers to tasks.o(.text) for vTaskSuspendAll
    heap_2.o(.text) refers to heap_2.o(.data) for .data
    heap_2.o(.text) refers to heap_2.o(.bss) for .bss
    port.o(.emb_text) refers to tasks.o(.text) for vTaskSwitchContext
    port.o(.emb_text) refers to tasks.o(.data) for pxCurrentTCB
    port.o(.text) refers to port.o(.emb_text) for vPortStartFirstTask
    port.o(.text) refers to tasks.o(.text) for vTaskIncrementTick
    port.o(.text) refers to port.o(.data) for .data
    queue.o(.text) refers to heap_2.o(.text) for pvPortMalloc
    queue.o(.text) refers to list.o(.text) for vListInitialise
    queue.o(.text) refers to port.o(.text) for vPortEnterCritical
    queue.o(.text) refers to tasks.o(.text) for xTaskRemoveFromEventList
    queue.o(.text) refers to memcpya.o(.text) for __aeabi_memcpy
    queue.o(.text) refers to port.o(.emb_text) for vPortSetInterruptMask
    tasks.o(.text) refers to list.o(.text) for vListInitialise
    tasks.o(.text) refers to strncpy.o(.text) for strncpy
    tasks.o(.text) refers to heap_2.o(.text) for pvPortMalloc
    tasks.o(.text) refers to memseta.o(.text) for __aeabi_memset
    tasks.o(.text) refers to port.o(.text) for pxPortInitialiseStack
    tasks.o(.text) refers to tasks.o(.bss) for .bss
    tasks.o(.text) refers to tasks.o(.data) for .data
    tasks.o(.text) refers to port.o(.emb_text) for vPortSetInterruptMask
    entry.o(.ARM.Collect$$$$00000000) refers (Special) to entry10a.o(.ARM.Collect$$$$0000000D) for __rt_final_cpp
    entry.o(.ARM.Collect$$$$00000000) refers (Special) to entry11a.o(.ARM.Collect$$$$0000000F) for __rt_final_exit
    entry.o(.ARM.Collect$$$$00000000) refers (Special) to entry7b.o(.ARM.Collect$$$$00000008) for _main_clock
    entry.o(.ARM.Collect$$$$00000000) refers (Special) to entry8b.o(.ARM.Collect$$$$0000000A) for _main_cpp_init
    entry.o(.ARM.Collect$$$$00000000) refers (Special) to entry9a.o(.ARM.Collect$$$$0000000B) for _main_init
    entry.o(.ARM.Collect$$$$00000000) refers (Special) to entry5.o(.ARM.Collect$$$$00000004) for _main_scatterload
    entry.o(.ARM.Collect$$$$00000000) refers (Special) to entry2.o(.ARM.Collect$$$$00000001) for _main_stk
    rand.o(.text) refers to rand.o(.data) for .data
    printfb.o(i.__0fprintf$bare) refers to printfb.o(i._printf_core) for _printf_core
    printfb.o(i.__0fprintf$bare) refers to main.o(.text) for fputc
    printfb.o(i.__0printf$bare) refers to printfb.o(i._printf_core) for _printf_core
    printfb.o(i.__0printf$bare) refers to main.o(.text) for fputc
    printfb.o(i.__0printf$bare) refers to stdout.o(.data) for __stdout
    printfb.o(i.__0snprintf$bare) refers to printfb.o(i._printf_core) for _printf_core
    printfb.o(i.__0snprintf$bare) refers to printfb.o(i._snputc) for _snputc
    printfb.o(i.__0sprintf$bare) refers to printfb.o(i._printf_core) for _printf_core
    printfb.o(i.__0sprintf$bare) refers to printfb.o(i._sputc) for _sputc
    printfb.o(i.__0vfprintf$bare) refers to printfb.o(i._printf_core) for _printf_core
    printfb.o(i.__0vfprintf$bare) refers to main.o(.text) for fputc
    printfb.o(i.__0vprintf$bare) refers to printfb.o(i._printf_core) for _printf_core
    printfb.o(i.__0vprintf$bare) refers to main.o(.text) for fputc
    printfb.o(i.__0vprintf$bare) refers to stdout.o(.data) for __stdout
    printfb.o(i.__0vsnprintf$bare) refers to printfb.o(i._printf_core) for _printf_core
    printfb.o(i.__0vsnprintf$bare) refers to printfb.o(i._snputc) for _snputc
    printfb.o(i.__0vsprintf$bare) refers to printfb.o(i._printf_core) for _printf_core
    printfb.o(i.__0vsprintf$bare) refers to printfb.o(i._sputc) for _sputc
    printf0.o(i.__0fprintf$0) refers to printf0.o(i._printf_core) for _printf_core
    printf0.o(i.__0fprintf$0) refers to main.o(.text) for fputc
    printf0.o(i.__0printf$0) refers to printf0.o(i._printf_core) for _printf_core
    printf0.o(i.__0printf$0) refers to main.o(.text) for fputc
    printf0.o(i.__0printf$0) refers to stdout.o(.data) for __stdout
    printf0.o(i.__0snprintf$0) refers to printf0.o(i._printf_core) for _printf_core
    printf0.o(i.__0snprintf$0) refers to printf0.o(i._snputc) for _snputc
    printf0.o(i.__0sprintf$0) refers to printf0.o(i._printf_core) for _printf_core
    printf0.o(i.__0sprintf$0) refers to printf0.o(i._sputc) for _sputc
    printf0.o(i.__0vfprintf$0) refers to printf0.o(i._printf_core) for _printf_core
    printf0.o(i.__0vfprintf$0) refers to main.o(.text) for fputc
    printf0.o(i.__0vprintf$0) refers to printf0.o(i._printf_core) for _printf_core
    printf0.o(i.__0vprintf$0) refers to main.o(.text) for fputc
    printf0.o(i.__0vprintf$0) refers to stdout.o(.data) for __stdout
    printf0.o(i.__0vsnprintf$0) refers to printf0.o(i._printf_core) for _printf_core
    printf0.o(i.__0vsnprintf$0) refers to printf0.o(i._snputc) for _snputc
    printf0.o(i.__0vsprintf$0) refers to printf0.o(i._printf_core) for _printf_core
    printf0.o(i.__0vsprintf$0) refers to printf0.o(i._sputc) for _sputc
    printf1.o(i.__0fprintf$1) refers to printf1.o(i._printf_core) for _printf_core
    printf1.o(i.__0fprintf$1) refers to main.o(.text) for fputc
    printf1.o(i.__0printf$1) refers to printf1.o(i._printf_core) for _printf_core
    printf1.o(i.__0printf$1) refers to main.o(.text) for fputc
    printf1.o(i.__0printf$1) refers to stdout.o(.data) for __stdout
    printf1.o(i.__0snprintf$1) refers to printf1.o(i._printf_core) for _printf_core
    printf1.o(i.__0snprintf$1) refers to printf1.o(i._snputc) for _snputc
    printf1.o(i.__0sprintf$1) refers to printf1.o(i._printf_core) for _printf_core
    printf1.o(i.__0sprintf$1) refers to printf1.o(i._sputc) for _sputc
    printf1.o(i.__0vfprintf$1) refers to printf1.o(i._printf_core) for _printf_core
    printf1.o(i.__0vfprintf$1) refers to main.o(.text) for fputc
    printf1.o(i.__0vprintf$1) refers to printf1.o(i._printf_core) for _printf_core
    printf1.o(i.__0vprintf$1) refers to main.o(.text) for fputc
    printf1.o(i.__0vprintf$1) refers to stdout.o(.data) for __stdout
    printf1.o(i.__0vsnprintf$1) refers to printf1.o(i._printf_core) for _printf_core
    printf1.o(i.__0vsnprintf$1) refers to printf1.o(i._snputc) for _snputc
    printf1.o(i.__0vsprintf$1) refers to printf1.o(i._printf_core) for _printf_core
    printf1.o(i.__0vsprintf$1) refers to printf1.o(i._sputc) for _sputc
    printf1.o(i._printf_core) refers to uidiv.o(.text) for __aeabi_uidivmod
    printf2.o(i.__0fprintf$2) refers to printf2.o(i._printf_core) for _printf_core
    printf2.o(i.__0fprintf$2) refers to main.o(.text) for fputc
    printf2.o(i.__0printf$2) refers to printf2.o(i._printf_core) for _printf_core
    printf2.o(i.__0printf$2) refers to main.o(.text) for fputc
    printf2.o(i.__0printf$2) refers to stdout.o(.data) for __stdout
    printf2.o(i.__0snprintf$2) refers to printf2.o(i._printf_core) for _printf_core
    printf2.o(i.__0snprintf$2) refers to printf2.o(i._snputc) for _snputc
    printf2.o(i.__0sprintf$2) refers to printf2.o(i._printf_core) for _printf_core
    printf2.o(i.__0sprintf$2) refers to printf2.o(i._sputc) for _sputc
    printf2.o(i.__0vfprintf$2) refers to printf2.o(i._printf_core) for _printf_core
    printf2.o(i.__0vfprintf$2) refers to main.o(.text) for fputc
    printf2.o(i.__0vprintf$2) refers to printf2.o(i._printf_core) for _printf_core
    printf2.o(i.__0vprintf$2) refers to main.o(.text) for fputc
    printf2.o(i.__0vprintf$2) refers to stdout.o(.data) for __stdout
    printf2.o(i.__0vsnprintf$2) refers to printf2.o(i._printf_core) for _printf_core
    printf2.o(i.__0vsnprintf$2) refers to printf2.o(i._snputc) for _snputc
    printf2.o(i.__0vsprintf$2) refers to printf2.o(i._printf_core) for _printf_core
    printf2.o(i.__0vsprintf$2) refers to printf2.o(i._sputc) for _sputc
    printf3.o(i.__0fprintf$3) refers to printf3.o(i._printf_core) for _printf_core
    printf3.o(i.__0fprintf$3) refers to main.o(.text) for fputc
    printf3.o(i.__0printf$3) refers to printf3.o(i._printf_core) for _printf_core
    printf3.o(i.__0printf$3) refers to main.o(.text) for fputc
    printf3.o(i.__0printf$3) refers to stdout.o(.data) for __stdout
    printf3.o(i.__0snprintf$3) refers to printf3.o(i._printf_core) for _printf_core
    printf3.o(i.__0snprintf$3) refers to printf3.o(i._snputc) for _snputc
    printf3.o(i.__0sprintf$3) refers to printf3.o(i._printf_core) for _printf_core
    printf3.o(i.__0sprintf$3) refers to printf3.o(i._sputc) for _sputc
    printf3.o(i.__0vfprintf$3) refers to printf3.o(i._printf_core) for _printf_core
    printf3.o(i.__0vfprintf$3) refers to main.o(.text) for fputc
    printf3.o(i.__0vprintf$3) refers to printf3.o(i._printf_core) for _printf_core
    printf3.o(i.__0vprintf$3) refers to main.o(.text) for fputc
    printf3.o(i.__0vprintf$3) refers to stdout.o(.data) for __stdout
    printf3.o(i.__0vsnprintf$3) refers to printf3.o(i._printf_core) for _printf_core
    printf3.o(i.__0vsnprintf$3) refers to printf3.o(i._snputc) for _snputc
    printf3.o(i.__0vsprintf$3) refers to printf3.o(i._printf_core) for _printf_core
    printf3.o(i.__0vsprintf$3) refers to printf3.o(i._sputc) for _sputc
    printf3.o(i._printf_core) refers to uidiv.o(.text) for __aeabi_uidivmod
    printf4.o(i.__0fprintf$4) refers to printf4.o(i._printf_core) for _printf_core
    printf4.o(i.__0fprintf$4) refers to main.o(.text) for fputc
    printf4.o(i.__0printf$4) refers to printf4.o(i._printf_core) for _printf_core
    printf4.o(i.__0printf$4) refers to main.o(.text) for fputc
    printf4.o(i.__0printf$4) refers to stdout.o(.data) for __stdout
    printf4.o(i.__0snprintf$4) refers to printf4.o(i._printf_core) for _printf_core
    printf4.o(i.__0snprintf$4) refers to printf4.o(i._snputc) for _snputc
    printf4.o(i.__0sprintf$4) refers to printf4.o(i._printf_core) for _printf_core
    printf4.o(i.__0sprintf$4) refers to printf4.o(i._sputc) for _sputc
    printf4.o(i.__0vfprintf$4) refers to printf4.o(i._printf_core) for _printf_core
    printf4.o(i.__0vfprintf$4) refers to main.o(.text) for fputc
    printf4.o(i.__0vprintf$4) refers to printf4.o(i._printf_core) for _printf_core
    printf4.o(i.__0vprintf$4) refers to main.o(.text) for fputc
    printf4.o(i.__0vprintf$4) refers to stdout.o(.data) for __stdout
    printf4.o(i.__0vsnprintf$4) refers to printf4.o(i._printf_core) for _printf_core
    printf4.o(i.__0vsnprintf$4) refers to printf4.o(i._snputc) for _snputc
    printf4.o(i.__0vsprintf$4) refers to printf4.o(i._printf_core) for _printf_core
    printf4.o(i.__0vsprintf$4) refers to printf4.o(i._sputc) for _sputc
    printf4.o(i._printf_core) refers to uldiv.o(.text) for __aeabi_uldivmod
    printf5.o(i.__0fprintf$5) refers to printf5.o(i._printf_core) for _printf_core
    printf5.o(i.__0fprintf$5) refers to main.o(.text) for fputc
    printf5.o(i.__0printf$5) refers to printf5.o(i._printf_core) for _printf_core
    printf5.o(i.__0printf$5) refers to main.o(.text) for fputc
    printf5.o(i.__0printf$5) refers to stdout.o(.data) for __stdout
    printf5.o(i.__0snprintf$5) refers to printf5.o(i._printf_core) for _printf_core
    printf5.o(i.__0snprintf$5) refers to printf5.o(i._snputc) for _snputc
    printf5.o(i.__0sprintf$5) refers to printf5.o(i._printf_core) for _printf_core
    printf5.o(i.__0sprintf$5) refers to printf5.o(i._sputc) for _sputc
    printf5.o(i.__0vfprintf$5) refers to printf5.o(i._printf_core) for _printf_core
    printf5.o(i.__0vfprintf$5) refers to main.o(.text) for fputc
    printf5.o(i.__0vprintf$5) refers to printf5.o(i._printf_core) for _printf_core
    printf5.o(i.__0vprintf$5) refers to main.o(.text) for fputc
    printf5.o(i.__0vprintf$5) refers to stdout.o(.data) for __stdout
    printf5.o(i.__0vsnprintf$5) refers to printf5.o(i._printf_core) for _printf_core
    printf5.o(i.__0vsnprintf$5) refers to printf5.o(i._snputc) for _snputc
    printf5.o(i.__0vsprintf$5) refers to printf5.o(i._printf_core) for _printf_core
    printf5.o(i.__0vsprintf$5) refers to printf5.o(i._sputc) for _sputc
    printf5.o(i._printf_core) refers to uldiv.o(.text) for __aeabi_uldivmod
    printf6.o(i.__0fprintf$6) refers to printf6.o(i._printf_core) for _printf_core
    printf6.o(i.__0fprintf$6) refers to main.o(.text) for fputc
    printf6.o(i.__0printf$6) refers to printf6.o(i._printf_core) for _printf_core
    printf6.o(i.__0printf$6) refers to main.o(.text) for fputc
    printf6.o(i.__0printf$6) refers to stdout.o(.data) for __stdout
    printf6.o(i.__0snprintf$6) refers to printf6.o(i._printf_core) for _printf_core
    printf6.o(i.__0snprintf$6) refers to printf6.o(i._snputc) for _snputc
    printf6.o(i.__0sprintf$6) refers to printf6.o(i._printf_core) for _printf_core
    printf6.o(i.__0sprintf$6) refers to printf6.o(i._sputc) for _sputc
    printf6.o(i.__0vfprintf$6) refers to printf6.o(i._printf_core) for _printf_core
    printf6.o(i.__0vfprintf$6) refers to main.o(.text) for fputc
    printf6.o(i.__0vprintf$6) refers to printf6.o(i._printf_core) for _printf_core
    printf6.o(i.__0vprintf$6) refers to main.o(.text) for fputc
    printf6.o(i.__0vprintf$6) refers to stdout.o(.data) for __stdout
    printf6.o(i.__0vsnprintf$6) refers to printf6.o(i._printf_core) for _printf_core
    printf6.o(i.__0vsnprintf$6) refers to printf6.o(i._snputc) for _snputc
    printf6.o(i.__0vsprintf$6) refers to printf6.o(i._printf_core) for _printf_core
    printf6.o(i.__0vsprintf$6) refers to printf6.o(i._sputc) for _sputc
    printf6.o(i._printf_core) refers to printf6.o(i._printf_pre_padding) for _printf_pre_padding
    printf6.o(i._printf_core) refers to uidiv.o(.text) for __aeabi_uidivmod
    printf6.o(i._printf_core) refers to printf6.o(i._printf_post_padding) for _printf_post_padding
    printf7.o(i.__0fprintf$7) refers to printf7.o(i._printf_core) for _printf_core
    printf7.o(i.__0fprintf$7) refers to main.o(.text) for fputc
    printf7.o(i.__0printf$7) refers to printf7.o(i._printf_core) for _printf_core
    printf7.o(i.__0printf$7) refers to main.o(.text) for fputc
    printf7.o(i.__0printf$7) refers to stdout.o(.data) for __stdout
    printf7.o(i.__0snprintf$7) refers to printf7.o(i._printf_core) for _printf_core
    printf7.o(i.__0snprintf$7) refers to printf7.o(i._snputc) for _snputc
    printf7.o(i.__0sprintf$7) refers to printf7.o(i._printf_core) for _printf_core
    printf7.o(i.__0sprintf$7) refers to printf7.o(i._sputc) for _sputc
    printf7.o(i.__0vfprintf$7) refers to printf7.o(i._printf_core) for _printf_core
    printf7.o(i.__0vfprintf$7) refers to main.o(.text) for fputc
    printf7.o(i.__0vprintf$7) refers to printf7.o(i._printf_core) for _printf_core
    printf7.o(i.__0vprintf$7) refers to main.o(.text) for fputc
    printf7.o(i.__0vprintf$7) refers to stdout.o(.data) for __stdout
    printf7.o(i.__0vsnprintf$7) refers to printf7.o(i._printf_core) for _printf_core
    printf7.o(i.__0vsnprintf$7) refers to printf7.o(i._snputc) for _snputc
    printf7.o(i.__0vsprintf$7) refers to printf7.o(i._printf_core) for _printf_core
    printf7.o(i.__0vsprintf$7) refers to printf7.o(i._sputc) for _sputc
    printf7.o(i._printf_core) refers to printf7.o(i._printf_pre_padding) for _printf_pre_padding
    printf7.o(i._printf_core) refers to uldiv.o(.text) for __aeabi_uldivmod
    printf7.o(i._printf_core) refers to printf7.o(i._printf_post_padding) for _printf_post_padding
    printf8.o(i.__0fprintf$8) refers to printf8.o(i._printf_core) for _printf_core
    printf8.o(i.__0fprintf$8) refers to main.o(.text) for fputc
    printf8.o(i.__0printf$8) refers to printf8.o(i._printf_core) for _printf_core
    printf8.o(i.__0printf$8) refers to main.o(.text) for fputc
    printf8.o(i.__0printf$8) refers to stdout.o(.data) for __stdout
    printf8.o(i.__0snprintf$8) refers to printf8.o(i._printf_core) for _printf_core
    printf8.o(i.__0snprintf$8) refers to printf8.o(i._snputc) for _snputc
    printf8.o(i.__0sprintf$8) refers to printf8.o(i._printf_core) for _printf_core
    printf8.o(i.__0sprintf$8) refers to printf8.o(i._sputc) for _sputc
    printf8.o(i.__0vfprintf$8) refers to printf8.o(i._printf_core) for _printf_core
    printf8.o(i.__0vfprintf$8) refers to main.o(.text) for fputc
    printf8.o(i.__0vprintf$8) refers to printf8.o(i._printf_core) for _printf_core
    printf8.o(i.__0vprintf$8) refers to main.o(.text) for fputc
    printf8.o(i.__0vprintf$8) refers to stdout.o(.data) for __stdout
    printf8.o(i.__0vsnprintf$8) refers to printf8.o(i._printf_core) for _printf_core
    printf8.o(i.__0vsnprintf$8) refers to printf8.o(i._snputc) for _snputc
    printf8.o(i.__0vsprintf$8) refers to printf8.o(i._printf_core) for _printf_core
    printf8.o(i.__0vsprintf$8) refers to printf8.o(i._sputc) for _sputc
    printf8.o(i._printf_core) refers to printf8.o(i._printf_pre_padding) for _printf_pre_padding
    printf8.o(i._printf_core) refers to uldiv.o(.text) for __aeabi_uldivmod
    printf8.o(i._printf_core) refers to printf8.o(i._printf_post_padding) for _printf_post_padding
    printfa.o(i.__0fprintf) refers (Special) to iusefp.o(.text) for __I$use$fp
    printfa.o(i.__0fprintf) refers to printfa.o(i._printf_core) for _printf_core
    printfa.o(i.__0fprintf) refers to main.o(.text) for fputc
    printfa.o(i.__0printf) refers (Special) to iusefp.o(.text) for __I$use$fp
    printfa.o(i.__0printf) refers to printfa.o(i._printf_core) for _printf_core
    printfa.o(i.__0printf) refers to main.o(.text) for fputc
    printfa.o(i.__0printf) refers to stdout.o(.data) for __stdout
    printfa.o(i.__0snprintf) refers (Special) to iusefp.o(.text) for __I$use$fp
    printfa.o(i.__0snprintf) refers to printfa.o(i._printf_core) for _printf_core
    printfa.o(i.__0snprintf) refers to printfa.o(i._snputc) for _snputc
    printfa.o(i.__0sprintf) refers (Special) to iusefp.o(.text) for __I$use$fp
    printfa.o(i.__0sprintf) refers to printfa.o(i._printf_core) for _printf_core
    printfa.o(i.__0sprintf) refers to printfa.o(i._sputc) for _sputc
    printfa.o(i.__0vfprintf) refers (Special) to iusefp.o(.text) for __I$use$fp
    printfa.o(i.__0vfprintf) refers to printfa.o(i._printf_core) for _printf_core
    printfa.o(i.__0vfprintf) refers to main.o(.text) for fputc
    printfa.o(i.__0vprintf) refers (Special) to iusefp.o(.text) for __I$use$fp
    printfa.o(i.__0vprintf) refers to printfa.o(i._printf_core) for _printf_core
    printfa.o(i.__0vprintf) refers to main.o(.text) for fputc
    printfa.o(i.__0vprintf) refers to stdout.o(.data) for __stdout
    printfa.o(i.__0vsnprintf) refers (Special) to iusefp.o(.text) for __I$use$fp
    printfa.o(i.__0vsnprintf) refers to printfa.o(i._printf_core) for _printf_core
    printfa.o(i.__0vsnprintf) refers to printfa.o(i._snputc) for _snputc
    printfa.o(i.__0vsprintf) refers (Special) to iusefp.o(.text) for __I$use$fp
    printfa.o(i.__0vsprintf) refers to printfa.o(i._printf_core) for _printf_core
    printfa.o(i.__0vsprintf) refers to printfa.o(i._sputc) for _sputc
    printfa.o(i._fp_digits) refers (Special) to iusefp.o(.text) for __I$use$fp
    printfa.o(i._fp_digits) refers to dmul.o(.text) for __aeabi_dmul
    printfa.o(i._fp_digits) refers to ddiv.o(.text) for __aeabi_ddiv
    printfa.o(i._fp_digits) refers to cdrcmple.o(.text) for __aeabi_cdrcmple
    printfa.o(i._fp_digits) refers to dadd.o(.text) for __aeabi_dadd
    printfa.o(i._fp_digits) refers to dfixul.o(.text) for __aeabi_d2ulz
    printfa.o(i._fp_digits) refers to uldiv.o(.text) for __aeabi_uldivmod
    printfa.o(i._printf_core) refers (Special) to iusefp.o(.text) for __I$use$fp
    printfa.o(i._printf_core) refers to printfa.o(i._printf_pre_padding) for _printf_pre_padding
    printfa.o(i._printf_core) refers to uldiv.o(.text) for __aeabi_uldivmod
    printfa.o(i._printf_core) refers to printfa.o(i._printf_post_padding) for _printf_post_padding
    printfa.o(i._printf_core) refers to printfa.o(i._fp_digits) for _fp_digits
    printfa.o(i._printf_core) refers to uidiv.o(.text) for __aeabi_uidivmod
    printfa.o(i._printf_post_padding) refers (Special) to iusefp.o(.text) for __I$use$fp
    printfa.o(i._printf_pre_padding) refers (Special) to iusefp.o(.text) for __I$use$fp
    printfa.o(i._snputc) refers (Special) to iusefp.o(.text) for __I$use$fp
    printfa.o(i._sputc) refers (Special) to iusefp.o(.text) for __I$use$fp
    dmul.o(.text) refers (Special) to iusefp.o(.text) for __I$use$fp
    dmul.o(.text) refers to depilogue.o(.text) for _double_epilogue
    dflti.o(.text) refers (Special) to iusefp.o(.text) for __I$use$fp
    dflti.o(.text) refers to depilogue.o(.text) for _double_epilogue
    dfixui.o(.text) refers (Special) to iusefp.o(.text) for __I$use$fp
    dfixui.o(.text) refers to llushr.o(.text) for __aeabi_llsr
    entry2.o(.ARM.Collect$$$$00000001) refers to entry2.o(.ARM.Collect$$$$00002712) for __lit__00000000
    entry2.o(.ARM.Collect$$$$00002712) refers to stm32f10x.o(STACK) for __initial_sp
    entry2.o(__vectab_stack_and_reset_area) refers to stm32f10x.o(STACK) for __initial_sp
    entry2.o(__vectab_stack_and_reset_area) refers to entry.o(.ARM.Collect$$$$00000000) for __main
    entry5.o(.ARM.Collect$$$$00000004) refers to init.o(.text) for __scatterload
    entry9a.o(.ARM.Collect$$$$0000000B) refers to main.o(.text) for main
    entry9b.o(.ARM.Collect$$$$0000000C) refers to main.o(.text) for main
    uldiv.o(.text) refers to llushr.o(.text) for __aeabi_llsr
    uldiv.o(.text) refers to llshl.o(.text) for __aeabi_llsl
    depilogue.o(.text) refers to llshl.o(.text) for __aeabi_llsl
    depilogue.o(.text) refers to llushr.o(.text) for __aeabi_llsr
    dadd.o(.text) refers to llshl.o(.text) for __aeabi_llsl
    dadd.o(.text) refers to llsshr.o(.text) for __aeabi_lasr
    dadd.o(.text) refers to depilogue.o(.text) for _double_epilogue
    ddiv.o(.text) refers to depilogue.o(.text) for _double_round
    dfixul.o(.text) refers to llushr.o(.text) for __aeabi_llsr
    dfixul.o(.text) refers to llshl.o(.text) for __aeabi_llsl
    init.o(.text) refers to entry5.o(.ARM.Collect$$$$00000004) for __main_after_scatterload


==============================================================================

Removing Unused input sections from the image.

    Removing stm32f10x.o(HEAP), (0 bytes).
    Removing stm32f10x_tim.o(.text), (2510 bytes).
    Removing main.o(.constdata), (4 bytes).
    Removing dadd.o(.text), (334 bytes).
    Removing ddiv.o(.text), (222 bytes).
    Removing dfixul.o(.text), (48 bytes).
    Removing cdrcmple.o(.text), (48 bytes).

7 unused section(s) (total 3166 bytes) removed from the image.

==============================================================================

Image Symbol Table

    Local Symbols

    Symbol Name                              Value     Ov Type        Size  Object(Section)

    ../clib/../cmprslib/lz77c.c              0x00000000   Number         0  __dclz77c.o ABSOLUTE
    ../clib/microlib/division.c              0x00000000   Number         0  uldiv.o ABSOLUTE
    ../clib/microlib/division.c              0x00000000   Number         0  uidiv.o ABSOLUTE
    ../clib/microlib/init/entry.s            0x00000000   Number         0  entry9a.o ABSOLUTE
    ../clib/microlib/init/entry.s            0x00000000   Number         0  entry7a.o ABSOLUTE
    ../clib/microlib/init/entry.s            0x00000000   Number         0  entry8b.o ABSOLUTE
    ../clib/microlib/init/entry.s            0x00000000   Number         0  entry8a.o ABSOLUTE
    ../clib/microlib/init/entry.s            0x00000000   Number         0  entry7b.o ABSOLUTE
    ../clib/microlib/init/entry.s            0x00000000   Number         0  entry2.o ABSOLUTE
    ../clib/microlib/init/entry.s            0x00000000   Number         0  entry5.o ABSOLUTE
    ../clib/microlib/init/entry.s            0x00000000   Number         0  entry.o ABSOLUTE
    ../clib/microlib/init/entry.s            0x00000000   Number         0  entry11a.o ABSOLUTE
    ../clib/microlib/init/entry.s            0x00000000   Number         0  entry10b.o ABSOLUTE
    ../clib/microlib/init/entry.s            0x00000000   Number         0  entry11b.o ABSOLUTE
    ../clib/microlib/init/entry.s            0x00000000   Number         0  entry10a.o ABSOLUTE
    ../clib/microlib/init/entry.s            0x00000000   Number         0  entry9b.o ABSOLUTE
    ../clib/microlib/longlong.c              0x00000000   Number         0  llsshr.o ABSOLUTE
    ../clib/microlib/longlong.c              0x00000000   Number         0  llshl.o ABSOLUTE
    ../clib/microlib/longlong.c              0x00000000   Number         0  llushr.o ABSOLUTE
    ../clib/microlib/printf/printf.c         0x00000000   Number         0  printf0.o ABSOLUTE
    ../clib/microlib/printf/printf.c         0x00000000   Number         0  printfb.o ABSOLUTE
    ../clib/microlib/printf/printf.c         0x00000000   Number         0  printfa.o ABSOLUTE
    ../clib/microlib/printf/printf.c         0x00000000   Number         0  printf8.o ABSOLUTE
    ../clib/microlib/printf/printf.c         0x00000000   Number         0  printf7.o ABSOLUTE
    ../clib/microlib/printf/printf.c         0x00000000   Number         0  printf6.o ABSOLUTE
    ../clib/microlib/printf/printf.c         0x00000000   Number         0  printf5.o ABSOLUTE
    ../clib/microlib/printf/printf.c         0x00000000   Number         0  printf4.o ABSOLUTE
    ../clib/microlib/printf/printf.c         0x00000000   Number         0  printf3.o ABSOLUTE
    ../clib/microlib/printf/printf.c         0x00000000   Number         0  printf2.o ABSOLUTE
    ../clib/microlib/printf/printf.c         0x00000000   Number         0  printf1.o ABSOLUTE
    ../clib/microlib/printf/stubs.s          0x00000000   Number         0  stubs.o ABSOLUTE
    ../clib/microlib/stdio/streams.c         0x00000000   Number         0  stdout.o ABSOLUTE
    ../clib/microlib/stdlib/rand.c           0x00000000   Number         0  rand.o ABSOLUTE
    ../clib/microlib/string/memcpy.c         0x00000000   Number         0  memcpyb.o ABSOLUTE
    ../clib/microlib/string/memcpy.c         0x00000000   Number         0  memcpya.o ABSOLUTE
    ../clib/microlib/string/memset.c         0x00000000   Number         0  memseta.o ABSOLUTE
    ../clib/microlib/string/strncpy.c        0x00000000   Number         0  strncpy.o ABSOLUTE
    ../clib/microlib/stubs.s                 0x00000000   Number         0  iusefp.o ABSOLUTE
    ../fplib/microlib/fpadd.c                0x00000000   Number         0  dadd.o ABSOLUTE
    ../fplib/microlib/fpdiv.c                0x00000000   Number         0  ddiv.o ABSOLUTE
    ../fplib/microlib/fpepilogue.c           0x00000000   Number         0  depilogue.o ABSOLUTE
    ../fplib/microlib/fpfix.c                0x00000000   Number         0  dfixul.o ABSOLUTE
    ../fplib/microlib/fpfix.c                0x00000000   Number         0  dfixui.o ABSOLUTE
    ../fplib/microlib/fpflt.c                0x00000000   Number         0  dflti.o ABSOLUTE
    ../fplib/microlib/fpmul.c                0x00000000   Number         0  dmul.o ABSOLUTE
    Firmware\GLCD.c                          0x00000000   Number         0  glcd.o ABSOLUTE
    Firmware\STM32F10x.s                     0x00000000   Number         0  stm32f10x.o ABSOLUTE
    Firmware\setup.c                         0x00000000   Number         0  setup.o ABSOLUTE
    Firmware\src\misc.c                      0x00000000   Number         0  misc.o ABSOLUTE
    Firmware\src\stm32f10x_exti.c            0x00000000   Number         0  stm32f10x_exti.o ABSOLUTE
    Firmware\src\stm32f10x_gpio.c            0x00000000   Number         0  stm32f10x_gpio.o ABSOLUTE
    Firmware\src\stm32f10x_i2c.c             0x00000000   Number         0  stm32f10x_i2c.o ABSOLUTE
    Firmware\src\stm32f10x_rcc.c             0x00000000   Number         0  stm32f10x_rcc.o ABSOLUTE
    Firmware\src\stm32f10x_tim.c             0x00000000   Number         0  stm32f10x_tim.o ABSOLUTE
    Firmware\stm3210c_eval_ioe.c             0x00000000   Number         0  stm3210c_eval_ioe.o ABSOLUTE
    Firmware\system_stm32f10x_cl.c           0x00000000   Number         0  system_stm32f10x_cl.o ABSOLUTE
    FreeRTOS\\src\\port.c                    0x00000000   Number         0  port.o ABSOLUTE
    FreeRTOS\src\heap_2.c                    0x00000000   Number         0  heap_2.o ABSOLUTE
    FreeRTOS\src\list.c                      0x00000000   Number         0  list.o ABSOLUTE
    FreeRTOS\src\port.c                      0x00000000   Number         0  port.o ABSOLUTE
    FreeRTOS\src\queue.c                     0x00000000   Number         0  queue.o ABSOLUTE
    FreeRTOS\src\tasks.c                     0x00000000   Number         0  tasks.o ABSOLUTE
    cdrcmple.s                               0x00000000   Number         0  cdrcmple.o ABSOLUTE
    dc.s                                     0x00000000   Number         0  dc.o ABSOLUTE
    handlers.s                               0x00000000   Number         0  handlers.o ABSOLUTE
    init.s                                   0x00000000   Number         0  init.o ABSOLUTE
    main.c                                   0x00000000   Number         0  main.o ABSOLUTE
    RESET                                    0x08000000   Section      236  stm32f10x.o(RESET)
    .ARM.Collect$$$$00000000                 0x080000ec   Section        0  entry.o(.ARM.Collect$$$$00000000)
    .ARM.Collect$$$$00000001                 0x080000ec   Section        4  entry2.o(.ARM.Collect$$$$00000001)
    .ARM.Collect$$$$00000004                 0x080000f0   Section        4  entry5.o(.ARM.Collect$$$$00000004)
    .ARM.Collect$$$$00000008                 0x080000f4   Section        0  entry7b.o(.ARM.Collect$$$$00000008)
    .ARM.Collect$$$$0000000A                 0x080000f4   Section        0  entry8b.o(.ARM.Collect$$$$0000000A)
    .ARM.Collect$$$$0000000B                 0x080000f4   Section        8  entry9a.o(.ARM.Collect$$$$0000000B)
    .ARM.Collect$$$$0000000D                 0x080000fc   Section        0  entry10a.o(.ARM.Collect$$$$0000000D)
    .ARM.Collect$$$$0000000F                 0x080000fc   Section        0  entry11a.o(.ARM.Collect$$$$0000000F)
    .ARM.Collect$$$$00002712                 0x080000fc   Section        4  entry2.o(.ARM.Collect$$$$00002712)
    __lit__00000000                          0x080000fc   Data           4  entry2.o(.ARM.Collect$$$$00002712)
    .emb_text                                0x08000100   Section      136  port.o(.emb_text)
    .text                                    0x08000188   Section       28  stm32f10x.o(.text)
    .text                                    0x080001a4   Section        0  system_stm32f10x_cl.o(.text)
    .text                                    0x080002ec   Section        0  stm32f10x_gpio.o(.text)
    .text                                    0x08000574   Section        0  stm32f10x_rcc.o(.text)
    .text                                    0x08000918   Section        0  stm3210c_eval_ioe.o(.text)
    IOE_I2C_Config                           0x08000919   Thumb Code    48  stm3210c_eval_ioe.o(.text)
    delay                                    0x08000ca1   Thumb Code    28  stm3210c_eval_ioe.o(.text)
    IOE_GPIO_Config                          0x08000df1   Thumb Code    96  stm3210c_eval_ioe.o(.text)
    IOE_EXTI_Config                          0x08000f17   Thumb Code    94  stm3210c_eval_ioe.o(.text)
    IOE_TS_Read_Z                            0x080012a1   Thumb Code    14  stm3210c_eval_ioe.o(.text)
    IOE_TS_Read_Y                            0x080012af   Thumb Code    42  stm3210c_eval_ioe.o(.text)
    IOE_TS_Read_X                            0x080012d9   Thumb Code    38  stm3210c_eval_ioe.o(.text)
    .text                                    0x08001434   Section        0  stm32f10x_i2c.o(.text)
    .text                                    0x080017a8   Section        0  stm32f10x_exti.o(.text)
    .text                                    0x08001894   Section        0  misc.o(.text)
    .text                                    0x0800194c   Section        0  glcd.o(.text)
    delay                                    0x0800194d   Thumb Code    10  glcd.o(.text)
    rd_reg                                   0x08001957   Thumb Code    54  glcd.o(.text)
    spi_send                                 0x08001e45   Thumb Code    18  glcd.o(.text)
    wr_cmd                                   0x08001e57   Thumb Code    36  glcd.o(.text)
    wr_dat                                   0x08001e7b   Thumb Code    36  glcd.o(.text)
    wr_reg                                   0x08001e9f   Thumb Code    16  glcd.o(.text)
    .text                                    0x08001ed4   Section        0  setup.o(.text)
    .text                                    0x08002064   Section        0  main.o(.text)
    ledOn                                    0x08002247   Thumb Code     4  main.o(.text)
    initDisplay                              0x08002279   Thumb Code    20  main.o(.text)
    ledTask                                  0x0800228d   Thumb Code    26  main.o(.text)
    printTask                                0x080026bb   Thumb Code   110  main.o(.text)
    .text                                    0x08002a08   Section        0  heap_2.o(.text)
    .text                                    0x08002b00   Section        0  list.o(.text)
    .text                                    0x08002b8c   Section        0  port.o(.text)
    prvSetupTimerInterrupt                   0x08002ba1   Thumb Code    14  port.o(.text)
    .text                                    0x08002c2c   Section        0  queue.o(.text)
    prvUnlockQueue                           0x08002c8d   Thumb Code   100  queue.o(.text)
    prvIsQueueFull                           0x08002cf1   Thumb Code    30  queue.o(.text)
    prvCopyDataToQueue                       0x08002d0f   Thumb Code    92  queue.o(.text)
    prvIsQueueEmpty                          0x08002ec9   Thumb Code    26  queue.o(.text)
    prvCopyDataFromQueue                     0x08002ee3   Thumb Code    40  queue.o(.text)
    .text                                    0x080030a4   Section        0  tasks.o(.text)
    prvInitialiseTaskLists                   0x080030a5   Thumb Code    78  tasks.o(.text)
    prvInitialiseTCBVariables                0x080030f3   Thumb Code    58  tasks.o(.text)
    prvAllocateTCBAndStack                   0x0800312d   Thumb Code    56  tasks.o(.text)
    prvDeleteTCB                             0x08003695   Thumb Code    20  tasks.o(.text)
    prvCheckTasksWaitingTermination          0x080036a9   Thumb Code    84  tasks.o(.text)
    prvIdleTask                              0x080036fd   Thumb Code    18  tasks.o(.text)
    .text                                    0x0800394c   Section        0  rand.o(.text)
    .text                                    0x08003970   Section        0  memcpya.o(.text)
    .text                                    0x08003994   Section        0  memseta.o(.text)
    .text                                    0x080039b8   Section        0  strncpy.o(.text)
    .text                                    0x080039d0   Section        0  dmul.o(.text)
    .text                                    0x08003ab4   Section        0  dflti.o(.text)
    .text                                    0x08003ad6   Section        0  dfixui.o(.text)
    .text                                    0x08003b08   Section        0  uidiv.o(.text)
    .text                                    0x08003b34   Section        0  llushr.o(.text)
    .text                                    0x08003b54   Section        0  depilogue.o(.text)
    .text                                    0x08003b54   Section        0  iusefp.o(.text)
    .text                                    0x08003c10   Section       36  init.o(.text)
    .text                                    0x08003c34   Section        0  llshl.o(.text)
    .text                                    0x08003c52   Section        0  __dclz77c.o(.text)
    i.__0printf$6                            0x08003cb0   Section        0  printf6.o(i.__0printf$6)
    i.__scatterload_copy                     0x08003cd0   Section       14  handlers.o(i.__scatterload_copy)
    i.__scatterload_null                     0x08003cde   Section        2  handlers.o(i.__scatterload_null)
    i.__scatterload_zeroinit                 0x08003ce0   Section       14  handlers.o(i.__scatterload_zeroinit)
    i._printf_core                           0x08003cf0   Section        0  printf6.o(i._printf_core)
    _printf_core                             0x08003cf1   Thumb Code   748  printf6.o(i._printf_core)
    i._printf_post_padding                   0x08003fe0   Section        0  printf6.o(i._printf_post_padding)
    _printf_post_padding                     0x08003fe1   Thumb Code    36  printf6.o(i._printf_post_padding)
    i._printf_pre_padding                    0x08004004   Section        0  printf6.o(i._printf_pre_padding)
    _printf_pre_padding                      0x08004005   Thumb Code    46  printf6.o(i._printf_pre_padding)
    .data                                    0x20000000   Section       20  system_stm32f10x_cl.o(.data)
    .data                                    0x20000014   Section       20  stm32f10x_rcc.o(.data)
    ADCPrescTable                            0x20000014   Data           4  stm32f10x_rcc.o(.data)
    APBAHBPrescTable                         0x20000018   Data          16  stm32f10x_rcc.o(.data)
    .data                                    0x20000028   Section       24  stm3210c_eval_ioe.o(.data)
    _x                                       0x2000002c   Data           4  stm3210c_eval_ioe.o(.data)
    _y                                       0x20000030   Data           4  stm3210c_eval_ioe.o(.data)
    tmp                                      0x20000034   Data           4  stm3210c_eval_ioe.o(.data)
    .data                                    0x20000040   Section     5382  glcd.o(.data)
    TextColor                                0x20000040   Data           2  glcd.o(.data)
    BackColor                                0x20000042   Data           2  glcd.o(.data)
    driverCode                               0x20000044   Data           2  glcd.o(.data)
    .data                                    0x20001548   Section       40  main.o(.data)
    .data                                    0x20001570   Section       24  heap_2.o(.data)
    xFreeBytesRemaining                      0x20001570   Data           4  heap_2.o(.data)
    xHeapHasBeenInitialised                  0x20001574   Data           4  heap_2.o(.data)
    xStart                                   0x20001578   Data           8  heap_2.o(.data)
    xEnd                                     0x20001580   Data           8  heap_2.o(.data)
    .data                                    0x20001588   Section        4  port.o(.data)
    uxCriticalNesting                        0x20001588   Data           4  port.o(.data)
    .data                                    0x2000158c   Section       56  tasks.o(.data)
    uxTasksDeleted                           0x20001590   Data           4  tasks.o(.data)
    uxCurrentNumberOfTasks                   0x20001594   Data           4  tasks.o(.data)
    xTickCount                               0x20001598   Data           4  tasks.o(.data)
    uxTopUsedPriority                        0x2000159c   Data           4  tasks.o(.data)
    uxTopReadyPriority                       0x200015a0   Data           4  tasks.o(.data)
    xSchedulerRunning                        0x200015a4   Data           4  tasks.o(.data)
    uxSchedulerSuspended                     0x200015a8   Data           4  tasks.o(.data)
    uxMissedTicks                            0x200015ac   Data           4  tasks.o(.data)
    xMissedYield                             0x200015b0   Data           4  tasks.o(.data)
    xNumOfOverflows                          0x200015b4   Data           4  tasks.o(.data)
    uxTaskNumber                             0x200015b8   Data           4  tasks.o(.data)
    pxDelayedTaskList                        0x200015bc   Data           4  tasks.o(.data)
    pxOverflowDelayedTaskList                0x200015c0   Data           4  tasks.o(.data)
    .data                                    0x200015c4   Section        4  rand.o(.data)
    _rand_state                              0x200015c4   Data           4  rand.o(.data)
    .data                                    0x200015c8   Section        4  stdout.o(.data)
    .bss                                     0x200015cc   Section     2400  main.o(.bss)
    .bss                                     0x20001f30   Section    56320  heap_2.o(.bss)
    xHeap                                    0x20001f30   Data       56320  heap_2.o(.bss)
    .bss                                     0x2000fb30   Section      200  tasks.o(.bss)
    pxReadyTasksLists                        0x2000fb30   Data         100  tasks.o(.bss)
    xDelayedTaskList1                        0x2000fb94   Data          20  tasks.o(.bss)
    xDelayedTaskList2                        0x2000fba8   Data          20  tasks.o(.bss)
    xPendingReadyList                        0x2000fbbc   Data          20  tasks.o(.bss)
    xTasksWaitingTermination                 0x2000fbd0   Data          20  tasks.o(.bss)
    xSuspendedTaskList                       0x2000fbe4   Data          20  tasks.o(.bss)
    STACK                                    0x2000fbf8   Section      512  stm32f10x.o(STACK)

    Global Symbols

    Symbol Name                              Value     Ov Type        Size  Object(Section)

    BuildAttributes$$THM_ISAv4$P$D$K$B$S$PE$A:L22UL41UL21$X:L11$S22US41US21$IEEE1$IW$USESV6$~STKCKD$USESV7$~SHL$OSPACE$ROPI$EBA8$MICROLIB$REQ8$PRES8$EABIv2 0x00000000   Number         0  anon$$obj.o ABSOLUTE
    __ARM_use_no_argv                        0x00000000   Number         0  main.o ABSOLUTE
    _printf_a                                0x00000000   Number         0  stubs.o ABSOLUTE
    _printf_c                                0x00000000   Number         0  stubs.o ABSOLUTE
    _printf_charcount                        0x00000000   Number         0  stubs.o ABSOLUTE
    _printf_d                                0x00000000   Number         0  stubs.o ABSOLUTE
    _printf_e                                0x00000000   Number         0  stubs.o ABSOLUTE
    _printf_f                                0x00000000   Number         0  stubs.o ABSOLUTE
    _printf_flags                            0x00000000   Number         0  stubs.o ABSOLUTE
    _printf_fp_dec                           0x00000000   Number         0  stubs.o ABSOLUTE
    _printf_fp_hex                           0x00000000   Number         0  stubs.o ABSOLUTE
    _printf_g                                0x00000000   Number         0  stubs.o ABSOLUTE
    _printf_i                                0x00000000   Number         0  stubs.o ABSOLUTE
    _printf_int_dec                          0x00000000   Number         0  stubs.o ABSOLUTE
    _printf_l                                0x00000000   Number         0  stubs.o ABSOLUTE
    _printf_lc                               0x00000000   Number         0  stubs.o ABSOLUTE
    _printf_ll                               0x00000000   Number         0  stubs.o ABSOLUTE
    _printf_lld                              0x00000000   Number         0  stubs.o ABSOLUTE
    _printf_lli                              0x00000000   Number         0  stubs.o ABSOLUTE
    _printf_llo                              0x00000000   Number         0  stubs.o ABSOLUTE
    _printf_llu                              0x00000000   Number         0  stubs.o ABSOLUTE
    _printf_llx                              0x00000000   Number         0  stubs.o ABSOLUTE
    _printf_longlong_dec                     0x00000000   Number         0  stubs.o ABSOLUTE
    _printf_longlong_hex                     0x00000000   Number         0  stubs.o ABSOLUTE
    _printf_longlong_oct                     0x00000000   Number         0  stubs.o ABSOLUTE
    _printf_ls                               0x00000000   Number         0  stubs.o ABSOLUTE
    _printf_mbtowc                           0x00000000   Number         0  stubs.o ABSOLUTE
    _printf_n                                0x00000000   Number         0  stubs.o ABSOLUTE
    _printf_o                                0x00000000   Number         0  stubs.o ABSOLUTE
    _printf_p                                0x00000000   Number         0  stubs.o ABSOLUTE
    _printf_percent                          0x00000000   Number         0  stubs.o ABSOLUTE
    _printf_pre_padding                      0x00000000   Number         0  stubs.o ABSOLUTE
    _printf_return_value                     0x00000000   Number         0  stubs.o ABSOLUTE
    _printf_s                                0x00000000   Number         0  stubs.o ABSOLUTE
    _printf_sizespec                         0x00000000   Number         0  stubs.o ABSOLUTE
    _printf_str                              0x00000000   Number         0  stubs.o ABSOLUTE
    _printf_truncate_signed                  0x00000000   Number         0  stubs.o ABSOLUTE
    _printf_truncate_unsigned                0x00000000   Number         0  stubs.o ABSOLUTE
    _printf_u                                0x00000000   Number         0  stubs.o ABSOLUTE
    _printf_wc                               0x00000000   Number         0  stubs.o ABSOLUTE
    _printf_wctomb                           0x00000000   Number         0  stubs.o ABSOLUTE
    _printf_widthprec                        0x00000000   Number         0  stubs.o ABSOLUTE
    _printf_x                                0x00000000   Number         0  stubs.o ABSOLUTE
    __cpp_initialize__aeabi_                  - Undefined Weak Reference
    __cxa_finalize                            - Undefined Weak Reference
    _clock_init                               - Undefined Weak Reference
    _microlib_exit                            - Undefined Weak Reference
    __Vectors                                0x08000000   Data           4  stm32f10x.o(RESET)
    __main                                   0x080000ed   Thumb Code     0  entry.o(.ARM.Collect$$$$00000000)
    _main_stk                                0x080000ed   Thumb Code     0  entry2.o(.ARM.Collect$$$$00000001)
    _main_scatterload                        0x080000f1   Thumb Code     0  entry5.o(.ARM.Collect$$$$00000004)
    __main_after_scatterload                 0x080000f5   Thumb Code     0  entry5.o(.ARM.Collect$$$$00000004)
    _main_clock                              0x080000f5   Thumb Code     0  entry7b.o(.ARM.Collect$$$$00000008)
    _main_cpp_init                           0x080000f5   Thumb Code     0  entry8b.o(.ARM.Collect$$$$0000000A)
    _main_init                               0x080000f5   Thumb Code     0  entry9a.o(.ARM.Collect$$$$0000000B)
    __rt_final_cpp                           0x080000fd   Thumb Code     0  entry10a.o(.ARM.Collect$$$$0000000D)
    __rt_final_exit                          0x080000fd   Thumb Code     0  entry11a.o(.ARM.Collect$$$$0000000F)
    vPortSVCHandler                          0x08000101   Thumb Code    28  port.o(.emb_text)
    vPortStartFirstTask                      0x08000121   Thumb Code    12  port.o(.emb_text)
    xPortPendSVHandler                       0x08000131   Thumb Code    56  port.o(.emb_text)
    vPortSetInterruptMask                    0x0800016d   Thumb Code    14  port.o(.emb_text)
    vPortClearInterruptMask                  0x0800017b   Thumb Code    14  port.o(.emb_text)
    Reset_Handler                            0x08000189   Thumb Code     4  stm32f10x.o(.text)
    NMI_Handler                              0x0800018d   Thumb Code     2  stm32f10x.o(.text)
    HardFault_Handler                        0x0800018f   Thumb Code     2  stm32f10x.o(.text)
    MemManage_Handler                        0x08000191   Thumb Code     2  stm32f10x.o(.text)
    BusFault_Handler                         0x08000193   Thumb Code     2  stm32f10x.o(.text)
    UsageFault_Handler                       0x08000195   Thumb Code     2  stm32f10x.o(.text)
    SVC_Handler                              0x08000197   Thumb Code     2  stm32f10x.o(.text)
    DebugMon_Handler                         0x08000199   Thumb Code     2  stm32f10x.o(.text)
    PendSV_Handler                           0x0800019b   Thumb Code     2  stm32f10x.o(.text)
    SysTick_Handler                          0x0800019d   Thumb Code     2  stm32f10x.o(.text)
    ADC_IRQHandler                           0x0800019f   Thumb Code     0  stm32f10x.o(.text)
    CAN_RX1_IRQHandler                       0x0800019f   Thumb Code     0  stm32f10x.o(.text)
    CAN_SCE_IRQHandler                       0x0800019f   Thumb Code     0  stm32f10x.o(.text)
    DMAChannel1_IRQHandler                   0x0800019f   Thumb Code     0  stm32f10x.o(.text)
    DMAChannel2_IRQHandler                   0x0800019f   Thumb Code     0  stm32f10x.o(.text)
    DMAChannel3_IRQHandler                   0x0800019f   Thumb Code     0  stm32f10x.o(.text)
    DMAChannel4_IRQHandler                   0x0800019f   Thumb Code     0  stm32f10x.o(.text)
    DMAChannel5_IRQHandler                   0x0800019f   Thumb Code     0  stm32f10x.o(.text)
    DMAChannel6_IRQHandler                   0x0800019f   Thumb Code     0  stm32f10x.o(.text)
    DMAChannel7_IRQHandler                   0x0800019f   Thumb Code     0  stm32f10x.o(.text)
    EXTI0_IRQHandler                         0x0800019f   Thumb Code     0  stm32f10x.o(.text)
    EXTI15_10_IRQHandler                     0x0800019f   Thumb Code     0  stm32f10x.o(.text)
    EXTI1_IRQHandler                         0x0800019f   Thumb Code     0  stm32f10x.o(.text)
    EXTI2_IRQHandler                         0x0800019f   Thumb Code     0  stm32f10x.o(.text)
    EXTI3_IRQHandler                         0x0800019f   Thumb Code     0  stm32f10x.o(.text)
    EXTI4_IRQHandler                         0x0800019f   Thumb Code     0  stm32f10x.o(.text)
    EXTI9_5_IRQHandler                       0x0800019f   Thumb Code     0  stm32f10x.o(.text)
    FLASH_IRQHandler                         0x0800019f   Thumb Code     0  stm32f10x.o(.text)
    I2C1_ER_IRQHandler                       0x0800019f   Thumb Code     0  stm32f10x.o(.text)
    I2C1_EV_IRQHandler                       0x0800019f   Thumb Code     0  stm32f10x.o(.text)
    I2C2_ER_IRQHandler                       0x0800019f   Thumb Code     0  stm32f10x.o(.text)
    I2C2_EV_IRQHandler                       0x0800019f   Thumb Code     0  stm32f10x.o(.text)
    PVD_IRQHandler                           0x0800019f   Thumb Code     0  stm32f10x.o(.text)
    RCC_IRQHandler                           0x0800019f   Thumb Code     0  stm32f10x.o(.text)
    RTCAlarm_IRQHandler                      0x0800019f   Thumb Code     0  stm32f10x.o(.text)
    RTC_IRQHandler                           0x0800019f   Thumb Code     0  stm32f10x.o(.text)
    SPI1_IRQHandler                          0x0800019f   Thumb Code     0  stm32f10x.o(.text)
    SPI2_IRQHandler                          0x0800019f   Thumb Code     0  stm32f10x.o(.text)
    TAMPER_IRQHandler                        0x0800019f   Thumb Code     0  stm32f10x.o(.text)
    TIM1_BRK_IRQHandler                      0x0800019f   Thumb Code     0  stm32f10x.o(.text)
    TIM1_CC_IRQHandler                       0x0800019f   Thumb Code     0  stm32f10x.o(.text)
    TIM1_TRG_COM_IRQHandler                  0x0800019f   Thumb Code     0  stm32f10x.o(.text)
    TIM1_UP_IRQHandler                       0x0800019f   Thumb Code     0  stm32f10x.o(.text)
    TIM2_IRQHandler                          0x0800019f   Thumb Code     0  stm32f10x.o(.text)
    TIM3_IRQHandler                          0x0800019f   Thumb Code     0  stm32f10x.o(.text)
    TIM4_IRQHandler                          0x0800019f   Thumb Code     0  stm32f10x.o(.text)
    USART1_IRQHandler                        0x0800019f   Thumb Code     0  stm32f10x.o(.text)
    USART2_IRQHandler                        0x0800019f   Thumb Code     0  stm32f10x.o(.text)
    USART3_IRQHandler                        0x0800019f   Thumb Code     0  stm32f10x.o(.text)
    USBWakeUp_IRQHandler                     0x0800019f   Thumb Code     0  stm32f10x.o(.text)
    USB_HP_CAN_TX_IRQHandler                 0x0800019f   Thumb Code     0  stm32f10x.o(.text)
    USB_LP_CAN_RX0_IRQHandler                0x0800019f   Thumb Code     0  stm32f10x.o(.text)
    WWDG_IRQHandler                          0x0800019f   Thumb Code     0  stm32f10x.o(.text)
    SystemInit                               0x080001a5   Thumb Code   288  system_stm32f10x_cl.o(.text)
    GPIO_DeInit                              0x080002ed   Thumb Code   188  stm32f10x_gpio.o(.text)
    GPIO_AFIODeInit                          0x080003a9   Thumb Code    22  stm32f10x_gpio.o(.text)
    GPIO_Init                                0x080003bf   Thumb Code   166  stm32f10x_gpio.o(.text)
    GPIO_StructInit                          0x08000465   Thumb Code    16  stm32f10x_gpio.o(.text)
    GPIO_ReadInputDataBit                    0x08000475   Thumb Code    14  stm32f10x_gpio.o(.text)
    GPIO_ReadInputData                       0x08000483   Thumb Code     6  stm32f10x_gpio.o(.text)
    GPIO_ReadOutputDataBit                   0x08000489   Thumb Code    14  stm32f10x_gpio.o(.text)
    GPIO_ReadOutputData                      0x08000497   Thumb Code     6  stm32f10x_gpio.o(.text)
    GPIO_SetBits                             0x0800049d   Thumb Code     4  stm32f10x_gpio.o(.text)
    GPIO_ResetBits                           0x080004a1   Thumb Code     4  stm32f10x_gpio.o(.text)
    GPIO_WriteBit                            0x080004a5   Thumb Code    12  stm32f10x_gpio.o(.text)
    GPIO_Write                               0x080004b1   Thumb Code     4  stm32f10x_gpio.o(.text)
    GPIO_PinLockConfig                       0x080004b5   Thumb Code    16  stm32f10x_gpio.o(.text)
    GPIO_EventOutputConfig                   0x080004c5   Thumb Code    22  stm32f10x_gpio.o(.text)
    GPIO_EventOutputCmd                      0x080004db   Thumb Code     6  stm32f10x_gpio.o(.text)
    GPIO_PinRemapConfig                      0x080004e1   Thumb Code    70  stm32f10x_gpio.o(.text)
    GPIO_EXTILineConfig                      0x08000527   Thumb Code    34  stm32f10x_gpio.o(.text)
    GPIO_ETH_MediaInterfaceConfig            0x08000549   Thumb Code     8  stm32f10x_gpio.o(.text)
    RCC_DeInit                               0x08000575   Thumb Code    62  stm32f10x_rcc.o(.text)
    RCC_HSEConfig                            0x080005b3   Thumb Code    50  stm32f10x_rcc.o(.text)
    RCC_GetFlagStatus                        0x080005e5   Thumb Code    42  stm32f10x_rcc.o(.text)
    RCC_WaitForHSEStartUp                    0x0800060f   Thumb Code    48  stm32f10x_rcc.o(.text)
    RCC_AdjustHSICalibrationValue            0x0800063f   Thumb Code    16  stm32f10x_rcc.o(.text)
    RCC_HSICmd                               0x0800064f   Thumb Code     6  stm32f10x_rcc.o(.text)
    RCC_PLLConfig                            0x08000655   Thumb Code    16  stm32f10x_rcc.o(.text)
    RCC_PLLCmd                               0x08000665   Thumb Code     6  stm32f10x_rcc.o(.text)
    RCC_PREDIV1Config                        0x0800066b   Thumb Code    18  stm32f10x_rcc.o(.text)
    RCC_PREDIV2Config                        0x0800067d   Thumb Code    14  stm32f10x_rcc.o(.text)
    RCC_PLL2Config                           0x0800068b   Thumb Code    14  stm32f10x_rcc.o(.text)
    RCC_PLL2Cmd                              0x08000699   Thumb Code     6  stm32f10x_rcc.o(.text)
    RCC_PLL3Config                           0x0800069f   Thumb Code    14  stm32f10x_rcc.o(.text)
    RCC_PLL3Cmd                              0x080006ad   Thumb Code     6  stm32f10x_rcc.o(.text)
    RCC_SYSCLKConfig                         0x080006b3   Thumb Code    14  stm32f10x_rcc.o(.text)
    RCC_GetSYSCLKSource                      0x080006c1   Thumb Code    10  stm32f10x_rcc.o(.text)
    RCC_HCLKConfig                           0x080006cb   Thumb Code    14  stm32f10x_rcc.o(.text)
    RCC_PCLK1Config                          0x080006d9   Thumb Code    14  stm32f10x_rcc.o(.text)
    RCC_PCLK2Config                          0x080006e7   Thumb Code    16  stm32f10x_rcc.o(.text)
    RCC_ITConfig                             0x080006f7   Thumb Code    22  stm32f10x_rcc.o(.text)
    RCC_OTGFSCLKConfig                       0x0800070d   Thumb Code     8  stm32f10x_rcc.o(.text)
    RCC_ADCCLKConfig                         0x08000715   Thumb Code    14  stm32f10x_rcc.o(.text)
    RCC_I2S2CLKConfig                        0x08000723   Thumb Code     6  stm32f10x_rcc.o(.text)
    RCC_I2S3CLKConfig                        0x08000729   Thumb Code     8  stm32f10x_rcc.o(.text)
    RCC_LSEConfig                            0x08000731   Thumb Code    36  stm32f10x_rcc.o(.text)
    RCC_LSICmd                               0x08000755   Thumb Code     6  stm32f10x_rcc.o(.text)
    RCC_RTCCLKConfig                         0x0800075b   Thumb Code    10  stm32f10x_rcc.o(.text)
    RCC_RTCCLKCmd                            0x08000765   Thumb Code     8  stm32f10x_rcc.o(.text)
    RCC_GetClocksFreq                        0x0800076d   Thumb Code   198  stm32f10x_rcc.o(.text)
    RCC_AHBPeriphClockCmd                    0x08000833   Thumb Code    22  stm32f10x_rcc.o(.text)
    RCC_APB2PeriphClockCmd                   0x08000849   Thumb Code    22  stm32f10x_rcc.o(.text)
    RCC_APB1PeriphClockCmd                   0x0800085f   Thumb Code    22  stm32f10x_rcc.o(.text)
    RCC_AHBPeriphResetCmd                    0x08000875   Thumb Code    22  stm32f10x_rcc.o(.text)
    RCC_APB2PeriphResetCmd                   0x0800088b   Thumb Code    22  stm32f10x_rcc.o(.text)
    RCC_APB1PeriphResetCmd                   0x080008a1   Thumb Code    22  stm32f10x_rcc.o(.text)
    RCC_BackupResetCmd                       0x080008b7   Thumb Code     8  stm32f10x_rcc.o(.text)
    RCC_ClockSecuritySystemCmd               0x080008bf   Thumb Code     6  stm32f10x_rcc.o(.text)
    RCC_MCOConfig                            0x080008c5   Thumb Code     6  stm32f10x_rcc.o(.text)
    RCC_ClearFlag                            0x080008cb   Thumb Code    12  stm32f10x_rcc.o(.text)
    RCC_GetITStatus                          0x080008d7   Thumb Code    16  stm32f10x_rcc.o(.text)
    RCC_ClearITPendingBit                    0x080008e7   Thumb Code     6  stm32f10x_rcc.o(.text)
    I2C_WriteDeviceRegister                  0x08000949   Thumb Code   224  stm3210c_eval_ioe.o(.text)
    I2C_ReadDeviceRegister                   0x08000a29   Thumb Code   328  stm3210c_eval_ioe.o(.text)
    IOE_TempSens_Config                      0x08000b71   Thumb Code    62  stm3210c_eval_ioe.o(.text)
    IOE_IOEdgeConfig                         0x08000baf   Thumb Code    72  stm3210c_eval_ioe.o(.text)
    IOE_IOAFConfig                           0x08000bf7   Thumb Code    40  stm3210c_eval_ioe.o(.text)
    IOE_IOPinConfig                          0x08000c1f   Thumb Code    40  stm3210c_eval_ioe.o(.text)
    IOE_WriteIOPin                           0x08000c47   Thumb Code    50  stm3210c_eval_ioe.o(.text)
    IOE_FnctCmd                              0x08000c79   Thumb Code    40  stm3210c_eval_ioe.o(.text)
    IOE_TS_Config                            0x08000cbd   Thumb Code   208  stm3210c_eval_ioe.o(.text)
    IOE_Reset                                0x08000d8d   Thumb Code    34  stm3210c_eval_ioe.o(.text)
    IOE_ReadID                               0x08000daf   Thumb Code    32  stm3210c_eval_ioe.o(.text)
    IOE_IsOperational                        0x08000dcf   Thumb Code    34  stm3210c_eval_ioe.o(.text)
    IOE_Config                               0x08000e51   Thumb Code   198  stm3210c_eval_ioe.o(.text)
    IOE_GITConfig                            0x08000f75   Thumb Code    40  stm3210c_eval_ioe.o(.text)
    IOE_GITCmd                               0x08000f9d   Thumb Code    34  stm3210c_eval_ioe.o(.text)
    IOE_IOITConfig                           0x08000fbf   Thumb Code    40  stm3210c_eval_ioe.o(.text)
    IOE_ITOutConfig                          0x08000fe7   Thumb Code    60  stm3210c_eval_ioe.o(.text)
    IOE_ITConfig                             0x08001023   Thumb Code   166  stm3210c_eval_ioe.o(.text)
    IOE_ReadIOPin                            0x080010c9   Thumb Code    44  stm3210c_eval_ioe.o(.text)
    IOE_JoyStickGetState                     0x080010f5   Thumb Code    74  stm3210c_eval_ioe.o(.text)
    I2C_ReadDataBuffer                       0x0800113f   Thumb Code   354  stm3210c_eval_ioe.o(.text)
    IOE_TS_GetState                          0x080012ff   Thumb Code   106  stm3210c_eval_ioe.o(.text)
    IOE_TempSens_GetData                     0x08001369   Thumb Code    78  stm3210c_eval_ioe.o(.text)
    IOE_GetGITStatus                         0x080013b7   Thumb Code    32  stm3210c_eval_ioe.o(.text)
    IOE_ClearGITPending                      0x080013d7   Thumb Code    14  stm3210c_eval_ioe.o(.text)
    IOE_GetIOITStatus                        0x080013e5   Thumb Code    22  stm3210c_eval_ioe.o(.text)
    IOE_ClearIOITPending                     0x080013fb   Thumb Code    46  stm3210c_eval_ioe.o(.text)
    I2C_DeInit                               0x08001435   Thumb Code    52  stm32f10x_i2c.o(.text)
    I2C_Init                                 0x08001469   Thumb Code   182  stm32f10x_i2c.o(.text)
    I2C_StructInit                           0x0800151f   Thumb Code    28  stm32f10x_i2c.o(.text)
    I2C_Cmd                                  0x0800153b   Thumb Code    24  stm32f10x_i2c.o(.text)
    I2C_DMACmd                               0x08001553   Thumb Code    24  stm32f10x_i2c.o(.text)
    I2C_DMALastTransferCmd                   0x0800156b   Thumb Code    24  stm32f10x_i2c.o(.text)
    I2C_GenerateSTART                        0x08001583   Thumb Code    24  stm32f10x_i2c.o(.text)
    I2C_GenerateSTOP                         0x0800159b   Thumb Code    24  stm32f10x_i2c.o(.text)
    I2C_AcknowledgeConfig                    0x080015b3   Thumb Code    24  stm32f10x_i2c.o(.text)
    I2C_OwnAddress2Config                    0x080015cb   Thumb Code    16  stm32f10x_i2c.o(.text)
    I2C_DualAddressCmd                       0x080015db   Thumb Code    24  stm32f10x_i2c.o(.text)
    I2C_GeneralCallCmd                       0x080015f3   Thumb Code    24  stm32f10x_i2c.o(.text)
    I2C_ITConfig                             0x0800160b   Thumb Code    20  stm32f10x_i2c.o(.text)
    I2C_SendData                             0x0800161f   Thumb Code     4  stm32f10x_i2c.o(.text)
    I2C_ReceiveData                          0x08001623   Thumb Code     6  stm32f10x_i2c.o(.text)
    I2C_Send7bitAddress                      0x08001629   Thumb Code    18  stm32f10x_i2c.o(.text)
    I2C_ReadRegister                         0x0800163b   Thumb Code    16  stm32f10x_i2c.o(.text)
    I2C_SoftwareResetCmd                     0x0800164b   Thumb Code    24  stm32f10x_i2c.o(.text)
    I2C_SMBusAlertConfig                     0x08001663   Thumb Code    26  stm32f10x_i2c.o(.text)
    I2C_TransmitPEC                          0x0800167d   Thumb Code    24  stm32f10x_i2c.o(.text)
    I2C_PECPositionConfig                    0x08001695   Thumb Code    26  stm32f10x_i2c.o(.text)
    I2C_CalculatePEC                         0x080016af   Thumb Code    24  stm32f10x_i2c.o(.text)
    I2C_GetPEC                               0x080016c7   Thumb Code     6  stm32f10x_i2c.o(.text)
    I2C_ARPCmd                               0x080016cd   Thumb Code    24  stm32f10x_i2c.o(.text)
    I2C_StretchClockCmd                      0x080016e5   Thumb Code    24  stm32f10x_i2c.o(.text)
    I2C_FastModeDutyCycleConfig              0x080016fd   Thumb Code    26  stm32f10x_i2c.o(.text)
    I2C_GetLastEvent                         0x08001717   Thumb Code    14  stm32f10x_i2c.o(.text)
    I2C_CheckEvent                           0x08001725   Thumb Code    24  stm32f10x_i2c.o(.text)
    I2C_GetFlagStatus                        0x0800173d   Thumb Code    50  stm32f10x_i2c.o(.text)
    I2C_ClearFlag                            0x0800176f   Thumb Code     6  stm32f10x_i2c.o(.text)
    I2C_GetITStatus                          0x08001775   Thumb Code    34  stm32f10x_i2c.o(.text)
    I2C_ClearITPendingBit                    0x08001797   Thumb Code     6  stm32f10x_i2c.o(.text)
    EXTI_DeInit                              0x080017a9   Thumb Code    28  stm32f10x_exti.o(.text)
    EXTI_Init                                0x080017c5   Thumb Code   110  stm32f10x_exti.o(.text)
    EXTI_StructInit                          0x08001833   Thumb Code    14  stm32f10x_exti.o(.text)
    EXTI_GenerateSWInterrupt                 0x08001841   Thumb Code    12  stm32f10x_exti.o(.text)
    EXTI_GetFlagStatus                       0x0800184d   Thumb Code    18  stm32f10x_exti.o(.text)
    EXTI_ClearFlag                           0x0800185f   Thumb Code     8  stm32f10x_exti.o(.text)
    EXTI_GetITStatus                         0x08001867   Thumb Code    28  stm32f10x_exti.o(.text)
    EXTI_ClearITPendingBit                   0x08001883   Thumb Code     8  stm32f10x_exti.o(.text)
    NVIC_PriorityGroupConfig                 0x08001895   Thumb Code    10  misc.o(.text)
    NVIC_Init                                0x0800189f   Thumb Code    96  misc.o(.text)
    NVIC_SetVectorTable                      0x080018ff   Thumb Code    14  misc.o(.text)
    NVIC_SystemLPConfig                      0x0800190d   Thumb Code    24  misc.o(.text)
    SysTick_CLKSourceConfig                  0x08001925   Thumb Code    28  misc.o(.text)
    GLCD_init                                0x0800198d   Thumb Code   608  glcd.o(.text)
    GLCD_putPixel                            0x08001bed   Thumb Code    38  glcd.o(.text)
    GLCD_drawLine                            0x08001c13   Thumb Code    94  glcd.o(.text)
    GLCD_drawRect                            0x08001c71   Thumb Code    66  glcd.o(.text)
    GLCD_fillRect                            0x08001cb3   Thumb Code    40  glcd.o(.text)
    GLCD_setTextColor                        0x08001cdb   Thumb Code     6  glcd.o(.text)
    GLCD_setBackColor                        0x08001ce1   Thumb Code     6  glcd.o(.text)
    GLCD_clear                               0x08001ce7   Thumb Code    46  glcd.o(.text)
    GLCD_drawChar                            0x08001d15   Thumb Code   138  glcd.o(.text)
    GLCD_displayChar                         0x08001d9f   Thumb Code    16  glcd.o(.text)
    GLCD_displayStringLn                     0x08001daf   Thumb Code    42  glcd.o(.text)
    GLCD_clearLn                             0x08001dd9   Thumb Code     4  glcd.o(.text)
    GLCD_bitmap                              0x08001ddd   Thumb Code   104  glcd.o(.text)
    prvSetupHardware                         0x08001ed5   Thumb Code   244  setup.o(.text)
    LED_out                                  0x08001fc9   Thumb Code    66  setup.o(.text)
    assert_failed                            0x0800200b   Thumb Code    10  setup.o(.text)
    up                                       0x08002065   Thumb Code    18  main.o(.text)
    down                                     0x08002077   Thumb Code    18  main.o(.text)
    left                                     0x08002089   Thumb Code    20  main.o(.text)
    right                                    0x0800209d   Thumb Code    18  main.o(.text)
    getX                                     0x080020af   Thumb Code     8  main.o(.text)
    getY                                     0x080020b7   Thumb Code    12  main.o(.text)
    setX                                     0x080020c3   Thumb Code    22  main.o(.text)
    setY                                     0x080020d9   Thumb Code    22  main.o(.text)
    setXY                                    0x080020ef   Thumb Code    14  main.o(.text)
    getContent                               0x080020fd   Thumb Code    32  main.o(.text)
    setContent                               0x0800211d   Thumb Code    34  main.o(.text)
    getHeadward                              0x0800213f   Thumb Code    32  main.o(.text)
    setHeadward                              0x0800215f   Thumb Code    16  main.o(.text)
    setHeadwardCoord                         0x0800216f   Thumb Code    34  main.o(.text)
    getTailward                              0x08002191   Thumb Code    32  main.o(.text)
    setTailward                              0x080021b1   Thumb Code    16  main.o(.text)
    setTailwardCoord                         0x080021c1   Thumb Code    34  main.o(.text)
    printCharXY                              0x080021e3   Thumb Code    64  main.o(.text)
    updateScreen                             0x08002223   Thumb Code    36  main.o(.text)
    clearScreen                              0x0800224b   Thumb Code    46  main.o(.text)
    exitGame                                 0x080022a7   Thumb Code    78  main.o(.text)
    printBoardPos                            0x080022f5   Thumb Code   304  main.o(.text)
    printSnake                               0x08002425   Thumb Code   308  main.o(.text)
    printBoard                               0x08002559   Thumb Code    36  main.o(.text)
    generateApple                            0x0800257d   Thumb Code   100  main.o(.text)
    initiate                                 0x080025e1   Thumb Code   218  main.o(.text)
    tick                                     0x08002729   Thumb Code   310  main.o(.text)
    fputc                                    0x0800285f   Thumb Code    24  main.o(.text)
    test                                     0x08002877   Thumb Code    30  main.o(.text)
    wait                                     0x08002895   Thumb Code    10  main.o(.text)
    autoMoveTask                             0x0800289f   Thumb Code    26  main.o(.text)
    Joy_stick                                0x080028b9   Thumb Code   102  main.o(.text)
    main                                     0x0800291f   Thumb Code   202  main.o(.text)
    pvPortMalloc                             0x08002a09   Thumb Code   172  heap_2.o(.text)
    vPortFree                                0x08002ab5   Thumb Code    58  heap_2.o(.text)
    xPortGetFreeHeapSize                     0x08002aef   Thumb Code     6  heap_2.o(.text)
    vPortInitialiseBlocks                    0x08002af5   Thumb Code     2  heap_2.o(.text)
    vListInitialise                          0x08002b01   Thumb Code    22  list.o(.text)
    vListInitialiseItem                      0x08002b17   Thumb Code     6  list.o(.text)
    vListInsertEnd                           0x08002b1d   Thumb Code    28  list.o(.text)
    vListInsert                              0x08002b39   Thumb Code    48  list.o(.text)
    vListRemove                              0x08002b69   Thumb Code    36  list.o(.text)
    pxPortInitialiseStack                    0x08002b8d   Thumb Code    20  port.o(.text)
    xPortStartScheduler                      0x08002baf   Thumb Code    38  port.o(.text)
    vPortEndScheduler                        0x08002bd5   Thumb Code     2  port.o(.text)
    vPortYieldFromISR                        0x08002bd7   Thumb Code    12  port.o(.text)
    vPortEnterCritical                       0x08002be3   Thumb Code    16  port.o(.text)
    vPortExitCritical                        0x08002bf3   Thumb Code    18  port.o(.text)
    xPortSysTickHandler                      0x08002c05   Thumb Code    28  port.o(.text)
    xQueueCreate                             0x08002c2d   Thumb Code    96  queue.o(.text)
    xQueueGenericSend                        0x08002d6b   Thumb Code   200  queue.o(.text)
    xQueueCreateMutex                        0x08002e33   Thumb Code    68  queue.o(.text)
    xQueueGenericSendFromISR                 0x08002e77   Thumb Code    82  queue.o(.text)
    xQueueGenericReceive                     0x08002f0b   Thumb Code   260  queue.o(.text)
    xQueueReceiveFromISR                     0x0800300f   Thumb Code    78  queue.o(.text)
    uxQueueMessagesWaiting                   0x0800305d   Thumb Code    18  queue.o(.text)
    uxQueueMessagesWaitingFromISR            0x0800306f   Thumb Code     4  queue.o(.text)
    vQueueDelete                             0x08003073   Thumb Code    20  queue.o(.text)
    xQueueIsQueueEmptyFromISR                0x08003087   Thumb Code    14  queue.o(.text)
    xQueueIsQueueFullFromISR                 0x08003095   Thumb Code    16  queue.o(.text)
    xTaskGenericCreate                       0x08003165   Thumb Code   206  tasks.o(.text)
    vTaskDelete                              0x08003233   Thumb Code    90  tasks.o(.text)
    vTaskIncrementTick                       0x0800328d   Thumb Code   118  tasks.o(.text)
    xTaskResumeAll                           0x08003303   Thumb Code   166  tasks.o(.text)
    vTaskSuspendAll                          0x080033a9   Thumb Code    10  tasks.o(.text)
    vTaskDelayUntil                          0x080033b3   Thumb Code   112  tasks.o(.text)
    vTaskDelay                               0x08003423   Thumb Code    78  tasks.o(.text)
    uxTaskPriorityGet                        0x08003471   Thumb Code    32  tasks.o(.text)
    vTaskPrioritySet                         0x08003491   Thumb Code   146  tasks.o(.text)
    vTaskSwitchContext                       0x08003523   Thumb Code    74  tasks.o(.text)
    vTaskSuspend                             0x0800356d   Thumb Code    92  tasks.o(.text)
    xTaskIsTaskSuspended                     0x080035c9   Thumb Code    30  tasks.o(.text)
    vTaskResume                              0x080035e7   Thumb Code    86  tasks.o(.text)
    xTaskResumeFromISR                       0x0800363d   Thumb Code    88  tasks.o(.text)
    vTaskStartScheduler                      0x0800370f   Thumb Code    50  tasks.o(.text)
    vTaskEndScheduler                        0x08003741   Thumb Code    20  tasks.o(.text)
    xTaskGetTickCount                        0x08003755   Thumb Code    18  tasks.o(.text)
    xTaskGetTickCountFromISR                 0x08003767   Thumb Code     6  tasks.o(.text)
    uxTaskGetNumberOfTasks                   0x0800376d   Thumb Code     6  tasks.o(.text)
    vTaskPlaceOnEventList                    0x08003773   Thumb Code    84  tasks.o(.text)
    xTaskRemoveFromEventList                 0x080037c7   Thumb Code    94  tasks.o(.text)
    vTaskSetTimeOutState                     0x08003825   Thumb Code    12  tasks.o(.text)
    xTaskCheckForTimeOut                     0x08003831   Thumb Code    80  tasks.o(.text)
    vTaskMissedYield                         0x08003881   Thumb Code     8  tasks.o(.text)
    xTaskGetCurrentTaskHandle                0x08003889   Thumb Code     6  tasks.o(.text)
    vTaskPriorityInherit                     0x0800388f   Thumb Code   114  tasks.o(.text)
    vTaskPriorityDisinherit                  0x08003901   Thumb Code    66  tasks.o(.text)
    rand                                     0x0800394d   Thumb Code    20  rand.o(.text)
    srand                                    0x08003961   Thumb Code     6  rand.o(.text)
    __aeabi_memcpy                           0x08003971   Thumb Code    36  memcpya.o(.text)
    __aeabi_memcpy4                          0x08003971   Thumb Code     0  memcpya.o(.text)
    __aeabi_memcpy8                          0x08003971   Thumb Code     0  memcpya.o(.text)
    __aeabi_memset                           0x08003995   Thumb Code    14  memseta.o(.text)
    __aeabi_memset4                          0x08003995   Thumb Code     0  memseta.o(.text)
    __aeabi_memset8                          0x08003995   Thumb Code     0  memseta.o(.text)
    __aeabi_memclr                           0x080039a3   Thumb Code     4  memseta.o(.text)
    __aeabi_memclr4                          0x080039a3   Thumb Code     0  memseta.o(.text)
    __aeabi_memclr8                          0x080039a3   Thumb Code     0  memseta.o(.text)
    _memset$wrapper                          0x080039a7   Thumb Code    18  memseta.o(.text)
    strncpy                                  0x080039b9   Thumb Code    24  strncpy.o(.text)
    __aeabi_dmul                             0x080039d1   Thumb Code   228  dmul.o(.text)
    __aeabi_i2d                              0x08003ab5   Thumb Code    34  dflti.o(.text)
    __aeabi_d2uiz                            0x08003ad7   Thumb Code    50  dfixui.o(.text)
    __aeabi_uidiv                            0x08003b09   Thumb Code     0  uidiv.o(.text)
    __aeabi_uidivmod                         0x08003b09   Thumb Code    44  uidiv.o(.text)
    __aeabi_llsr                             0x08003b35   Thumb Code    32  llushr.o(.text)
    _ll_ushift_r                             0x08003b35   Thumb Code     0  llushr.o(.text)
    __I$use$fp                               0x08003b55   Thumb Code     0  iusefp.o(.text)
    _double_round                            0x08003b55   Thumb Code    30  depilogue.o(.text)
    _double_epilogue                         0x08003b73   Thumb Code   156  depilogue.o(.text)
    __scatterload                            0x08003c11   Thumb Code    28  init.o(.text)
    __scatterload_rt2                        0x08003c11   Thumb Code     0  init.o(.text)
    __aeabi_llsl                             0x08003c35   Thumb Code    30  llshl.o(.text)
    _ll_shift_l                              0x08003c35   Thumb Code     0  llshl.o(.text)
    __decompress                             0x08003c53   Thumb Code     0  __dclz77c.o(.text)
    __decompress2                            0x08003c53   Thumb Code    94  __dclz77c.o(.text)
    __0printf$6                              0x08003cb1   Thumb Code    22  printf6.o(i.__0printf$6)
    __1printf$6                              0x08003cb1   Thumb Code     0  printf6.o(i.__0printf$6)
    __2printf                                0x08003cb1   Thumb Code     0  printf6.o(i.__0printf$6)
    __scatterload_copy                       0x08003cd1   Thumb Code    14  handlers.o(i.__scatterload_copy)
    __scatterload_null                       0x08003cdf   Thumb Code     2  handlers.o(i.__scatterload_null)
    __scatterload_zeroinit                   0x08003ce1   Thumb Code    14  handlers.o(i.__scatterload_zeroinit)
    Region$$Table$$Base                      0x08004034   Number         0  anon$$obj.o(Region$$Table)
    Region$$Table$$Limit                     0x08004054   Number         0  anon$$obj.o(Region$$Table)
    SystemFrequency                          0x20000000   Data           4  system_stm32f10x_cl.o(.data)
    SystemFrequency_SysClk                   0x20000004   Data           4  system_stm32f10x_cl.o(.data)
    SystemFrequency_AHBClk                   0x20000008   Data           4  system_stm32f10x_cl.o(.data)
    SystemFrequency_APB1Clk                  0x2000000c   Data           4  system_stm32f10x_cl.o(.data)
    SystemFrequency_APB2Clk                  0x20000010   Data           4  system_stm32f10x_cl.o(.data)
    TimeOut                                  0x20000028   Data           4  stm3210c_eval_ioe.o(.data)
    TS_State                                 0x20000038   Data           8  stm3210c_eval_ioe.o(.data)
    ASCII_Table                              0x20000046   Data        5376  glcd.o(.data)
    dir_x                                    0x20001548   Data           4  main.o(.data)
    dir_y                                    0x2000154c   Data           4  main.o(.data)
    WAIT                                     0x20001550   Data           4  main.o(.data)
    head                                     0x20001554   Data           4  main.o(.data)
    tail                                     0x20001558   Data           4  main.o(.data)
    apple                                    0x2000155c   Data           4  main.o(.data)
    length                                   0x20001560   Data           4  main.o(.data)
    STAT                                     0x20001564   Data           4  main.o(.data)
    lcdLock                                  0x20001568   Data           4  main.o(.data)
    printQueue                               0x2000156c   Data           4  main.o(.data)
    pxCurrentTCB                             0x2000158c   Data           4  tasks.o(.data)
    __stdout                                 0x200015c8   Data           4  stdout.o(.data)
    content                                  0x200015cc   Data         800  main.o(.bss)
    headward                                 0x200018ec   Data         800  main.o(.bss)
    tailward                                 0x20001c0c   Data         800  main.o(.bss)
    __initial_sp                             0x2000fdf8   Data           0  stm32f10x.o(STACK)



==============================================================================

Memory Map of the image

  Image Entry point : 0x08000189

  Load Region LR_1 (Base: 0x08000000, Size: 0x00005620, Max: 0xffffffff, ABSOLUTE, COMPRESSED[0x00004810])

    Execution Region ER_RO (Base: 0x08000000, Size: 0x00004054, Max: 0xffffffff, ABSOLUTE)

    Base Addr    Size         Type   Attr      Idx    E Section Name        Object

    0x08000000   0x000000ec   Data   RO            3    RESET               stm32f10x.o
    0x080000ec   0x00000000   Code   RO          364  * .ARM.Collect$$$$00000000  mc_w.l(entry.o)
    0x080000ec   0x00000004   Code   RO          645    .ARM.Collect$$$$00000001  mc_w.l(entry2.o)
    0x080000f0   0x00000004   Code   RO          648    .ARM.Collect$$$$00000004  mc_w.l(entry5.o)
    0x080000f4   0x00000000   Code   RO          650    .ARM.Collect$$$$00000008  mc_w.l(entry7b.o)
    0x080000f4   0x00000000   Code   RO          652    .ARM.Collect$$$$0000000A  mc_w.l(entry8b.o)
    0x080000f4   0x00000008   Code   RO          653    .ARM.Collect$$$$0000000B  mc_w.l(entry9a.o)
    0x080000fc   0x00000000   Code   RO          655    .ARM.Collect$$$$0000000D  mc_w.l(entry10a.o)
    0x080000fc   0x00000000   Code   RO          657    .ARM.Collect$$$$0000000F  mc_w.l(entry11a.o)
    0x080000fc   0x00000004   Code   RO          646    .ARM.Collect$$$$00002712  mc_w.l(entry2.o)
    0x08000100   0x00000088   Code   RO          306    .emb_text           port.o
    0x08000188   0x0000001c   Code   RO            4  * .text               stm32f10x.o
    0x080001a4   0x00000148   Code   RO           10    .text               system_stm32f10x_cl.o
    0x080002ec   0x00000288   Code   RO           39    .text               stm32f10x_gpio.o
    0x08000574   0x000003a4   Code   RO           60    .text               stm32f10x_rcc.o
    0x08000918   0x00000b1c   Code   RO           77    .text               stm3210c_eval_ioe.o
    0x08001434   0x00000374   Code   RO          137    .text               stm32f10x_i2c.o
    0x080017a8   0x000000ec   Code   RO          152    .text               stm32f10x_exti.o
    0x08001894   0x000000b8   Code   RO          167    .text               misc.o
    0x0800194c   0x00000588   Code   RO          182    .text               glcd.o
    0x08001ed4   0x00000190   Code   RO          218    .text               setup.o
    0x08002064   0x000009a4   Code   RO          241    .text               main.o
    0x08002a08   0x000000f8   Code   RO          273    .text               heap_2.o
    0x08002b00   0x0000008c   Code   RO          294    .text               list.o
    0x08002b8c   0x000000a0   Code   RO          307    .text               port.o
    0x08002c2c   0x00000478   Code   RO          324    .text               queue.o
    0x080030a4   0x000008a8   Code   RO          342    .text               tasks.o
    0x0800394c   0x00000024   Code   RO          367    .text               mc_w.l(rand.o)
    0x08003970   0x00000024   Code   RO          370    .text               mc_w.l(memcpya.o)
    0x08003994   0x00000024   Code   RO          372    .text               mc_w.l(memseta.o)
    0x080039b8   0x00000018   Code   RO          374    .text               mc_w.l(strncpy.o)
    0x080039d0   0x000000e4   Code   RO          639    .text               mf_w.l(dmul.o)
    0x08003ab4   0x00000022   Code   RO          641    .text               mf_w.l(dflti.o)
    0x08003ad6   0x00000032   Code   RO          643    .text               mf_w.l(dfixui.o)
    0x08003b08   0x0000002c   Code   RO          660    .text               mc_w.l(uidiv.o)
    0x08003b34   0x00000020   Code   RO          664    .text               mc_w.l(llushr.o)
    0x08003b54   0x00000000   Code   RO          666    .text               mc_w.l(iusefp.o)
    0x08003b54   0x000000ba   Code   RO          667    .text               mf_w.l(depilogue.o)
    0x08003c0e   0x00000002   PAD
    0x08003c10   0x00000024   Code   RO          677    .text               mc_w.l(init.o)
    0x08003c34   0x0000001e   Code   RO          679    .text               mc_w.l(llshl.o)
    0x08003c52   0x0000005e   Code   RO          691    .text               mc_w.l(__dclz77c.o)
    0x08003cb0   0x00000020   Code   RO          533    i.__0printf$6       mc_w.l(printf6.o)
    0x08003cd0   0x0000000e   Code   RO          685    i.__scatterload_copy  mc_w.l(handlers.o)
    0x08003cde   0x00000002   Code   RO          686    i.__scatterload_null  mc_w.l(handlers.o)
    0x08003ce0   0x0000000e   Code   RO          687    i.__scatterload_zeroinit  mc_w.l(handlers.o)
    0x08003cee   0x00000002   PAD
    0x08003cf0   0x000002f0   Code   RO          540    i._printf_core      mc_w.l(printf6.o)
    0x08003fe0   0x00000024   Code   RO          541    i._printf_post_padding  mc_w.l(printf6.o)
    0x08004004   0x0000002e   Code   RO          542    i._printf_pre_padding  mc_w.l(printf6.o)
    0x08004032   0x00000002   PAD
    0x08004034   0x00000020   Data   RO          683    Region$$Table       anon$$obj.o


    Execution Region ER_RW (Base: 0x20000000, Size: 0x000015cc, Max: 0xffffffff, ABSOLUTE, COMPRESSED[0x000007bc])

    Base Addr    Size         Type   Attr      Idx    E Section Name        Object

    0x20000000   0x00000014   Data   RW           11    .data               system_stm32f10x_cl.o
    0x20000014   0x00000014   Data   RW           61    .data               stm32f10x_rcc.o
    0x20000028   0x00000018   Data   RW           78    .data               stm3210c_eval_ioe.o
    0x20000040   0x00001506   Data   RW          183    .data               glcd.o
    0x20001546   0x00000002   PAD
    0x20001548   0x00000028   Data   RW          244    .data               main.o
    0x20001570   0x00000018   Data   RW          275    .data               heap_2.o
    0x20001588   0x00000004   Data   RW          308    .data               port.o
    0x2000158c   0x00000038   Data   RW          344    .data               tasks.o
    0x200015c4   0x00000004   Data   RW          368    .data               mc_w.l(rand.o)
    0x200015c8   0x00000004   Data   RW          659    .data               mc_w.l(stdout.o)


    Execution Region ER_ZI (Base: 0x200015cc, Size: 0x0000e82c, Max: 0xffffffff, ABSOLUTE)

    Base Addr    Size         Type   Attr      Idx    E Section Name        Object

    0x200015cc   0x00000960   Zero   RW          242    .bss                main.o
    0x20001f2c   0x00000004   PAD
    0x20001f30   0x0000dc00   Zero   RW          274    .bss                heap_2.o
    0x2000fb30   0x000000c8   Zero   RW          343    .bss                tasks.o
    0x2000fbf8   0x00000200   Zero   RW            1    STACK               stm32f10x.o


==============================================================================

Image component sizes


      Code (inc. data)   RO Data    RW Data    ZI Data      Debug   Object Name

      1416         70          0       5382          0       6614   glcd.o
       248         10          0         24      56320       5048   heap_2.o
       140          0          0          0          0       1881   list.o
      2468        374          0         40       2400      12610   main.o
       184         12          0          0          0       3741   misc.o
       296         24          0          4          0       2577   port.o
      1144          0          0          0          0       7759   queue.o
       400         80          0          0          0       2701   setup.o
      2844         48          0         24          0      40631   stm3210c_eval_ioe.o
        28          4        236          0        512        848   stm32f10x.o
       236         10          0          0          0       4735   stm32f10x_exti.o
       648         36          0          0          0      26501   stm32f10x_gpio.o
       884         12          0          0          0      17516   stm32f10x_i2c.o
       932         44          0         20          0      24842   stm32f10x_rcc.o
       328         40          0         20          0     222661   system_stm32f10x_cl.o
      2216         40          0         56        200      13257   tasks.o

    ----------------------------------------------------------------------
     14412        804        268       5572      59436     393922   Object Totals
         0          0         32          0          0          0   (incl. Generated)
         0          0          0          2          4          0   (incl. Padding)

    ----------------------------------------------------------------------

      Code (inc. data)   RO Data    RW Data    ZI Data      Debug   Library Member Name

        94          0          0          0          0          0   __dclz77c.o
         0          0          0          0          0          0   entry.o
         0          0          0          0          0          0   entry10a.o
         0          0          0          0          0          0   entry11a.o
         8          4          0          0          0          0   entry2.o
         4          0          0          0          0          0   entry5.o
         0          0          0          0          0          0   entry7b.o
         0          0          0          0          0          0   entry8b.o
         8          4          0          0          0          0   entry9a.o
        30          0          0          0          0          0   handlers.o
        36          8          0          0          0         68   init.o
         0          0          0          0          0          0   iusefp.o
        30          0          0          0          0         68   llshl.o
        32          0          0          0          0         68   llushr.o
        36          0          0          0          0         68   memcpya.o
        36          0          0          0          0        108   memseta.o
       866         14          0          0          0        352   printf6.o
        36         10          0          4          0        136   rand.o
         0          0          0          4          0          0   stdout.o
        24          0          0          0          0         76   strncpy.o
        44          0          0          0          0         80   uidiv.o
       186          0          0          0          0        176   depilogue.o
        50          0          0          0          0         76   dfixui.o
        34          0          0          0          0         76   dflti.o
       228          0          0          0          0         96   dmul.o

    ----------------------------------------------------------------------
      1788         40          0          8          0       1448   Library Totals
         6          0          0          0          0          0   (incl. Padding)

    ----------------------------------------------------------------------

      Code (inc. data)   RO Data    RW Data    ZI Data      Debug   Library Name

      1284         40          0          8          0       1024   mc_w.l
       498          0          0          0          0        424   mf_w.l

    ----------------------------------------------------------------------
      1788         40          0          8          0       1448   Library Totals

    ----------------------------------------------------------------------

==============================================================================


      Code (inc. data)   RO Data    RW Data    ZI Data      Debug   

     16200        844        268       5580      59436     392846   Grand Totals
     16200        844        268       1980      59436     392846   ELF Image Totals (compressed)
     16200        844        268       1980          0          0   ROM Totals

==============================================================================

    Total RO  Size (Code + RO Data)                16468 (  16.08kB)
    Total RW  Size (RW Data + ZI Data)             65016 (  63.49kB)
    Total ROM Size (Code + RO Data + RW Data)      18448 (  18.02kB)

==============================================================================

